Archive member included because of file (symbol)

C:/Freescale/KSDK_1.2.0/lib/ksdk_platform_lib/kds/KL26Z4/debug/libksdk_platform.a(fsl_uart_hal.o)
                              ./Utilities/fsl_debug_console.o (UART_HAL_SetBaudRate)
C:/Freescale/KSDK_1.2.0/lib/ksdk_platform_lib/kds/KL26Z4/debug/libksdk_platform.a(fsl_lpsci_hal.o)
                              ./Utilities/fsl_debug_console.o (LPSCI_HAL_SetBaudRate)
C:/Freescale/KSDK_1.2.0/lib/ksdk_platform_lib/kds/KL26Z4/debug/libksdk_platform.a(fsl_i2c_master_driver.o)
                              ./Sources/main.o (I2C_DRV_MasterInit)
C:/Freescale/KSDK_1.2.0/lib/ksdk_platform_lib/kds/KL26Z4/debug/libksdk_platform.a(fsl_i2c_common.o)
                              C:/Freescale/KSDK_1.2.0/lib/ksdk_platform_lib/kds/KL26Z4/debug/libksdk_platform.a(fsl_i2c_master_driver.o) (g_i2cIrqId)
C:/Freescale/KSDK_1.2.0/lib/ksdk_platform_lib/kds/KL26Z4/debug/libksdk_platform.a(fsl_i2c_shared_function.o)
                              ./Sources/fsl_i2c_irq.o (I2C_DRV_IRQHandler)
C:/Freescale/KSDK_1.2.0/lib/ksdk_platform_lib/kds/KL26Z4/debug/libksdk_platform.a(fsl_clock_MKL26Z4.o)
                              ./Board/board.o (CLOCK_SYS_SetConfiguration)
C:/Freescale/KSDK_1.2.0/lib/ksdk_platform_lib/kds/KL26Z4/debug/libksdk_platform.a(fsl_clock_manager.o)
                              C:/Freescale/KSDK_1.2.0/lib/ksdk_platform_lib/kds/KL26Z4/debug/libksdk_platform.a(fsl_clock_MKL26Z4.o) (CLOCK_SYS_GetSystickFreq)
C:/Freescale/KSDK_1.2.0/lib/ksdk_platform_lib/kds/KL26Z4/debug/libksdk_platform.a(fsl_clock_manager_common.o)
                              C:/Freescale/KSDK_1.2.0/lib/ksdk_platform_lib/kds/KL26Z4/debug/libksdk_platform.a(fsl_clock_MKL26Z4.o) (g_oscBase)
C:/Freescale/KSDK_1.2.0/lib/ksdk_platform_lib/kds/KL26Z4/debug/libksdk_platform.a(fsl_os_abstraction_bm.o)
                              C:/Freescale/KSDK_1.2.0/lib/ksdk_platform_lib/kds/KL26Z4/debug/libksdk_platform.a(fsl_i2c_master_driver.o) (OSA_SemaCreate)
C:/Freescale/KSDK_1.2.0/lib/ksdk_platform_lib/kds/KL26Z4/debug/libksdk_platform.a(fsl_sim_hal_MKL26Z4.o)
                              C:/Freescale/KSDK_1.2.0/lib/ksdk_platform_lib/kds/KL26Z4/debug/libksdk_platform.a(fsl_clock_MKL26Z4.o) (CLOCK_HAL_SetOutDiv)
C:/Freescale/KSDK_1.2.0/lib/ksdk_platform_lib/kds/KL26Z4/debug/libksdk_platform.a(fsl_rtc_common.o)
                              C:/Freescale/KSDK_1.2.0/lib/ksdk_platform_lib/kds/KL26Z4/debug/libksdk_platform.a(fsl_clock_manager.o) (g_rtcBase)
C:/Freescale/KSDK_1.2.0/lib/ksdk_platform_lib/kds/KL26Z4/debug/libksdk_platform.a(fsl_osc_hal.o)
                              C:/Freescale/KSDK_1.2.0/lib/ksdk_platform_lib/kds/KL26Z4/debug/libksdk_platform.a(fsl_clock_manager.o) (OSC_HAL_SetCapacitor)
C:/Freescale/KSDK_1.2.0/lib/ksdk_platform_lib/kds/KL26Z4/debug/libksdk_platform.a(fsl_mcg_hal.o)
                              C:/Freescale/KSDK_1.2.0/lib/ksdk_platform_lib/kds/KL26Z4/debug/libksdk_platform.a(fsl_clock_MKL26Z4.o) (CLOCK_HAL_GetFllClk)
C:/Freescale/KSDK_1.2.0/lib/ksdk_platform_lib/kds/KL26Z4/debug/libksdk_platform.a(fsl_mcg_hal_modes.o)
                              C:/Freescale/KSDK_1.2.0/lib/ksdk_platform_lib/kds/KL26Z4/debug/libksdk_platform.a(fsl_clock_manager.o) (CLOCK_HAL_GetMcgMode)
C:/Freescale/KSDK_1.2.0/lib/ksdk_platform_lib/kds/KL26Z4/debug/libksdk_platform.a(fsl_lptmr_hal.o)
                              C:/Freescale/KSDK_1.2.0/lib/ksdk_platform_lib/kds/KL26Z4/debug/libksdk_platform.a(fsl_os_abstraction_bm.o) (LPTMR_HAL_SetTimerWorkingMode)
C:/Freescale/KSDK_1.2.0/lib/ksdk_platform_lib/kds/KL26Z4/debug/libksdk_platform.a(fsl_interrupt_manager.o)
                              C:/Freescale/KSDK_1.2.0/lib/ksdk_platform_lib/kds/KL26Z4/debug/libksdk_platform.a(fsl_os_abstraction_bm.o) (INT_SYS_InstallHandler)
C:/Freescale/KSDK_1.2.0/lib/ksdk_platform_lib/kds/KL26Z4/debug/libksdk_platform.a(fsl_i2c_hal.o)
                              C:/Freescale/KSDK_1.2.0/lib/ksdk_platform_lib/kds/KL26Z4/debug/libksdk_platform.a(fsl_i2c_master_driver.o) (I2C_HAL_Init)
C:/Freescale/KSDK_1.2.0/lib/ksdk_platform_lib/kds/KL26Z4/debug/libksdk_platform.a(fsl_i2c_slave_driver.o)
                              C:/Freescale/KSDK_1.2.0/lib/ksdk_platform_lib/kds/KL26Z4/debug/libksdk_platform.a(fsl_i2c_shared_function.o) (I2C_DRV_SlaveIRQHandler)
c:/freescale/kds_3.0.0/toolchain/bin/../lib/gcc/arm-none-eabi/4.8.4/armv6-m\libgcc.a(_thumb1_case_uqi.o)
                              C:/Freescale/KSDK_1.2.0/lib/ksdk_platform_lib/kds/KL26Z4/debug/libksdk_platform.a(fsl_clock_MKL26Z4.o) (__gnu_thumb1_case_uqi)
c:/freescale/kds_3.0.0/toolchain/bin/../lib/gcc/arm-none-eabi/4.8.4/armv6-m\libgcc.a(_udivsi3.o)
                              ./Utilities/print_scan.o (__aeabi_uidiv)
c:/freescale/kds_3.0.0/toolchain/bin/../lib/gcc/arm-none-eabi/4.8.4/armv6-m\libgcc.a(_divsi3.o)
                              ./Utilities/print_scan.o (__aeabi_idiv)
[...]
Memory Configuration

Name             Origin             Length             Attributes
m_interrupts     0x00000000         0x00000100         xr
m_flash_config   0x00000400         0x00000010         xr
m_text           0x00000410         0x0001fbf0         xr
m_data           0x1ffff000         0x00004000         rw
*default*        0x00000000         0xffffffff

Linker script and memory map

LOAD c:/freescale/kds_3.0.0/toolchain/bin/../lib/gcc/arm-none-eabi/4.8.4/armv6-m/crti.o
LOAD c:/freescale/kds_3.0.0/toolchain/bin/../lib/gcc/arm-none-eabi/4.8.4/armv6-m/crtbegin.o
LOAD c:/freescale/kds_3.0.0/toolchain/bin/../lib/gcc/arm-none-eabi/4.8.4/../../../../arm-none-eabi/lib/armv6-m/crt0.o
LOAD ./Utilities/fsl_debug_console.o
LOAD ./Utilities/print_scan.o
LOAD ./Sources/fsl_i2c_irq.o
LOAD ./Sources/functions.o
LOAD ./Sources/main.o
LOAD ./Project_Settings/Startup_Code/startup.o
LOAD ./Project_Settings/Startup_Code/startup_MKL26Z4.o
LOAD ./Project_Settings/Startup_Code/system_MKL26Z4.o
LOAD ./Board/board.o
LOAD ./Board/gpio_pins.o
LOAD ./Board/hardware_init.o
LOAD ./Board/pin_mux.o
LOAD C:/Freescale/KSDK_1.2.0/lib/ksdk_platform_lib/kds/KL26Z4/debug/libksdk_platform.a
LOAD c:/freescale/kds_3.0.0/toolchain/bin/../lib/gcc/arm-none-eabi/4.8.4/../../../../arm-none-eabi/lib/armv6-m\libstdc++_s.a
LOAD c:/freescale/kds_3.0.0/toolchain/bin/../lib/gcc/arm-none-eabi/4.8.4/../../../../arm-none-eabi/lib/armv6-m\libm.a
START GROUP
LOAD c:/freescale/kds_3.0.0/toolchain/bin/../lib/gcc/arm-none-eabi/4.8.4/armv6-m\libgcc.a
LOAD c:/freescale/kds_3.0.0/toolchain/bin/../lib/gcc/arm-none-eabi/4.8.4/../../../../arm-none-eabi/lib/armv6-m\libg_s.a
LOAD c:/freescale/kds_3.0.0/toolchain/bin/../lib/gcc/arm-none-eabi/4.8.4/../../../../arm-none-eabi/lib/armv6-m\libc_s.a
END GROUP
START GROUP
LOAD c:/freescale/kds_3.0.0/toolchain/bin/../lib/gcc/arm-none-eabi/4.8.4/armv6-m\libgcc.a
LOAD c:/freescale/kds_3.0.0/toolchain/bin/../lib/gcc/arm-none-eabi/4.8.4/../../../../arm-none-eabi/lib/armv6-m\libc_s.a
LOAD c:/freescale/kds_3.0.0/toolchain/bin/../lib/gcc/arm-none-eabi/4.8.4/../../../../arm-none-eabi/lib/armv6-m\libnosys.a
END GROUP
START GROUP
LOAD c:/freescale/kds_3.0.0/toolchain/bin/../lib/gcc/arm-none-eabi/4.8.4/armv6-m\libgcc.a
LOAD c:/freescale/kds_3.0.0/toolchain/bin/../lib/gcc/arm-none-eabi/4.8.4/../../../../arm-none-eabi/lib/armv6-m\libc_s.a
LOAD c:/freescale/kds_3.0.0/toolchain/bin/../lib/gcc/arm-none-eabi/4.8.4/../../../../arm-none-eabi/lib/armv6-m\libnosys.a
END GROUP
LOAD c:/freescale/kds_3.0.0/toolchain/bin/../lib/gcc/arm-none-eabi/4.8.4/armv6-m/crtend.o
LOAD c:/freescale/kds_3.0.0/toolchain/bin/../lib/gcc/arm-none-eabi/4.8.4/armv6-m/crtn.o
                0x00000400                HEAP_SIZE = DEFINED (__heap_size__)?__heap_size__:0x400
                0x00000400                STACK_SIZE = DEFINED (__stack_size__)?__stack_size__:0x400
                0x00000000                M_VECTOR_RAM_SIZE = DEFINED (__ram_vector_table__)?0x100:0x0

.interrupts     0x00000000       0xc0
                0x00000000                __VECTOR_TABLE = .
                0x00000000                . = ALIGN (0x4)
 *(.isr_vector)
 .isr_vector    0x00000000       0xc0 ./Project_Settings/Startup_Code/startup_MKL26Z4.o
                0x00000000                __isr_vector
                0x000000c0                . = ALIGN (0x4)

.flash_config   0x00000400       0x10
                0x00000400                . = ALIGN (0x4)
 *(.FlashConfig)
 .FlashConfig   0x00000400       0x10 ./Project_Settings/Startup_Code/startup_MKL26Z4.o
                0x00000410                . = ALIGN (0x4)

.text           0x00000410     0x4c40
                0x00000410                . = ALIGN (0x4)
 *(.text)
 .text          0x00000410       0x60 c:/freescale/kds_3.0.0/toolchain/bin/../lib/gcc/arm-none-eabi/4.8.4/armv6-m/crtbegin.o
 .text          0x00000470       0x78 c:/freescale/kds_3.0.0/toolchain/bin/../lib/gcc/arm-none-eabi/4.8.4/../../../../arm-none-eabi/lib/armv6-m/crt0.o
                0x00000470                _start
                0x00000470                _mainCRTStartup
 .text          0x000004e8       0x18 ./Project_Settings/Startup_Code/startup_MKL26Z4.o
                0x000004e8                Reset_Handler
                0x000004f8                SysTick_Handler
                0x000004f8                PendSV_Handler
                0x000004f8                NMI_Handler
                0x000004f8                PORTC_PORTD_IRQHandler
                0x000004f8                UART1_IRQHandler
                0x000004f8                DMA2_IRQHandler
                0x000004f8                TPM0_IRQHandler
                0x000004f8                I2S0_IRQHandler
                0x000004f8                LLWU_IRQHandler
                0x000004f8                TSI0_IRQHandler
                0x000004f8                UART0_IRQHandler
                0x000004f8                ADC0_IRQHandler
                0x000004f8                SPI1_IRQHandler
                0x000004f8                DefaultISR
                0x000004f8                TPM2_IRQHandler
                0x000004f8                RTC_IRQHandler
                0x000004f8                HardFault_Handler
                0x000004f8                RTC_Seconds_IRQHandler
                0x000004f8                MCG_IRQHandler
                0x000004f8                Reserved20_IRQHandler
                0x000004f8                USB0_IRQHandler
                0x000004f8                PIT_IRQHandler
                0x000004f8                SVC_Handler
                0x000004f8                DMA3_IRQHandler
                0x000004f8                DMA0_IRQHandler
                0x000004f8                DAC0_IRQHandler
                0x000004f8                Reserved45_IRQHandler
                0x000004f8                TPM1_IRQHandler
                0x000004f8                LVD_LVW_IRQHandler
                0x000004f8                SPI0_IRQHandler
                0x000004f8                PORTA_IRQHandler
                0x000004f8                FTFA_IRQHandler
                0x000004f8                LPTMR0_IRQHandler
                0x000004f8                CMP0_IRQHandler
                0x000004f8                DMA1_IRQHandler
 .text          0x00000500       0x14 c:/freescale/kds_3.0.0/toolchain/bin/../lib/gcc/arm-none-eabi/4.8.4/armv6-m\libgcc.a(_thumb1_case_uqi.o)
                0x00000500                __gnu_thumb1_case_uqi
 .text          0x00000514       0x9c c:/freescale/kds_3.0.0/toolchain/bin/../lib/gcc/arm-none-eabi/4.8.4/armv6-m\libgcc.a(_udivsi3.o)
                0x00000514                __aeabi_uidiv
                0x00000514                __udivsi3
                0x0000059c                __aeabi_uidivmod
 .text          0x000005b0       0xc0 c:/freescale/kds_3.0.0/toolchain/bin/../lib/gcc/arm-none-eabi/4.8.4/armv6-m\libgcc.a(_divsi3.o)
                0x000005b0                __divsi3
                0x000005b0                __aeabi_idiv
                0x0000065c                __aeabi_idivmod
 .text          0x00000670        0x4 c:/freescale/kds_3.0.0/toolchain/bin/../lib/gcc/arm-none-eabi/4.8.4/armv6-m\libgcc.a(_dvmd_tls.o)
                0x00000670                __aeabi_idiv0
                0x00000670                __aeabi_ldiv0
 *(.text*)
 .text.UART_HAL_EnableTransmitter
                0x00000674       0x1c ./Utilities/fsl_debug_console.o
 .text.UART_HAL_EnableReceiver
                0x00000690       0x1c ./Utilities/fsl_debug_console.o
 .text.UART_HAL_SetBitCountPerChar
                0x000006ac       0x28 ./Utilities/fsl_debug_console.o
 .text.UART_HAL_SetStopBitCount
                0x000006d4       0x28 ./Utilities/fsl_debug_console.o
 .text.LPSCI_HAL_EnableTransmitter
                0x000006fc       0x1c ./Utilities/fsl_debug_console.o
 .text.LPSCI_HAL_EnableReceiver
                0x00000718       0x1c ./Utilities/fsl_debug_console.o
 .text.LPSCI_HAL_SetBitCountPerChar
                0x00000734       0x28 ./Utilities/fsl_debug_console.o
 .text.LPSCI_HAL_SetStopBitCount
                0x0000075c       0x28 ./Utilities/fsl_debug_console.o
 .text.DbgConsole_Init
                0x00000784      0x160 ./Utilities/fsl_debug_console.o
                0x00000784                DbgConsole_Init
 .text._write   0x000008e4       0x5c ./Utilities/fsl_debug_console.o
                0x000008e4                _write
 .text._read    0x00000940       0x48 ./Utilities/fsl_debug_console.o
                0x00000940                _read
 .text.debug_printf
                0x00000988       0x4c ./Utilities/fsl_debug_console.o
                0x00000988                debug_printf
 .text.debug_putc
                0x000009d4       0x44 ./Utilities/fsl_debug_console.o
 .text.debug_putchar
                0x00000a18       0x30 ./Utilities/fsl_debug_console.o
                0x00000a18                debug_putchar
 .text.debug_getchar
                0x00000a48       0x38 ./Utilities/fsl_debug_console.o
                0x00000a48                debug_getchar
 .text._doprint
                0x00000a80      0x6e4 ./Utilities/print_scan.o
                0x00000a80                _doprint
 .text.mknumstr
                0x00001164      0x110 ./Utilities/print_scan.o
 .text.fput_pad
                0x00001274       0x44 ./Utilities/print_scan.o
 .text.I2C0_IRQHandler
                0x000012b8       0x10 ./Sources/fsl_i2c_irq.o
                0x000012b8                I2C0_IRQHandler
 .text.I2C1_IRQHandler
                0x000012c8       0x10 ./Sources/fsl_i2c_irq.o
                0x000012c8                I2C1_IRQHandler
 .text.NVIC_EnableIRQ
                0x000012d8       0x2c ./Sources/main.o
 .text.NVIC_ClearPendingIRQ
                0x00001304       0x34 ./Sources/main.o
 .text.main     0x00001338      0x178 ./Sources/main.o
                0x00001338                main
 .text.i2cinitreg
                0x000014b0       0x28 ./Sources/main.o
                0x000014b0                i2cinitreg
 .text.getWhere
                0x000014d8       0x9c ./Sources/main.o
                0x000014d8                getWhere
 .text.configureAccuAndMag
                0x00001574       0xd4 ./Sources/main.o
                0x00001574                configureAccuAndMag
 .text.UART2_IRQHandler
                0x00001648       0x90 ./Sources/main.o
                0x00001648                UART2_IRQHandler
 .text.UART2_config
                0x000016d8       0xa0 ./Sources/main.o
                0x000016d8                UART2_config
 .text.enable_UART2_receive_interrupt
                0x00001778       0x28 ./Sources/main.o
                0x00001778                enable_UART2_receive_interrupt
 .text.init_data_bss
                0x000017a0       0xc8 ./Project_Settings/Startup_Code/startup.o
                0x000017a0                init_data_bss
 .text.SystemInit
                0x00001868       0x38 ./Project_Settings/Startup_Code/system_MKL26Z4.o
                0x00001868                SystemInit
 .text.PORT_HAL_SetMuxMode
                0x000018a0       0x4c ./Board/board.o
 .text.CLOCK_HAL_SetLpsciSrc
                0x000018ec       0x30 ./Board/board.o
 .text.CLOCK_SYS_SetLpsciSrc
                0x0000191c       0x2c ./Board/board.o
 .text.SMC_HAL_SetProtection
                0x00001948       0x1c ./Board/board.o
 .text.BOARD_InitOsc0
                0x00001964       0x40 ./Board/board.o
                0x00001964                BOARD_InitOsc0
 .text.BOARD_InitRtcOsc
                0x000019a4       0x40 ./Board/board.o
                0x000019a4                BOARD_InitRtcOsc
 .text.BOARD_ClockInit
                0x000019e4       0x48 ./Board/board.o
                0x000019e4                BOARD_ClockInit
 .text.dbg_uart_init
                0x00001a2c       0x24 ./Board/board.o
                0x00001a2c                dbg_uart_init
 .text.hardware_init
                0x00001a50       0x1c ./Board/hardware_init.o
                0x00001a50                hardware_init
 .text.PORT_HAL_SetMuxMode
                0x00001a6c       0x4c ./Board/pin_mux.o
 .text.configure_lpsci_pins
                0x00001ab8       0x34 ./Board/pin_mux.o
                0x00001ab8                configure_lpsci_pins
 .text.configure_uart_pins
                0x00001aec       0x54 ./Board/pin_mux.o
                0x00001aec                configure_uart_pins
 .text.UART_HAL_SetBaudRate
                0x00001b40       0x34 C:/Freescale/KSDK_1.2.0/lib/ksdk_platform_lib/kds/KL26Z4/debug/libksdk_platform.a(fsl_uart_hal.o)
                0x00001b40                UART_HAL_SetBaudRate
 .text.UART_HAL_SetParityMode
                0x00001b74       0x1e C:/Freescale/KSDK_1.2.0/lib/ksdk_platform_lib/kds/KL26Z4/debug/libksdk_platform.a(fsl_uart_hal.o)
                0x00001b74                UART_HAL_SetParityMode
 .text.UART_HAL_SendDataPolling
                0x00001b92       0x22 C:/Freescale/KSDK_1.2.0/lib/ksdk_platform_lib/kds/KL26Z4/debug/libksdk_platform.a(fsl_uart_hal.o)
                0x00001b92                UART_HAL_SendDataPolling
 .text.UART_HAL_ReceiveDataPolling
                0x00001bb4       0x38 C:/Freescale/KSDK_1.2.0/lib/ksdk_platform_lib/kds/KL26Z4/debug/libksdk_platform.a(fsl_uart_hal.o)
                0x00001bb4                UART_HAL_ReceiveDataPolling
 .text.LPSCI_HAL_SetBaudRate
                0x00001bec       0xcc C:/Freescale/KSDK_1.2.0/lib/ksdk_platform_lib/kds/KL26Z4/debug/libksdk_platform.a(fsl_lpsci_hal.o)
                0x00001bec                LPSCI_HAL_SetBaudRate
 .text.LPSCI_HAL_SetParityMode
                0x00001cb8       0x1e C:/Freescale/KSDK_1.2.0/lib/ksdk_platform_lib/kds/KL26Z4/debug/libksdk_platform.a(fsl_lpsci_hal.o)
                0x00001cb8                LPSCI_HAL_SetParityMode
 .text.LPSCI_HAL_SendDataPolling
                0x00001cd6       0x20 C:/Freescale/KSDK_1.2.0/lib/ksdk_platform_lib/kds/KL26Z4/debug/libksdk_platform.a(fsl_lpsci_hal.o)
                0x00001cd6                LPSCI_HAL_SendDataPolling
 .text.LPSCI_HAL_ReceiveDataPolling
                0x00001cf6       0x36 C:/Freescale/KSDK_1.2.0/lib/ksdk_platform_lib/kds/KL26Z4/debug/libksdk_platform.a(fsl_lpsci_hal.o)
                0x00001cf6                LPSCI_HAL_ReceiveDataPolling
 .text.I2C_DRV_MasterWait
                0x00001d2c       0x48 C:/Freescale/KSDK_1.2.0/lib/ksdk_platform_lib/kds/KL26Z4/debug/libksdk_platform.a(fsl_i2c_master_driver.o)
 .text.I2C_DRV_SendAddress.isra.1
                0x00001d74      0x10c C:/Freescale/KSDK_1.2.0/lib/ksdk_platform_lib/kds/KL26Z4/debug/libksdk_platform.a(fsl_i2c_master_driver.o)
 .text.I2C_DRV_CompleteTransfer
                0x00001e80       0x68 C:/Freescale/KSDK_1.2.0/lib/ksdk_platform_lib/kds/KL26Z4/debug/libksdk_platform.a(fsl_i2c_master_driver.o)
 .text.I2C_DRV_MasterInit
                0x00001ee8       0xcc C:/Freescale/KSDK_1.2.0/lib/ksdk_platform_lib/kds/KL26Z4/debug/libksdk_platform.a(fsl_i2c_master_driver.o)
                0x00001ee8                I2C_DRV_MasterInit
 .text.I2C_DRV_MasterSetBaudRate
                0x00001fb4       0x60 C:/Freescale/KSDK_1.2.0/lib/ksdk_platform_lib/kds/KL26Z4/debug/libksdk_platform.a(fsl_i2c_master_driver.o)
                0x00001fb4                I2C_DRV_MasterSetBaudRate
 .text.I2C_DRV_MasterSend
                0x00002014      0x108 C:/Freescale/KSDK_1.2.0/lib/ksdk_platform_lib/kds/KL26Z4/debug/libksdk_platform.a(fsl_i2c_master_driver.o)
 .text.I2C_DRV_MasterReceive
                0x0000211c      0x124 C:/Freescale/KSDK_1.2.0/lib/ksdk_platform_lib/kds/KL26Z4/debug/libksdk_platform.a(fsl_i2c_master_driver.o)
 .text.I2C_DRV_MasterSendDataBlocking
                0x00002240       0x1a C:/Freescale/KSDK_1.2.0/lib/ksdk_platform_lib/kds/KL26Z4/debug/libksdk_platform.a(fsl_i2c_master_driver.o)
                0x00002240                I2C_DRV_MasterSendDataBlocking
 .text.I2C_DRV_MasterReceiveDataBlocking
                0x0000225a       0x1a C:/Freescale/KSDK_1.2.0/lib/ksdk_platform_lib/kds/KL26Z4/debug/libksdk_platform.a(fsl_i2c_master_driver.o)
                0x0000225a                I2C_DRV_MasterReceiveDataBlocking
 .text.I2C_DRV_MasterIRQHandler
                0x00002274       0xb0 C:/Freescale/KSDK_1.2.0/lib/ksdk_platform_lib/kds/KL26Z4/debug/libksdk_platform.a(fsl_i2c_master_driver.o)
                0x00002274                I2C_DRV_MasterIRQHandler
 .text.I2C_DRV_IRQHandler
                0x00002324       0x44 C:/Freescale/KSDK_1.2.0/lib/ksdk_platform_lib/kds/KL26Z4/debug/libksdk_platform.a(fsl_i2c_shared_function.o)
                0x00002324                I2C_DRV_IRQHandler
 .text.SIM_HAL_EnableClock.constprop.7
                0x00002368       0x24 C:/Freescale/KSDK_1.2.0/lib/ksdk_platform_lib/kds/KL26Z4/debug/libksdk_platform.a(fsl_clock_MKL26Z4.o)
 .text.CLOCK_SYS_GetCoreClockFreq
                0x0000238c       0x20 C:/Freescale/KSDK_1.2.0/lib/ksdk_platform_lib/kds/KL26Z4/debug/libksdk_platform.a(fsl_clock_MKL26Z4.o)
                0x0000238c                CLOCK_SYS_GetCoreClockFreq
 .text.CLOCK_SYS_SetConfiguration
                0x000023ac       0x84 C:/Freescale/KSDK_1.2.0/lib/ksdk_platform_lib/kds/KL26Z4/debug/libksdk_platform.a(fsl_clock_MKL26Z4.o)
                0x000023ac                CLOCK_SYS_SetConfiguration
 .text.CLOCK_SYS_FllStableDelay
                0x00002430       0x1c C:/Freescale/KSDK_1.2.0/lib/ksdk_platform_lib/kds/KL26Z4/debug/libksdk_platform.a(fsl_clock_MKL26Z4.o)
 .text.CLOCK_SYS_GetSystemClockFreq
                0x0000244c       0x20 C:/Freescale/KSDK_1.2.0/lib/ksdk_platform_lib/kds/KL26Z4/debug/libksdk_platform.a(fsl_clock_MKL26Z4.o)
                0x0000244c                CLOCK_SYS_GetSystemClockFreq
 .text.CLOCK_SYS_GetBusClockFreq
                0x0000246c       0x18 C:/Freescale/KSDK_1.2.0/lib/ksdk_platform_lib/kds/KL26Z4/debug/libksdk_platform.a(fsl_clock_MKL26Z4.o)
                0x0000246c                CLOCK_SYS_GetBusClockFreq
 .text.CLOCK_SYS_GetPllFllClockFreq
                0x00002484       0x30 C:/Freescale/KSDK_1.2.0/lib/ksdk_platform_lib/kds/KL26Z4/debug/libksdk_platform.a(fsl_clock_MKL26Z4.o)
                0x00002484                CLOCK_SYS_GetPllFllClockFreq
 .text.CLOCK_SYS_GetOsc0ExternalRefClockFreq
                0x000024b4       0x24 C:/Freescale/KSDK_1.2.0/lib/ksdk_platform_lib/kds/KL26Z4/debug/libksdk_platform.a(fsl_clock_MKL26Z4.o)
                0x000024b4                CLOCK_SYS_GetOsc0ExternalRefClockFreq
 .text.CLOCK_SYS_GetI2cFreq
                0x000024d8       0x1a C:/Freescale/KSDK_1.2.0/lib/ksdk_platform_lib/kds/KL26Z4/debug/libksdk_platform.a(fsl_clock_MKL26Z4.o)
                0x000024d8                CLOCK_SYS_GetI2cFreq
 *fill*         0x000024f2        0x2 
 .text.CLOCK_SYS_GetLpsciFreq
                0x000024f4       0x34 C:/Freescale/KSDK_1.2.0/lib/ksdk_platform_lib/kds/KL26Z4/debug/libksdk_platform.a(fsl_clock_MKL26Z4.o)
                0x000024f4                CLOCK_SYS_GetLpsciFreq
 .text.CLOCK_SYS_GetUartFreq
                0x00002528       0x10 C:/Freescale/KSDK_1.2.0/lib/ksdk_platform_lib/kds/KL26Z4/debug/libksdk_platform.a(fsl_clock_MKL26Z4.o)
                0x00002528                CLOCK_SYS_GetUartFreq
 .text.CLOCK_SYS_EnablePortClock
                0x00002538       0x30 C:/Freescale/KSDK_1.2.0/lib/ksdk_platform_lib/kds/KL26Z4/debug/libksdk_platform.a(fsl_clock_MKL26Z4.o)
                0x00002538                CLOCK_SYS_EnablePortClock
 .text.CLOCK_SYS_EnableI2cClock
                0x00002568       0x30 C:/Freescale/KSDK_1.2.0/lib/ksdk_platform_lib/kds/KL26Z4/debug/libksdk_platform.a(fsl_clock_MKL26Z4.o)
                0x00002568                CLOCK_SYS_EnableI2cClock
 .text.CLOCK_SYS_EnableLpsciClock
                0x00002598       0x30 C:/Freescale/KSDK_1.2.0/lib/ksdk_platform_lib/kds/KL26Z4/debug/libksdk_platform.a(fsl_clock_MKL26Z4.o)
                0x00002598                CLOCK_SYS_EnableLpsciClock
 .text.CLOCK_SYS_EnableUartClock
                0x000025c8       0x30 C:/Freescale/KSDK_1.2.0/lib/ksdk_platform_lib/kds/KL26Z4/debug/libksdk_platform.a(fsl_clock_MKL26Z4.o)
                0x000025c8                CLOCK_SYS_EnableUartClock
 .text.CLOCK_SYS_SetMcgPeeToFbe
                0x000025f8       0x30 C:/Freescale/KSDK_1.2.0/lib/ksdk_platform_lib/kds/KL26Z4/debug/libksdk_platform.a(fsl_clock_manager.o)
 .text.CLOCK_SYS_SetMcgMode
                0x00002628      0x134 C:/Freescale/KSDK_1.2.0/lib/ksdk_platform_lib/kds/KL26Z4/debug/libksdk_platform.a(fsl_clock_manager.o)
                0x00002628                CLOCK_SYS_SetMcgMode
 .text.CLOCK_SYS_SetOscerConfigration
                0x0000275c       0x28 C:/Freescale/KSDK_1.2.0/lib/ksdk_platform_lib/kds/KL26Z4/debug/libksdk_platform.a(fsl_clock_manager.o)
                0x0000275c                CLOCK_SYS_SetOscerConfigration
 .text.CLOCK_SYS_OscInit
                0x00002784       0x98 C:/Freescale/KSDK_1.2.0/lib/ksdk_platform_lib/kds/KL26Z4/debug/libksdk_platform.a(fsl_clock_manager.o)
                0x00002784                CLOCK_SYS_OscInit
 .text.CLOCK_SYS_RtcOscInit
                0x0000281c       0xa0 C:/Freescale/KSDK_1.2.0/lib/ksdk_platform_lib/kds/KL26Z4/debug/libksdk_platform.a(fsl_clock_manager.o)
                0x0000281c                CLOCK_SYS_RtcOscInit
 .text.OSA_TimeInit
                0x000028bc       0x44 C:/Freescale/KSDK_1.2.0/lib/ksdk_platform_lib/kds/KL26Z4/debug/libksdk_platform.a(fsl_os_abstraction_bm.o)
                0x000028bc                OSA_TimeInit
 .text.OSA_TimeDiff
                0x00002900       0x14 C:/Freescale/KSDK_1.2.0/lib/ksdk_platform_lib/kds/KL26Z4/debug/libksdk_platform.a(fsl_os_abstraction_bm.o)
                0x00002900                OSA_TimeDiff
 .text.OSA_SemaCreate
                0x00002914       0x2c C:/Freescale/KSDK_1.2.0/lib/ksdk_platform_lib/kds/KL26Z4/debug/libksdk_platform.a(fsl_os_abstraction_bm.o)
                0x00002914                OSA_SemaCreate
 .text.OSA_SemaPost
                0x00002940       0x3c C:/Freescale/KSDK_1.2.0/lib/ksdk_platform_lib/kds/KL26Z4/debug/libksdk_platform.a(fsl_os_abstraction_bm.o)
                0x00002940                OSA_SemaPost
 .text.OSA_EventSet
                0x0000297c       0x38 C:/Freescale/KSDK_1.2.0/lib/ksdk_platform_lib/kds/KL26Z4/debug/libksdk_platform.a(fsl_os_abstraction_bm.o)
                0x0000297c                OSA_EventSet
 .text.task_init
                0x000029b4       0x38 C:/Freescale/KSDK_1.2.0/lib/ksdk_platform_lib/kds/KL26Z4/debug/libksdk_platform.a(fsl_os_abstraction_bm.o)
                0x000029b4                task_init
 .text.OSA_TimeGetMsec
                0x000029ec       0x10 C:/Freescale/KSDK_1.2.0/lib/ksdk_platform_lib/kds/KL26Z4/debug/libksdk_platform.a(fsl_os_abstraction_bm.o)
                0x000029ec                OSA_TimeGetMsec
 .text.OSA_SemaWait
                0x000029fc       0x8c C:/Freescale/KSDK_1.2.0/lib/ksdk_platform_lib/kds/KL26Z4/debug/libksdk_platform.a(fsl_os_abstraction_bm.o)
                0x000029fc                OSA_SemaWait
 .text.OSA_Init
                0x00002a88        0xe C:/Freescale/KSDK_1.2.0/lib/ksdk_platform_lib/kds/KL26Z4/debug/libksdk_platform.a(fsl_os_abstraction_bm.o)
                0x00002a88                OSA_Init
 *fill*         0x00002a96        0x2 
 .text.CLOCK_HAL_SetOutDiv
                0x00002a98       0x1c C:/Freescale/KSDK_1.2.0/lib/ksdk_platform_lib/kds/KL26Z4/debug/libksdk_platform.a(fsl_sim_hal_MKL26Z4.o)
                0x00002a98                CLOCK_HAL_SetOutDiv
 .text.OSC_HAL_SetCapacitor
                0x00002ab4        0xe C:/Freescale/KSDK_1.2.0/lib/ksdk_platform_lib/kds/KL26Z4/debug/libksdk_platform.a(fsl_osc_hal.o)
                0x00002ab4                OSC_HAL_SetCapacitor
 *fill*         0x00002ac2        0x2 
 .text.CLOCK_HAL_TestOscFreq
                0x00002ac4        0xc C:/Freescale/KSDK_1.2.0/lib/ksdk_platform_lib/kds/KL26Z4/debug/libksdk_platform.a(fsl_mcg_hal.o)
                0x00002ac4                CLOCK_HAL_TestOscFreq
 .text.CLOCK_HAL_TestFllExternalRefFreq
                0x00002ad0       0x36 C:/Freescale/KSDK_1.2.0/lib/ksdk_platform_lib/kds/KL26Z4/debug/libksdk_platform.a(fsl_mcg_hal.o)
                0x00002ad0                CLOCK_HAL_TestFllExternalRefFreq
 *fill*         0x00002b06        0x2 
 .text.CLOCK_HAL_GetFllRefClk
                0x00002b08       0x44 C:/Freescale/KSDK_1.2.0/lib/ksdk_platform_lib/kds/KL26Z4/debug/libksdk_platform.a(fsl_mcg_hal.o)
                0x00002b08                CLOCK_HAL_GetFllRefClk
 .text.CLOCK_HAL_TestFllFreq
                0x00002b4c       0x38 C:/Freescale/KSDK_1.2.0/lib/ksdk_platform_lib/kds/KL26Z4/debug/libksdk_platform.a(fsl_mcg_hal.o)
                0x00002b4c                CLOCK_HAL_TestFllFreq
 .text.CLOCK_HAL_GetFllClk
                0x00002b84       0x40 C:/Freescale/KSDK_1.2.0/lib/ksdk_platform_lib/kds/KL26Z4/debug/libksdk_platform.a(fsl_mcg_hal.o)
                0x00002b84                CLOCK_HAL_GetFllClk
 .text.CLOCK_HAL_UpdateFastClkInternalRefDiv
                0x00002bc4       0x60 C:/Freescale/KSDK_1.2.0/lib/ksdk_platform_lib/kds/KL26Z4/debug/libksdk_platform.a(fsl_mcg_hal.o)
                0x00002bc4                CLOCK_HAL_UpdateFastClkInternalRefDiv
 .text.CLOCK_HAL_GetPll0Clk
                0x00002c24       0x48 C:/Freescale/KSDK_1.2.0/lib/ksdk_platform_lib/kds/KL26Z4/debug/libksdk_platform.a(fsl_mcg_hal.o)
                0x00002c24                CLOCK_HAL_GetPll0Clk
 .text.CLOCK_HAL_EnablePll0InFllMode
                0x00002c6c       0x38 C:/Freescale/KSDK_1.2.0/lib/ksdk_platform_lib/kds/KL26Z4/debug/libksdk_platform.a(fsl_mcg_hal.o)
                0x00002c6c                CLOCK_HAL_EnablePll0InFllMode
 .text.CLOCK_HAL_GetInternalRefClk
                0x00002ca4       0x40 C:/Freescale/KSDK_1.2.0/lib/ksdk_platform_lib/kds/KL26Z4/debug/libksdk_platform.a(fsl_mcg_hal.o)
                0x00002ca4                CLOCK_HAL_GetInternalRefClk
 .text.CLOCK_HAL_GetOutClk
                0x00002ce4       0x48 C:/Freescale/KSDK_1.2.0/lib/ksdk_platform_lib/kds/KL26Z4/debug/libksdk_platform.a(fsl_mcg_hal.o)
                0x00002ce4                CLOCK_HAL_GetOutClk
 .text.CLOCK_HAL_SetOsc0Mode
                0x00002d2c       0x24 C:/Freescale/KSDK_1.2.0/lib/ksdk_platform_lib/kds/KL26Z4/debug/libksdk_platform.a(fsl_mcg_hal.o)
                0x00002d2c                CLOCK_HAL_SetOsc0Mode
 .text.CLOCK_HAL_PrepareOsc.isra.0
                0x00002d50       0x1e C:/Freescale/KSDK_1.2.0/lib/ksdk_platform_lib/kds/KL26Z4/debug/libksdk_platform.a(fsl_mcg_hal_modes.o)
 *fill*         0x00002d6e        0x2 
 .text.CLOCK_HAL_GetMcgMode
                0x00002d70       0x8c C:/Freescale/KSDK_1.2.0/lib/ksdk_platform_lib/kds/KL26Z4/debug/libksdk_platform.a(fsl_mcg_hal_modes.o)
                0x00002d70                CLOCK_HAL_GetMcgMode
 .text.CLOCK_HAL_SetFbiMode
                0x00002dfc       0xc0 C:/Freescale/KSDK_1.2.0/lib/ksdk_platform_lib/kds/KL26Z4/debug/libksdk_platform.a(fsl_mcg_hal_modes.o)
                0x00002dfc                CLOCK_HAL_SetFbiMode
 .text.CLOCK_HAL_SetFbeMode
                0x00002ebc       0xd0 C:/Freescale/KSDK_1.2.0/lib/ksdk_platform_lib/kds/KL26Z4/debug/libksdk_platform.a(fsl_mcg_hal_modes.o)
                0x00002ebc                CLOCK_HAL_SetFbeMode
 .text.CLOCK_HAL_SetPbeMode
                0x00002f8c       0xc8 C:/Freescale/KSDK_1.2.0/lib/ksdk_platform_lib/kds/KL26Z4/debug/libksdk_platform.a(fsl_mcg_hal_modes.o)
                0x00002f8c                CLOCK_HAL_SetPbeMode
 .text.LPTMR_HAL_SetTimerWorkingMode
                0x00003054       0x3a C:/Freescale/KSDK_1.2.0/lib/ksdk_platform_lib/kds/KL26Z4/debug/libksdk_platform.a(fsl_lptmr_hal.o)
                0x00003054                LPTMR_HAL_SetTimerWorkingMode
 .text.LPTMR_HAL_SetPrescalerMode
                0x0000308e       0x1e C:/Freescale/KSDK_1.2.0/lib/ksdk_platform_lib/kds/KL26Z4/debug/libksdk_platform.a(fsl_lptmr_hal.o)
                0x0000308e                LPTMR_HAL_SetPrescalerMode
 .text.LPTMR_HAL_GetCounterValue
                0x000030ac       0x14 C:/Freescale/KSDK_1.2.0/lib/ksdk_platform_lib/kds/KL26Z4/debug/libksdk_platform.a(fsl_lptmr_hal.o)
                0x000030ac                LPTMR_HAL_GetCounterValue
 .text.INT_SYS_EnableIRQGlobal
                0x000030c0       0x18 C:/Freescale/KSDK_1.2.0/lib/ksdk_platform_lib/kds/KL26Z4/debug/libksdk_platform.a(fsl_interrupt_manager.o)
                0x000030c0                INT_SYS_EnableIRQGlobal
 .text.INT_SYS_DisableIRQGlobal
                0x000030d8       0x10 C:/Freescale/KSDK_1.2.0/lib/ksdk_platform_lib/kds/KL26Z4/debug/libksdk_platform.a(fsl_interrupt_manager.o)
                0x000030d8                INT_SYS_DisableIRQGlobal
 .text.I2C_HAL_Init
                0x000030e8       0x1c C:/Freescale/KSDK_1.2.0/lib/ksdk_platform_lib/kds/KL26Z4/debug/libksdk_platform.a(fsl_i2c_hal.o)
                0x000030e8                I2C_HAL_Init
 .text.I2C_HAL_SetBaudRate
                0x00003104       0x7c C:/Freescale/KSDK_1.2.0/lib/ksdk_platform_lib/kds/KL26Z4/debug/libksdk_platform.a(fsl_i2c_hal.o)
                0x00003104                I2C_HAL_SetBaudRate
 .text.I2C_HAL_SendStart
                0x00003180       0x4c C:/Freescale/KSDK_1.2.0/lib/ksdk_platform_lib/kds/KL26Z4/debug/libksdk_platform.a(fsl_i2c_hal.o)
                0x00003180                I2C_HAL_SendStart
 .text.I2C_HAL_SendStop
                0x000031cc       0x50 C:/Freescale/KSDK_1.2.0/lib/ksdk_platform_lib/kds/KL26Z4/debug/libksdk_platform.a(fsl_i2c_hal.o)
                0x000031cc                I2C_HAL_SendStop
 .text.I2C_DRV_SlaveIRQHandler
                0x0000321c      0x240 C:/Freescale/KSDK_1.2.0/lib/ksdk_platform_lib/kds/KL26Z4/debug/libksdk_platform.a(fsl_i2c_slave_driver.o)
                0x0000321c                I2C_DRV_SlaveIRQHandler
 .text.__assert_func
                0x0000345c       0x3c c:/freescale/kds_3.0.0/toolchain/bin/../lib/gcc/arm-none-eabi/4.8.4/../../../../arm-none-eabi/lib/armv6-m\libg_s.a(lib_a-assert.o)
                0x0000345c                __assert_func
 .text.exit     0x00003498       0x2c c:/freescale/kds_3.0.0/toolchain/bin/../lib/gcc/arm-none-eabi/4.8.4/../../../../arm-none-eabi/lib/armv6-m\libg_s.a(lib_a-exit.o)
                0x00003498                exit
 .text.fprintf  0x000034c4       0x24 c:/freescale/kds_3.0.0/toolchain/bin/../lib/gcc/arm-none-eabi/4.8.4/../../../../arm-none-eabi/lib/armv6-m\libg_s.a(lib_a-fprintf.o)
                0x000034c4                fiprintf
                0x000034c4                fprintf
 .text.__libc_init_array
                0x000034e8       0x4c c:/freescale/kds_3.0.0/toolchain/bin/../lib/gcc/arm-none-eabi/4.8.4/../../../../arm-none-eabi/lib/armv6-m\libg_s.a(lib_a-init.o)
                0x000034e8                __libc_init_array
 .text.memset   0x00003534       0x10 c:/freescale/kds_3.0.0/toolchain/bin/../lib/gcc/arm-none-eabi/4.8.4/../../../../arm-none-eabi/lib/armv6-m\libg_s.a(lib_a-memset.o)
                0x00003534                memset
 .text._free_r  0x00003544       0x90 c:/freescale/kds_3.0.0/toolchain/bin/../lib/gcc/arm-none-eabi/4.8.4/../../../../arm-none-eabi/lib/armv6-m\libg_s.a(lib_a-nano-freer.o)
                0x00003544                _free_r
 .text._malloc_r
                0x000035d4       0xa8 c:/freescale/kds_3.0.0/toolchain/bin/../lib/gcc/arm-none-eabi/4.8.4/../../../../arm-none-eabi/lib/armv6-m\libg_s.a(lib_a-nano-mallocr.o)
                0x000035d4                _malloc_r
 .text._sbrk_r  0x0000367c       0x24 c:/freescale/kds_3.0.0/toolchain/bin/../lib/gcc/arm-none-eabi/4.8.4/../../../../arm-none-eabi/lib/armv6-m\libg_s.a(lib_a-sbrkr.o)
                0x0000367c                _sbrk_r
 .text.strlen   0x000036a0        0xe c:/freescale/kds_3.0.0/toolchain/bin/../lib/gcc/arm-none-eabi/4.8.4/../../../../arm-none-eabi/lib/armv6-m\libg_s.a(lib_a-strlen.o)
                0x000036a0                strlen
 .text.__sfputc_r
                0x000036ae       0x2a c:/freescale/kds_3.0.0/toolchain/bin/../lib/gcc/arm-none-eabi/4.8.4/../../../../arm-none-eabi/lib/armv6-m\libg_s.a(lib_a-vfprintf.o)
 .text.__sfputs_r
                0x000036d8       0x24 c:/freescale/kds_3.0.0/toolchain/bin/../lib/gcc/arm-none-eabi/4.8.4/../../../../arm-none-eabi/lib/armv6-m\libg_s.a(lib_a-vfprintf.o)
                0x000036d8                __sfputs_r
 .text._vfprintf_r
                0x000036fc      0x210 c:/freescale/kds_3.0.0/toolchain/bin/../lib/gcc/arm-none-eabi/4.8.4/../../../../arm-none-eabi/lib/armv6-m\libg_s.a(lib_a-vfprintf.o)
                0x000036fc                _vfprintf_r
                0x000036fc                _vfiprintf_r
 .text._printf_common
                0x0000390c       0xe8 c:/freescale/kds_3.0.0/toolchain/bin/../lib/gcc/arm-none-eabi/4.8.4/../../../../arm-none-eabi/lib/armv6-m\libg_s.a(lib_a-vfprintf_i.o)
                0x0000390c                _printf_common
 .text._printf_i
                0x000039f4      0x22c c:/freescale/kds_3.0.0/toolchain/bin/../lib/gcc/arm-none-eabi/4.8.4/../../../../arm-none-eabi/lib/armv6-m\libg_s.a(lib_a-vfprintf_i.o)
                0x000039f4                _printf_i
 .text.__swbuf_r
                0x00003c20       0xb0 c:/freescale/kds_3.0.0/toolchain/bin/../lib/gcc/arm-none-eabi/4.8.4/../../../../arm-none-eabi/lib/armv6-m\libg_s.a(lib_a-wbuf.o)
                0x00003c20                __swbuf_r
 .text.__swsetup_r
                0x00003cd0       0xe4 c:/freescale/kds_3.0.0/toolchain/bin/../lib/gcc/arm-none-eabi/4.8.4/../../../../arm-none-eabi/lib/armv6-m\libg_s.a(lib_a-wsetup.o)
                0x00003cd0                __swsetup_r
 .text.abort    0x00003db4        0xe c:/freescale/kds_3.0.0/toolchain/bin/../lib/gcc/arm-none-eabi/4.8.4/../../../../arm-none-eabi/lib/armv6-m\libg_s.a(lib_a-abort.o)
                0x00003db4                abort
 .text.__sflush_r
                0x00003dc2      0x112 c:/freescale/kds_3.0.0/toolchain/bin/../lib/gcc/arm-none-eabi/4.8.4/../../../../arm-none-eabi/lib/armv6-m\libg_s.a(lib_a-fflush.o)
                0x00003dc2                __sflush_r
 .text._fflush_r
                0x00003ed4       0x58 c:/freescale/kds_3.0.0/toolchain/bin/../lib/gcc/arm-none-eabi/4.8.4/../../../../arm-none-eabi/lib/armv6-m\libg_s.a(lib_a-fflush.o)
                0x00003ed4                _fflush_r
 .text._cleanup_r
                0x00003f2c       0x34 c:/freescale/kds_3.0.0/toolchain/bin/../lib/gcc/arm-none-eabi/4.8.4/../../../../arm-none-eabi/lib/armv6-m\libg_s.a(lib_a-findfp.o)
                0x00003f2c                _cleanup_r
 .text.std.isra.0
                0x00003f60       0x48 c:/freescale/kds_3.0.0/toolchain/bin/../lib/gcc/arm-none-eabi/4.8.4/../../../../arm-none-eabi/lib/armv6-m\libg_s.a(lib_a-findfp.o)
 .text.__sfmoreglue
                0x00003fa8       0x2c c:/freescale/kds_3.0.0/toolchain/bin/../lib/gcc/arm-none-eabi/4.8.4/../../../../arm-none-eabi/lib/armv6-m\libg_s.a(lib_a-findfp.o)
                0x00003fa8                __sfmoreglue
 .text.__sinit  0x00003fd4       0x64 c:/freescale/kds_3.0.0/toolchain/bin/../lib/gcc/arm-none-eabi/4.8.4/../../../../arm-none-eabi/lib/armv6-m\libg_s.a(lib_a-findfp.o)
                0x00003fd4                __sinit
 .text.__sfp    0x00004038       0x7c c:/freescale/kds_3.0.0/toolchain/bin/../lib/gcc/arm-none-eabi/4.8.4/../../../../arm-none-eabi/lib/armv6-m\libg_s.a(lib_a-findfp.o)
                0x00004038                __sfp
 .text.__smakebuf_r
                0x000040b4       0xa0 c:/freescale/kds_3.0.0/toolchain/bin/../lib/gcc/arm-none-eabi/4.8.4/../../../../arm-none-eabi/lib/armv6-m\libg_s.a(lib_a-makebuf.o)
                0x000040b4                __smakebuf_r
 .text.memchr   0x00004154       0x16 c:/freescale/kds_3.0.0/toolchain/bin/../lib/gcc/arm-none-eabi/4.8.4/../../../../arm-none-eabi/lib/armv6-m\libg_s.a(lib_a-memchr-stub.o)
                0x00004154                memchr
 .text._raise_r
                0x0000416a       0x56 c:/freescale/kds_3.0.0/toolchain/bin/../lib/gcc/arm-none-eabi/4.8.4/../../../../arm-none-eabi/lib/armv6-m\libg_s.a(lib_a-signal.o)
                0x0000416a                _raise_r
 .text.raise    0x000041c0       0x14 c:/freescale/kds_3.0.0/toolchain/bin/../lib/gcc/arm-none-eabi/4.8.4/../../../../arm-none-eabi/lib/armv6-m\libg_s.a(lib_a-signal.o)
                0x000041c0                raise
 .text._kill_r  0x000041d4       0x24 c:/freescale/kds_3.0.0/toolchain/bin/../lib/gcc/arm-none-eabi/4.8.4/../../../../arm-none-eabi/lib/armv6-m\libg_s.a(lib_a-signalr.o)
                0x000041d4                _kill_r
 .text._getpid_r
                0x000041f8        0x8 c:/freescale/kds_3.0.0/toolchain/bin/../lib/gcc/arm-none-eabi/4.8.4/../../../../arm-none-eabi/lib/armv6-m\libg_s.a(lib_a-signalr.o)
                0x000041f8                _getpid_r
 .text.__sread  0x00004200       0x28 c:/freescale/kds_3.0.0/toolchain/bin/../lib/gcc/arm-none-eabi/4.8.4/../../../../arm-none-eabi/lib/armv6-m\libg_s.a(lib_a-stdio.o)
                0x00004200                __sread
 .text.__swrite
                0x00004228       0x38 c:/freescale/kds_3.0.0/toolchain/bin/../lib/gcc/arm-none-eabi/4.8.4/../../../../arm-none-eabi/lib/armv6-m\libg_s.a(lib_a-stdio.o)
                0x00004228                __swrite
 .text.__sseek  0x00004260       0x2c c:/freescale/kds_3.0.0/toolchain/bin/../lib/gcc/arm-none-eabi/4.8.4/../../../../arm-none-eabi/lib/armv6-m\libg_s.a(lib_a-stdio.o)
                0x00004260                __sseek
 .text.__sclose
                0x0000428c        0xc c:/freescale/kds_3.0.0/toolchain/bin/../lib/gcc/arm-none-eabi/4.8.4/../../../../arm-none-eabi/lib/armv6-m\libg_s.a(lib_a-stdio.o)
                0x0000428c                __sclose
 .text._write_r
                0x00004298       0x28 c:/freescale/kds_3.0.0/toolchain/bin/../lib/gcc/arm-none-eabi/4.8.4/../../../../arm-none-eabi/lib/armv6-m\libg_s.a(lib_a-writer.o)
                0x00004298                _write_r
 .text._close_r
                0x000042c0       0x24 c:/freescale/kds_3.0.0/toolchain/bin/../lib/gcc/arm-none-eabi/4.8.4/../../../../arm-none-eabi/lib/armv6-m\libg_s.a(lib_a-closer.o)
                0x000042c0                _close_r
 .text._fstat_r
                0x000042e4       0x24 c:/freescale/kds_3.0.0/toolchain/bin/../lib/gcc/arm-none-eabi/4.8.4/../../../../arm-none-eabi/lib/armv6-m\libg_s.a(lib_a-fstatr.o)
                0x000042e4                _fstat_r
 .text._isatty_r
                0x00004308       0x24 c:/freescale/kds_3.0.0/toolchain/bin/../lib/gcc/arm-none-eabi/4.8.4/../../../../arm-none-eabi/lib/armv6-m\libg_s.a(lib_a-isattyr.o)
                0x00004308                _isatty_r
 .text._lseek_r
                0x0000432c       0x28 c:/freescale/kds_3.0.0/toolchain/bin/../lib/gcc/arm-none-eabi/4.8.4/../../../../arm-none-eabi/lib/armv6-m\libg_s.a(lib_a-lseekr.o)
                0x0000432c                _lseek_r
 .text._read_r  0x00004354       0x28 c:/freescale/kds_3.0.0/toolchain/bin/../lib/gcc/arm-none-eabi/4.8.4/../../../../arm-none-eabi/lib/armv6-m\libg_s.a(lib_a-readr.o)
                0x00004354                _read_r
 .text._close   0x0000437c       0x10 c:/freescale/kds_3.0.0/toolchain/bin/../lib/gcc/arm-none-eabi/4.8.4/../../../../arm-none-eabi/lib/armv6-m\libnosys.a(close.o)
                0x0000437c                _close
 .text._fstat   0x0000438c       0x10 c:/freescale/kds_3.0.0/toolchain/bin/../lib/gcc/arm-none-eabi/4.8.4/../../../../arm-none-eabi/lib/armv6-m\libnosys.a(fstat.o)
                0x0000438c                _fstat
 .text._getpid  0x0000439c       0x10 c:/freescale/kds_3.0.0/toolchain/bin/../lib/gcc/arm-none-eabi/4.8.4/../../../../arm-none-eabi/lib/armv6-m\libnosys.a(getpid.o)
                0x0000439c                _getpid
 .text._isatty  0x000043ac       0x10 c:/freescale/kds_3.0.0/toolchain/bin/../lib/gcc/arm-none-eabi/4.8.4/../../../../arm-none-eabi/lib/armv6-m\libnosys.a(isatty.o)
                0x000043ac                _isatty
 .text._kill    0x000043bc       0x10 c:/freescale/kds_3.0.0/toolchain/bin/../lib/gcc/arm-none-eabi/4.8.4/../../../../arm-none-eabi/lib/armv6-m\libnosys.a(kill.o)
                0x000043bc                _kill
 .text._lseek   0x000043cc       0x10 c:/freescale/kds_3.0.0/toolchain/bin/../lib/gcc/arm-none-eabi/4.8.4/../../../../arm-none-eabi/lib/armv6-m\libnosys.a(lseek.o)
                0x000043cc                _lseek
 .text._sbrk    0x000043dc       0x34 c:/freescale/kds_3.0.0/toolchain/bin/../lib/gcc/arm-none-eabi/4.8.4/../../../../arm-none-eabi/lib/armv6-m\libnosys.a(sbrk.o)
                0x000043dc                _sbrk
 .text._exit    0x00004410        0x4 c:/freescale/kds_3.0.0/toolchain/bin/../lib/gcc/arm-none-eabi/4.8.4/../../../../arm-none-eabi/lib/armv6-m\libnosys.a(_exit.o)
                0x00004410                _exit
 *(.rodata)
 .rodata        0x00004414        0xc ./Utilities/fsl_debug_console.o
 .rodata        0x00004420      0x1b8 ./Sources/main.o
 .rodata        0x000045d8       0x44 ./Board/board.o
 .rodata        0x0000461c       0x44 ./Board/pin_mux.o
 *(.rodata*)
 .rodata._doprint
                0x00004660       0xc8 ./Utilities/print_scan.o
 .rodata.g_defaultClockConfigRun
                0x00004728       0x14 ./Board/board.o
                0x00004728                g_defaultClockConfigRun
 .rodata.__func__.5149
                0x0000473c       0x14 ./Board/board.o
 .rodata.__func__.5125
                0x00004750       0x14 ./Board/pin_mux.o
 .rodata.__func__.6994
                0x00004764       0x13 C:/Freescale/KSDK_1.2.0/lib/ksdk_platform_lib/kds/KL26Z4/debug/libksdk_platform.a(fsl_i2c_master_driver.o)
 .rodata.__func__.6884
                0x00004777       0x1a C:/Freescale/KSDK_1.2.0/lib/ksdk_platform_lib/kds/KL26Z4/debug/libksdk_platform.a(fsl_i2c_master_driver.o)
 .rodata.__func__.6943
                0x00004791       0x19 C:/Freescale/KSDK_1.2.0/lib/ksdk_platform_lib/kds/KL26Z4/debug/libksdk_platform.a(fsl_i2c_master_driver.o)
 .rodata.__func__.6829
                0x000047aa       0x12 C:/Freescale/KSDK_1.2.0/lib/ksdk_platform_lib/kds/KL26Z4/debug/libksdk_platform.a(fsl_i2c_master_driver.o)
 .rodata.str1.1
                0x000047bc       0xf8 C:/Freescale/KSDK_1.2.0/lib/ksdk_platform_lib/kds/KL26Z4/debug/libksdk_platform.a(fsl_i2c_master_driver.o)
 .rodata.__func__.6955
                0x000048b4       0x13 C:/Freescale/KSDK_1.2.0/lib/ksdk_platform_lib/kds/KL26Z4/debug/libksdk_platform.a(fsl_i2c_master_driver.o)
 .rodata.__func__.7007
                0x000048c7       0x16 C:/Freescale/KSDK_1.2.0/lib/ksdk_platform_lib/kds/KL26Z4/debug/libksdk_platform.a(fsl_i2c_master_driver.o)
 .rodata.__func__.6963
                0x000048dd       0x19 C:/Freescale/KSDK_1.2.0/lib/ksdk_platform_lib/kds/KL26Z4/debug/libksdk_platform.a(fsl_i2c_master_driver.o)
 .rodata.__func__.6974
                0x000048f6       0x14 C:/Freescale/KSDK_1.2.0/lib/ksdk_platform_lib/kds/KL26Z4/debug/libksdk_platform.a(fsl_i2c_master_driver.o)
 .rodata.__func__.6872
                0x0000490a       0x13 C:/Freescale/KSDK_1.2.0/lib/ksdk_platform_lib/kds/KL26Z4/debug/libksdk_platform.a(fsl_i2c_master_driver.o)
 .rodata.g_i2cIrqId
                0x0000491d        0x2 C:/Freescale/KSDK_1.2.0/lib/ksdk_platform_lib/kds/KL26Z4/debug/libksdk_platform.a(fsl_i2c_common.o)
                0x0000491d                g_i2cIrqId
 *fill*         0x0000491f        0x1 
 .rodata.g_i2cBase
                0x00004920        0x8 C:/Freescale/KSDK_1.2.0/lib/ksdk_platform_lib/kds/KL26Z4/debug/libksdk_platform.a(fsl_i2c_common.o)
                0x00004920                g_i2cBase
 .rodata.__func__.5156
                0x00004928       0x13 C:/Freescale/KSDK_1.2.0/lib/ksdk_platform_lib/kds/KL26Z4/debug/libksdk_platform.a(fsl_i2c_shared_function.o)
 .rodata.str1.1
                0x0000493b       0x4b C:/Freescale/KSDK_1.2.0/lib/ksdk_platform_lib/kds/KL26Z4/debug/libksdk_platform.a(fsl_i2c_shared_function.o)
                                 0x69 (size before relaxing)
 .rodata.uartGateTable
                0x00004986        0x3 C:/Freescale/KSDK_1.2.0/lib/ksdk_platform_lib/kds/KL26Z4/debug/libksdk_platform.a(fsl_clock_MKL26Z4.o)
 .rodata.i2cGateTable
                0x00004989        0x2 C:/Freescale/KSDK_1.2.0/lib/ksdk_platform_lib/kds/KL26Z4/debug/libksdk_platform.a(fsl_clock_MKL26Z4.o)
 .rodata.__func__.6205
                0x0000498b       0x1b C:/Freescale/KSDK_1.2.0/lib/ksdk_platform_lib/kds/KL26Z4/debug/libksdk_platform.a(fsl_clock_MKL26Z4.o)
 .rodata.__func__.6351
                0x000049a6       0x1a C:/Freescale/KSDK_1.2.0/lib/ksdk_platform_lib/kds/KL26Z4/debug/libksdk_platform.a(fsl_clock_MKL26Z4.o)
 .rodata.str1.1
                0x000049c0      0x225 C:/Freescale/KSDK_1.2.0/lib/ksdk_platform_lib/kds/KL26Z4/debug/libksdk_platform.a(fsl_clock_MKL26Z4.o)
 .rodata.__func__.6403
                0x00004be5       0x19 C:/Freescale/KSDK_1.2.0/lib/ksdk_platform_lib/kds/KL26Z4/debug/libksdk_platform.a(fsl_clock_MKL26Z4.o)
 .rodata.portGateTable
                0x00004bfe        0x5 C:/Freescale/KSDK_1.2.0/lib/ksdk_platform_lib/kds/KL26Z4/debug/libksdk_platform.a(fsl_clock_MKL26Z4.o)
 .rodata.__func__.6424
                0x00004c03       0x1b C:/Freescale/KSDK_1.2.0/lib/ksdk_platform_lib/kds/KL26Z4/debug/libksdk_platform.a(fsl_clock_MKL26Z4.o)
 .rodata.__func__.6429
                0x00004c1e       0x1a C:/Freescale/KSDK_1.2.0/lib/ksdk_platform_lib/kds/KL26Z4/debug/libksdk_platform.a(fsl_clock_MKL26Z4.o)
 .rodata.__func__.6613
                0x00004c38       0x15 C:/Freescale/KSDK_1.2.0/lib/ksdk_platform_lib/kds/KL26Z4/debug/libksdk_platform.a(fsl_clock_manager.o)
 .rodata.str1.1
                0x00004c4d       0xaf C:/Freescale/KSDK_1.2.0/lib/ksdk_platform_lib/kds/KL26Z4/debug/libksdk_platform.a(fsl_clock_manager.o)
 .rodata.__func__.6596
                0x00004cfc       0x12 C:/Freescale/KSDK_1.2.0/lib/ksdk_platform_lib/kds/KL26Z4/debug/libksdk_platform.a(fsl_clock_manager.o)
 *fill*         0x00004d0e        0x2 
 .rodata.g_oscBase
                0x00004d10        0x4 C:/Freescale/KSDK_1.2.0/lib/ksdk_platform_lib/kds/KL26Z4/debug/libksdk_platform.a(fsl_clock_manager_common.o)
                0x00004d10                g_oscBase
 .rodata.__func__.6487
                0x00004d14        0xf C:/Freescale/KSDK_1.2.0/lib/ksdk_platform_lib/kds/KL26Z4/debug/libksdk_platform.a(fsl_os_abstraction_bm.o)
 .rodata.__func__.6493
                0x00004d23        0xd C:/Freescale/KSDK_1.2.0/lib/ksdk_platform_lib/kds/KL26Z4/debug/libksdk_platform.a(fsl_os_abstraction_bm.o)
 .rodata.str1.1
                0x00004d30       0x6b C:/Freescale/KSDK_1.2.0/lib/ksdk_platform_lib/kds/KL26Z4/debug/libksdk_platform.a(fsl_os_abstraction_bm.o)
 .rodata.__func__.6497
                0x00004d9b        0xd C:/Freescale/KSDK_1.2.0/lib/ksdk_platform_lib/kds/KL26Z4/debug/libksdk_platform.a(fsl_os_abstraction_bm.o)
 .rodata.__func__.6543
                0x00004da8        0xd C:/Freescale/KSDK_1.2.0/lib/ksdk_platform_lib/kds/KL26Z4/debug/libksdk_platform.a(fsl_os_abstraction_bm.o)
 *fill*         0x00004db5        0x3 
 .rodata.g_rtcBase
                0x00004db8        0x4 C:/Freescale/KSDK_1.2.0/lib/ksdk_platform_lib/kds/KL26Z4/debug/libksdk_platform.a(fsl_rtc_common.o)
                0x00004db8                g_rtcBase
 .rodata.fllFactorTable.5213
                0x00004dbc       0x10 C:/Freescale/KSDK_1.2.0/lib/ksdk_platform_lib/kds/KL26Z4/debug/libksdk_platform.a(fsl_mcg_hal.o)
 .rodata.kI2CDividerTable
                0x00004dcc       0xc8 C:/Freescale/KSDK_1.2.0/lib/ksdk_platform_lib/kds/KL26Z4/debug/libksdk_platform.a(fsl_i2c_hal.o)
                0x00004dcc                kI2CDividerTable
 .rodata.__func__.5176
                0x00004e94       0x11 C:/Freescale/KSDK_1.2.0/lib/ksdk_platform_lib/kds/KL26Z4/debug/libksdk_platform.a(fsl_i2c_hal.o)
 .rodata.str1.1
                0x00004ea5       0x55 C:/Freescale/KSDK_1.2.0/lib/ksdk_platform_lib/kds/KL26Z4/debug/libksdk_platform.a(fsl_i2c_hal.o)
 .rodata.__func__.6933
                0x00004efa       0x18 C:/Freescale/KSDK_1.2.0/lib/ksdk_platform_lib/kds/KL26Z4/debug/libksdk_platform.a(fsl_i2c_slave_driver.o)
 .rodata.str1.1
                0x00004f12       0x4e C:/Freescale/KSDK_1.2.0/lib/ksdk_platform_lib/kds/KL26Z4/debug/libksdk_platform.a(fsl_i2c_slave_driver.o)
                                 0xef (size before relaxing)
 .rodata.str1.1
                0x00004f60       0x3c c:/freescale/kds_3.0.0/toolchain/bin/../lib/gcc/arm-none-eabi/4.8.4/../../../../arm-none-eabi/lib/armv6-m\libg_s.a(lib_a-assert.o)
                                 0x3d (size before relaxing)
 .rodata.str1.1
                0x00004f9c        0x2 c:/freescale/kds_3.0.0/toolchain/bin/../lib/gcc/arm-none-eabi/4.8.4/../../../../arm-none-eabi/lib/armv6-m\libg_s.a(lib_a-impure.o)
 *fill*         0x00004f9e        0x2 
 .rodata._global_impure_ptr
                0x00004fa0        0x4 c:/freescale/kds_3.0.0/toolchain/bin/../lib/gcc/arm-none-eabi/4.8.4/../../../../arm-none-eabi/lib/armv6-m\libg_s.a(lib_a-impure.o)
                0x00004fa0                _global_impure_ptr
 .rodata.str1.1
                0x00004fa4       0x11 c:/freescale/kds_3.0.0/toolchain/bin/../lib/gcc/arm-none-eabi/4.8.4/../../../../arm-none-eabi/lib/armv6-m\libg_s.a(lib_a-vfprintf.o)
 .rodata.str1.1
                0x00004fb5       0x22 c:/freescale/kds_3.0.0/toolchain/bin/../lib/gcc/arm-none-eabi/4.8.4/../../../../arm-none-eabi/lib/armv6-m\libg_s.a(lib_a-vfprintf_i.o)
 *fill*         0x00004fd7        0x1 
 .rodata.__sf_fake_stdin
                0x00004fd8       0x20 c:/freescale/kds_3.0.0/toolchain/bin/../lib/gcc/arm-none-eabi/4.8.4/../../../../arm-none-eabi/lib/armv6-m\libg_s.a(lib_a-findfp.o)
                0x00004fd8                __sf_fake_stdin
 .rodata.__sf_fake_stdout
                0x00004ff8       0x20 c:/freescale/kds_3.0.0/toolchain/bin/../lib/gcc/arm-none-eabi/4.8.4/../../../../arm-none-eabi/lib/armv6-m\libg_s.a(lib_a-findfp.o)
                0x00004ff8                __sf_fake_stdout
 .rodata.__sf_fake_stderr
                0x00005018       0x20 c:/freescale/kds_3.0.0/toolchain/bin/../lib/gcc/arm-none-eabi/4.8.4/../../../../arm-none-eabi/lib/armv6-m\libg_s.a(lib_a-findfp.o)
                0x00005018                __sf_fake_stderr
 *(.glue_7)
 .glue_7        0x00000000        0x0 linker stubs
 *(.glue_7t)
 .glue_7t       0x00000000        0x0 linker stubs
 *(.eh_frame)
 .eh_frame      0x00005038        0x0 c:/freescale/kds_3.0.0/toolchain/bin/../lib/gcc/arm-none-eabi/4.8.4/armv6-m/crtbegin.o
 *(.init)
 .init          0x00005038        0x4 c:/freescale/kds_3.0.0/toolchain/bin/../lib/gcc/arm-none-eabi/4.8.4/armv6-m/crti.o
                0x00005038                _init
 .init          0x0000503c        0x8 c:/freescale/kds_3.0.0/toolchain/bin/../lib/gcc/arm-none-eabi/4.8.4/armv6-m/crtn.o
 *(.fini)
 .fini          0x00005044        0x4 c:/freescale/kds_3.0.0/toolchain/bin/../lib/gcc/arm-none-eabi/4.8.4/armv6-m/crti.o
                0x00005044                _fini
 .fini          0x00005048        0x8 c:/freescale/kds_3.0.0/toolchain/bin/../lib/gcc/arm-none-eabi/4.8.4/armv6-m/crtn.o
                0x00005050                . = ALIGN (0x4)

.vfp11_veneer   0x00005050        0x0
 .vfp11_veneer  0x00000000        0x0 linker stubs

.v4_bx          0x00005050        0x0
 .v4_bx         0x00000000        0x0 linker stubs

.iplt           0x00005050        0x0
 .iplt          0x00000000        0x0 c:/freescale/kds_3.0.0/toolchain/bin/../lib/gcc/arm-none-eabi/4.8.4/armv6-m/crtbegin.o

.ARM.extab
 *(.ARM.extab* .gnu.linkonce.armextab.*)

.ARM            0x00005050        0x8
                0x00005050                __exidx_start = .
 *(.ARM.exidx*)
 .ARM.exidx     0x00005050        0x8 c:/freescale/kds_3.0.0/toolchain/bin/../lib/gcc/arm-none-eabi/4.8.4/../../../../arm-none-eabi/lib/armv6-m/crt0.o
                0x00005058                __exidx_end = .

.rel.dyn        0x00005058        0x0
 .rel.iplt      0x00000000        0x0 c:/freescale/kds_3.0.0/toolchain/bin/../lib/gcc/arm-none-eabi/4.8.4/armv6-m/crtbegin.o

.ctors          0x00005058        0x0
                0x00005058                __CTOR_LIST__ = .
 *crtbegin.o(.ctors)
 *crtbegin?.o(.ctors)
 *(EXCLUDE_FILE(*crtend.o *crtend?.o) .ctors)
 *(SORT(.ctors.*))
 *(.ctors)
                0x00005058                __CTOR_END__ = .

.dtors          0x00005058        0x0
                0x00005058                __DTOR_LIST__ = .
 *crtbegin.o(.dtors)
 *crtbegin?.o(.dtors)
 *(EXCLUDE_FILE(*crtend.o *crtend?.o) .dtors)
 *(SORT(.dtors.*))
 *(.dtors)
                0x00005058                __DTOR_END__ = .

.preinit_array  0x00005058        0x0
                0x00005058                PROVIDE (__preinit_array_start, .)
 *(.preinit_array*)
                0x00005058                PROVIDE (__preinit_array_end, .)

.init_array     0x00005058        0x4
                0x00005058                PROVIDE (__init_array_start, .)
 *(SORT(.init_array.*))
 *(.init_array*)
 .init_array    0x00005058        0x4 c:/freescale/kds_3.0.0/toolchain/bin/../lib/gcc/arm-none-eabi/4.8.4/armv6-m/crtbegin.o
                0x0000505c                PROVIDE (__init_array_end, .)

.fini_array     0x0000505c        0x4
                0x0000505c                PROVIDE (__fini_array_start, .)
 *(SORT(.fini_array.*))
 *(.fini_array*)
 .fini_array    0x0000505c        0x4 c:/freescale/kds_3.0.0/toolchain/bin/../lib/gcc/arm-none-eabi/4.8.4/armv6-m/crtbegin.o
                0x00005060                PROVIDE (__fini_array_end, .)
                0x00005060                __etext = .
                0x00005060                __DATA_ROM = .

.mtb            0x1ffff000        0x0
                0x1ffff000                . = ALIGN (0x8)
                0x1ffff000                _mtb_start = .
 *(.mtb_buf)
                0x1ffff000                . = ALIGN (0x8)
                0x1ffff000                _mtb_end = .

.interrupts_ram
                0x1ffff000        0x0
                0x1ffff000                . = ALIGN (0x4)
                0x1ffff000                __VECTOR_RAM__ = .
                0x1ffff000                __interrupts_ram_start__ = .
 *(.m_interrupts_ram)
                0x1ffff000                . = (. + M_VECTOR_RAM_SIZE)
                0x1ffff000                . = ALIGN (0x4)
                0x1ffff000                __interrupts_ram_end__ = .
                0x00000000                __VECTOR_RAM = DEFINED (__ram_vector_table__)?__VECTOR_RAM__:ORIGIN (m_interrupts)
                0x00000000                __RAM_VECTOR_TABLE_SIZE_BYTES = DEFINED (__ram_vector_table__)?(__interrupts_ram_end__ - __interrupts_ram_start__):0x0

.data           0x1ffff000       0x94 load address 0x00005060
                0x1ffff000                . = ALIGN (0x4)
                0x1ffff000                __DATA_RAM = .
                0x1ffff000                __data_start__ = .
 *(.data)
 *(.data*)
 .data.ACCU_CTR_1
                0x1ffff000        0x4 ./Sources/main.o
                0x1ffff000                ACCU_CTR_1
 .data.MAG_CTR_1
                0x1ffff004        0x4 ./Sources/main.o
                0x1ffff004                MAG_CTR_1
 .data.MAG_CTR_2
                0x1ffff008        0x4 ./Sources/main.o
                0x1ffff008                MAG_CTR_2
 .data.XYZ_DATA_REG
                0x1ffff00c        0x4 ./Sources/main.o
                0x1ffff00c                XYZ_DATA_REG
 .data.STN_OFF  0x1ffff010        0x4 ./Sources/main.o
                0x1ffff010                STN_OFF
 .data.MAG_REG_1
                0x1ffff014        0x4 ./Sources/main.o
                0x1ffff014                MAG_REG_1
 .data.MAG_REG_2
                0x1ffff018        0x4 ./Sources/main.o
                0x1ffff018                MAG_REG_2
 .data.XYZ_DATA
                0x1ffff01c        0x4 ./Sources/main.o
                0x1ffff01c                XYZ_DATA
 .data.SystemCoreClock
                0x1ffff020        0x4 ./Project_Settings/Startup_Code/system_MKL26Z4.o
                0x1ffff020                SystemCoreClock
 .data.g_slowInternalRefClkFreq
                0x1ffff024        0x4 C:/Freescale/KSDK_1.2.0/lib/ksdk_platform_lib/kds/KL26Z4/debug/libksdk_platform.a(fsl_mcg_hal.o)
                0x1ffff024                g_slowInternalRefClkFreq
 .data.g_fastInternalRefClkFreq
                0x1ffff028        0x4 C:/Freescale/KSDK_1.2.0/lib/ksdk_platform_lib/kds/KL26Z4/debug/libksdk_platform.a(fsl_mcg_hal.o)
                0x1ffff028                g_fastInternalRefClkFreq
 .data.impure_data
                0x1ffff02c       0x60 c:/freescale/kds_3.0.0/toolchain/bin/../lib/gcc/arm-none-eabi/4.8.4/../../../../arm-none-eabi/lib/armv6-m\libg_s.a(lib_a-impure.o)
 .data._impure_ptr
                0x1ffff08c        0x4 c:/freescale/kds_3.0.0/toolchain/bin/../lib/gcc/arm-none-eabi/4.8.4/../../../../arm-none-eabi/lib/armv6-m\libg_s.a(lib_a-impure.o)
                0x1ffff08c                _impure_ptr
 *(.jcr*)
 .jcr           0x1ffff090        0x0 c:/freescale/kds_3.0.0/toolchain/bin/../lib/gcc/arm-none-eabi/4.8.4/armv6-m/crtbegin.o
 .jcr           0x1ffff090        0x4 c:/freescale/kds_3.0.0/toolchain/bin/../lib/gcc/arm-none-eabi/4.8.4/armv6-m/crtend.o
                0x1ffff094                . = ALIGN (0x4)
                0x1ffff094                __data_end__ = .
                0x000050f4                __DATA_END = (__DATA_ROM + (__data_end__ - __data_start__))

.igot.plt       0x1ffff094        0x0 load address 0x000050f4
 .igot.plt      0x00000000        0x0 c:/freescale/kds_3.0.0/toolchain/bin/../lib/gcc/arm-none-eabi/4.8.4/armv6-m/crtbegin.o

.bss            0x1ffff094       0xfc load address 0x000050f4
                0x1ffff094                . = ALIGN (0x4)
                0x1ffff094                __START_BSS = .
                0x1ffff094                __bss_start__ = .
 *(.bss)
 .bss           0x1ffff094       0x1c c:/freescale/kds_3.0.0/toolchain/bin/../lib/gcc/arm-none-eabi/4.8.4/armv6-m/crtbegin.o
 *(.bss*)
 .bss.s_debugConsole
                0x1ffff0b0       0x10 ./Utilities/fsl_debug_console.o
 .bss.rxBuff    0x1ffff0c0       0x10 ./Sources/main.o
                0x1ffff0c0                rxBuff
 .bss.READ_DATA
                0x1ffff0d0        0x4 ./Sources/main.o
                0x1ffff0d0                READ_DATA
 .bss.STN_ON    0x1ffff0d4        0x4 ./Sources/main.o
                0x1ffff0d4                STN_ON
 .bss.BufferStage
                0x1ffff0d8        0x4 ./Sources/main.o
                0x1ffff0d8                BufferStage
 .bss.g_i2cStatePtr
                0x1ffff0dc        0x8 C:/Freescale/KSDK_1.2.0/lib/ksdk_platform_lib/kds/KL26Z4/debug/libksdk_platform.a(fsl_i2c_common.o)
                0x1ffff0dc                g_i2cStatePtr
 .bss.g_freeTaskControlBlock
                0x1ffff0e4        0x4 C:/Freescale/KSDK_1.2.0/lib/ksdk_platform_lib/kds/KL26Z4/debug/libksdk_platform.a(fsl_os_abstraction_bm.o)
 .bss.g_taskControlBlockPool
                0x1ffff0e8       0x50 C:/Freescale/KSDK_1.2.0/lib/ksdk_platform_lib/kds/KL26Z4/debug/libksdk_platform.a(fsl_os_abstraction_bm.o)
 .bss.g_taskListHead
                0x1ffff138       0x10 C:/Freescale/KSDK_1.2.0/lib/ksdk_platform_lib/kds/KL26Z4/debug/libksdk_platform.a(fsl_os_abstraction_bm.o)
 .bss.g_xtal0ClkFreq
                0x1ffff148        0x4 C:/Freescale/KSDK_1.2.0/lib/ksdk_platform_lib/kds/KL26Z4/debug/libksdk_platform.a(fsl_mcg_hal.o)
                0x1ffff148                g_xtal0ClkFreq
 .bss.g_xtalRtcClkFreq
                0x1ffff14c        0x4 C:/Freescale/KSDK_1.2.0/lib/ksdk_platform_lib/kds/KL26Z4/debug/libksdk_platform.a(fsl_mcg_hal.o)
                0x1ffff14c                g_xtalRtcClkFreq
 .bss.g_interruptDisableCount
                0x1ffff150        0x4 C:/Freescale/KSDK_1.2.0/lib/ksdk_platform_lib/kds/KL26Z4/debug/libksdk_platform.a(fsl_interrupt_manager.o)
                0x1ffff150                g_interruptDisableCount
 .bss.__malloc_sbrk_start
                0x1ffff154        0x4 c:/freescale/kds_3.0.0/toolchain/bin/../lib/gcc/arm-none-eabi/4.8.4/../../../../arm-none-eabi/lib/armv6-m\libg_s.a(lib_a-nano-mallocr.o)
                0x1ffff154                __malloc_sbrk_start
 .bss.__malloc_free_list
                0x1ffff158        0x4 c:/freescale/kds_3.0.0/toolchain/bin/../lib/gcc/arm-none-eabi/4.8.4/../../../../arm-none-eabi/lib/armv6-m\libg_s.a(lib_a-nano-mallocr.o)
                0x1ffff158                __malloc_free_list
 .bss.heap_end.4246
                0x1ffff15c        0x4 c:/freescale/kds_3.0.0/toolchain/bin/../lib/gcc/arm-none-eabi/4.8.4/../../../../arm-none-eabi/lib/armv6-m\libnosys.a(sbrk.o)
 *(COMMON)
 COMMON         0x1ffff160       0x2c ./Sources/main.o
                0x1ffff160                CommandBuffer
                0x1ffff174                x
                0x1ffff178                z
                0x1ffff17c                magnet
                0x1ffff180                y
                0x1ffff184                TXBUFF
                0x1ffff188                count
 COMMON         0x1ffff18c        0x4 c:/freescale/kds_3.0.0/toolchain/bin/../lib/gcc/arm-none-eabi/4.8.4/../../../../arm-none-eabi/lib/armv6-m\libg_s.a(lib_a-reent.o)
                0x1ffff18c                errno
                0x1ffff190                . = ALIGN (0x4)
                0x1ffff190                __bss_end__ = .
                0x1ffff190                __END_BSS = .

.heap           0x1ffff190      0x400 load address 0x000051f0
                0x1ffff190                . = ALIGN (0x8)
                0x1ffff190                __end__ = .
                0x1ffff190                PROVIDE (end, .)
                0x1ffff190                __HeapBase = .
                0x1ffff590                . = (. + HEAP_SIZE)
 *fill*         0x1ffff190      0x400 
                0x1ffff590                __HeapLimit = .

.stack          0x1ffff590      0x400 load address 0x000055f0
                0x1ffff590                . = ALIGN (0x8)
                0x1ffff990                . = (. + STACK_SIZE)
 *fill*         0x1ffff590      0x400 
                0x20003000                __StackTop = (ORIGIN (m_data) + 0x4000)
                0x20002c00                __StackLimit = (__StackTop - STACK_SIZE)
                0x20003000                PROVIDE (__stack, __StackTop)

.ARM.attributes
                0x00000000       0x28
 *(.ARM.attributes)
 .ARM.attributes
                0x00000000       0x1e c:/freescale/kds_3.0.0/toolchain/bin/../lib/gcc/arm-none-eabi/4.8.4/armv6-m/crti.o
 .ARM.attributes
                0x0000001e       0x2c c:/freescale/kds_3.0.0/toolchain/bin/../lib/gcc/arm-none-eabi/4.8.4/armv6-m/crtbegin.o
 .ARM.attributes
                0x0000004a       0x1b c:/freescale/kds_3.0.0/toolchain/bin/../lib/gcc/arm-none-eabi/4.8.4/../../../../arm-none-eabi/lib/armv6-m/crt0.o
 .ARM.attributes
                0x00000065       0x32 ./Utilities/fsl_debug_console.o
 .ARM.attributes
                0x00000097       0x32 ./Utilities/print_scan.o
 .ARM.attributes
                0x000000c9       0x32 ./Sources/fsl_i2c_irq.o
 .ARM.attributes
                0x000000fb       0x32 ./Sources/main.o
 .ARM.attributes
                0x0000012d       0x32 ./Project_Settings/Startup_Code/startup.o
 .ARM.attributes
                0x0000015f       0x1b ./Project_Settings/Startup_Code/startup_MKL26Z4.o
 .ARM.attributes
                0x0000017a       0x32 ./Project_Settings/Startup_Code/system_MKL26Z4.o
 .ARM.attributes
                0x000001ac       0x32 ./Board/board.o
 .ARM.attributes
                0x000001de       0x32 ./Board/hardware_init.o
 .ARM.attributes
                0x00000210       0x32 ./Board/pin_mux.o
 .ARM.attributes
                0x00000242       0x32 C:/Freescale/KSDK_1.2.0/lib/ksdk_platform_lib/kds/KL26Z4/debug/libksdk_platform.a(fsl_uart_hal.o)
 .ARM.attributes
                0x00000274       0x32 C:/Freescale/KSDK_1.2.0/lib/ksdk_platform_lib/kds/KL26Z4/debug/libksdk_platform.a(fsl_lpsci_hal.o)
 .ARM.attributes
                0x000002a6       0x32 C:/Freescale/KSDK_1.2.0/lib/ksdk_platform_lib/kds/KL26Z4/debug/libksdk_platform.a(fsl_i2c_master_driver.o)
 .ARM.attributes
                0x000002d8       0x32 C:/Freescale/KSDK_1.2.0/lib/ksdk_platform_lib/kds/KL26Z4/debug/libksdk_platform.a(fsl_i2c_common.o)
 .ARM.attributes
                0x0000030a       0x32 C:/Freescale/KSDK_1.2.0/lib/ksdk_platform_lib/kds/KL26Z4/debug/libksdk_platform.a(fsl_i2c_shared_function.o)
 .ARM.attributes
                0x0000033c       0x32 C:/Freescale/KSDK_1.2.0/lib/ksdk_platform_lib/kds/KL26Z4/debug/libksdk_platform.a(fsl_clock_MKL26Z4.o)
 .ARM.attributes
                0x0000036e       0x32 C:/Freescale/KSDK_1.2.0/lib/ksdk_platform_lib/kds/KL26Z4/debug/libksdk_platform.a(fsl_clock_manager.o)
 .ARM.attributes
                0x000003a0       0x32 C:/Freescale/KSDK_1.2.0/lib/ksdk_platform_lib/kds/KL26Z4/debug/libksdk_platform.a(fsl_clock_manager_common.o)
 .ARM.attributes
                0x000003d2       0x32 C:/Freescale/KSDK_1.2.0/lib/ksdk_platform_lib/kds/KL26Z4/debug/libksdk_platform.a(fsl_os_abstraction_bm.o)
 .ARM.attributes
                0x00000404       0x32 C:/Freescale/KSDK_1.2.0/lib/ksdk_platform_lib/kds/KL26Z4/debug/libksdk_platform.a(fsl_sim_hal_MKL26Z4.o)
 .ARM.attributes
                0x00000436       0x32 C:/Freescale/KSDK_1.2.0/lib/ksdk_platform_lib/kds/KL26Z4/debug/libksdk_platform.a(fsl_rtc_common.o)
 .ARM.attributes
                0x00000468       0x32 C:/Freescale/KSDK_1.2.0/lib/ksdk_platform_lib/kds/KL26Z4/debug/libksdk_platform.a(fsl_osc_hal.o)
 .ARM.attributes
                0x0000049a       0x32 C:/Freescale/KSDK_1.2.0/lib/ksdk_platform_lib/kds/KL26Z4/debug/libksdk_platform.a(fsl_mcg_hal.o)
 .ARM.attributes
                0x000004cc       0x32 C:/Freescale/KSDK_1.2.0/lib/ksdk_platform_lib/kds/KL26Z4/debug/libksdk_platform.a(fsl_mcg_hal_modes.o)
 .ARM.attributes
                0x000004fe       0x32 C:/Freescale/KSDK_1.2.0/lib/ksdk_platform_lib/kds/KL26Z4/debug/libksdk_platform.a(fsl_lptmr_hal.o)
 .ARM.attributes
                0x00000530       0x32 C:/Freescale/KSDK_1.2.0/lib/ksdk_platform_lib/kds/KL26Z4/debug/libksdk_platform.a(fsl_interrupt_manager.o)
 .ARM.attributes
                0x00000562       0x32 C:/Freescale/KSDK_1.2.0/lib/ksdk_platform_lib/kds/KL26Z4/debug/libksdk_platform.a(fsl_i2c_hal.o)
 .ARM.attributes
                0x00000594       0x32 C:/Freescale/KSDK_1.2.0/lib/ksdk_platform_lib/kds/KL26Z4/debug/libksdk_platform.a(fsl_i2c_slave_driver.o)
 .ARM.attributes
                0x000005c6       0x1e c:/freescale/kds_3.0.0/toolchain/bin/../lib/gcc/arm-none-eabi/4.8.4/armv6-m\libgcc.a(_thumb1_case_uqi.o)
 .ARM.attributes
                0x000005e4       0x1e c:/freescale/kds_3.0.0/toolchain/bin/../lib/gcc/arm-none-eabi/4.8.4/armv6-m\libgcc.a(_udivsi3.o)
 .ARM.attributes
                0x00000602       0x1e c:/freescale/kds_3.0.0/toolchain/bin/../lib/gcc/arm-none-eabi/4.8.4/armv6-m\libgcc.a(_divsi3.o)
 .ARM.attributes
                0x00000620       0x1e c:/freescale/kds_3.0.0/toolchain/bin/../lib/gcc/arm-none-eabi/4.8.4/armv6-m\libgcc.a(_dvmd_tls.o)
 .ARM.attributes
                0x0000063e       0x2c c:/freescale/kds_3.0.0/toolchain/bin/../lib/gcc/arm-none-eabi/4.8.4/../../../../arm-none-eabi/lib/armv6-m\libg_s.a(lib_a-assert.o)
 .ARM.attributes
                0x0000066a       0x2c c:/freescale/kds_3.0.0/toolchain/bin/../lib/gcc/arm-none-eabi/4.8.4/../../../../arm-none-eabi/lib/armv6-m\libg_s.a(lib_a-exit.o)
 .ARM.attributes
                0x00000696       0x2c c:/freescale/kds_3.0.0/toolchain/bin/../lib/gcc/arm-none-eabi/4.8.4/../../../../arm-none-eabi/lib/armv6-m\libg_s.a(lib_a-fprintf.o)
 .ARM.attributes
                0x000006c2       0x2c c:/freescale/kds_3.0.0/toolchain/bin/../lib/gcc/arm-none-eabi/4.8.4/../../../../arm-none-eabi/lib/armv6-m\libg_s.a(lib_a-impure.o)
 .ARM.attributes
                0x000006ee       0x2c c:/freescale/kds_3.0.0/toolchain/bin/../lib/gcc/arm-none-eabi/4.8.4/../../../../arm-none-eabi/lib/armv6-m\libg_s.a(lib_a-init.o)
 .ARM.attributes
                0x0000071a       0x2c c:/freescale/kds_3.0.0/toolchain/bin/../lib/gcc/arm-none-eabi/4.8.4/../../../../arm-none-eabi/lib/armv6-m\libg_s.a(lib_a-memset.o)
 .ARM.attributes
                0x00000746       0x2c c:/freescale/kds_3.0.0/toolchain/bin/../lib/gcc/arm-none-eabi/4.8.4/../../../../arm-none-eabi/lib/armv6-m\libg_s.a(lib_a-nano-freer.o)
 .ARM.attributes
                0x00000772       0x2c c:/freescale/kds_3.0.0/toolchain/bin/../lib/gcc/arm-none-eabi/4.8.4/../../../../arm-none-eabi/lib/armv6-m\libg_s.a(lib_a-nano-mallocr.o)
 .ARM.attributes
                0x0000079e       0x2c c:/freescale/kds_3.0.0/toolchain/bin/../lib/gcc/arm-none-eabi/4.8.4/../../../../arm-none-eabi/lib/armv6-m\libg_s.a(lib_a-sbrkr.o)
 .ARM.attributes
                0x000007ca       0x2c c:/freescale/kds_3.0.0/toolchain/bin/../lib/gcc/arm-none-eabi/4.8.4/../../../../arm-none-eabi/lib/armv6-m\libg_s.a(lib_a-strlen.o)
 .ARM.attributes
                0x000007f6       0x2c c:/freescale/kds_3.0.0/toolchain/bin/../lib/gcc/arm-none-eabi/4.8.4/../../../../arm-none-eabi/lib/armv6-m\libg_s.a(lib_a-vfprintf.o)
 .ARM.attributes
                0x00000822       0x2c c:/freescale/kds_3.0.0/toolchain/bin/../lib/gcc/arm-none-eabi/4.8.4/../../../../arm-none-eabi/lib/armv6-m\libg_s.a(lib_a-vfprintf_i.o)
 .ARM.attributes
                0x0000084e       0x2c c:/freescale/kds_3.0.0/toolchain/bin/../lib/gcc/arm-none-eabi/4.8.4/../../../../arm-none-eabi/lib/armv6-m\libg_s.a(lib_a-wbuf.o)
 .ARM.attributes
                0x0000087a       0x2c c:/freescale/kds_3.0.0/toolchain/bin/../lib/gcc/arm-none-eabi/4.8.4/../../../../arm-none-eabi/lib/armv6-m\libg_s.a(lib_a-wsetup.o)
 .ARM.attributes
                0x000008a6       0x2c c:/freescale/kds_3.0.0/toolchain/bin/../lib/gcc/arm-none-eabi/4.8.4/../../../../arm-none-eabi/lib/armv6-m\libg_s.a(lib_a-abort.o)
 .ARM.attributes
                0x000008d2       0x2c c:/freescale/kds_3.0.0/toolchain/bin/../lib/gcc/arm-none-eabi/4.8.4/../../../../arm-none-eabi/lib/armv6-m\libg_s.a(lib_a-fflush.o)
 .ARM.attributes
                0x000008fe       0x2c c:/freescale/kds_3.0.0/toolchain/bin/../lib/gcc/arm-none-eabi/4.8.4/../../../../arm-none-eabi/lib/armv6-m\libg_s.a(lib_a-findfp.o)
 .ARM.attributes
                0x0000092a       0x2c c:/freescale/kds_3.0.0/toolchain/bin/../lib/gcc/arm-none-eabi/4.8.4/../../../../arm-none-eabi/lib/armv6-m\libg_s.a(lib_a-makebuf.o)
 .ARM.attributes
                0x00000956       0x2c c:/freescale/kds_3.0.0/toolchain/bin/../lib/gcc/arm-none-eabi/4.8.4/../../../../arm-none-eabi/lib/armv6-m\libg_s.a(lib_a-memchr-stub.o)
 .ARM.attributes
                0x00000982       0x2c c:/freescale/kds_3.0.0/toolchain/bin/../lib/gcc/arm-none-eabi/4.8.4/../../../../arm-none-eabi/lib/armv6-m\libg_s.a(lib_a-reent.o)
 .ARM.attributes
                0x000009ae       0x2c c:/freescale/kds_3.0.0/toolchain/bin/../lib/gcc/arm-none-eabi/4.8.4/../../../../arm-none-eabi/lib/armv6-m\libg_s.a(lib_a-signal.o)
 .ARM.attributes
                0x000009da       0x2c c:/freescale/kds_3.0.0/toolchain/bin/../lib/gcc/arm-none-eabi/4.8.4/../../../../arm-none-eabi/lib/armv6-m\libg_s.a(lib_a-signalr.o)
 .ARM.attributes
                0x00000a06       0x2c c:/freescale/kds_3.0.0/toolchain/bin/../lib/gcc/arm-none-eabi/4.8.4/../../../../arm-none-eabi/lib/armv6-m\libg_s.a(lib_a-stdio.o)
 .ARM.attributes
                0x00000a32       0x2c c:/freescale/kds_3.0.0/toolchain/bin/../lib/gcc/arm-none-eabi/4.8.4/../../../../arm-none-eabi/lib/armv6-m\libg_s.a(lib_a-writer.o)
 .ARM.attributes
                0x00000a5e       0x2c c:/freescale/kds_3.0.0/toolchain/bin/../lib/gcc/arm-none-eabi/4.8.4/../../../../arm-none-eabi/lib/armv6-m\libg_s.a(lib_a-closer.o)
 .ARM.attributes
                0x00000a8a       0x2c c:/freescale/kds_3.0.0/toolchain/bin/../lib/gcc/arm-none-eabi/4.8.4/../../../../arm-none-eabi/lib/armv6-m\libg_s.a(lib_a-fstatr.o)
 .ARM.attributes
                0x00000ab6       0x2c c:/freescale/kds_3.0.0/toolchain/bin/../lib/gcc/arm-none-eabi/4.8.4/../../../../arm-none-eabi/lib/armv6-m\libg_s.a(lib_a-isattyr.o)
 .ARM.attributes
                0x00000ae2       0x2c c:/freescale/kds_3.0.0/toolchain/bin/../lib/gcc/arm-none-eabi/4.8.4/../../../../arm-none-eabi/lib/armv6-m\libg_s.a(lib_a-lseekr.o)
 .ARM.attributes
                0x00000b0e       0x2c c:/freescale/kds_3.0.0/toolchain/bin/../lib/gcc/arm-none-eabi/4.8.4/../../../../arm-none-eabi/lib/armv6-m\libg_s.a(lib_a-readr.o)
 .ARM.attributes
                0x00000b3a       0x2c c:/freescale/kds_3.0.0/toolchain/bin/../lib/gcc/arm-none-eabi/4.8.4/../../../../arm-none-eabi/lib/armv6-m\libnosys.a(close.o)
 .ARM.attributes
                0x00000b66       0x2c c:/freescale/kds_3.0.0/toolchain/bin/../lib/gcc/arm-none-eabi/4.8.4/../../../../arm-none-eabi/lib/armv6-m\libnosys.a(fstat.o)
 .ARM.attributes
                0x00000b92       0x2c c:/freescale/kds_3.0.0/toolchain/bin/../lib/gcc/arm-none-eabi/4.8.4/../../../../arm-none-eabi/lib/armv6-m\libnosys.a(getpid.o)
 .ARM.attributes
                0x00000bbe       0x2c c:/freescale/kds_3.0.0/toolchain/bin/../lib/gcc/arm-none-eabi/4.8.4/../../../../arm-none-eabi/lib/armv6-m\libnosys.a(isatty.o)
 .ARM.attributes
                0x00000bea       0x2c c:/freescale/kds_3.0.0/toolchain/bin/../lib/gcc/arm-none-eabi/4.8.4/../../../../arm-none-eabi/lib/armv6-m\libnosys.a(kill.o)
 .ARM.attributes
                0x00000c16       0x2c c:/freescale/kds_3.0.0/toolchain/bin/../lib/gcc/arm-none-eabi/4.8.4/../../../../arm-none-eabi/lib/armv6-m\libnosys.a(lseek.o)
 .ARM.attributes
                0x00000c42       0x2c c:/freescale/kds_3.0.0/toolchain/bin/../lib/gcc/arm-none-eabi/4.8.4/../../../../arm-none-eabi/lib/armv6-m\libnosys.a(sbrk.o)
 .ARM.attributes
                0x00000c6e       0x2c c:/freescale/kds_3.0.0/toolchain/bin/../lib/gcc/arm-none-eabi/4.8.4/../../../../arm-none-eabi/lib/armv6-m\libnosys.a(_exit.o)
 .ARM.attributes
                0x00000c9a       0x2c c:/freescale/kds_3.0.0/toolchain/bin/../lib/gcc/arm-none-eabi/4.8.4/armv6-m/crtend.o
 .ARM.attributes
                0x00000cc6       0x1e c:/freescale/kds_3.0.0/toolchain/bin/../lib/gcc/arm-none-eabi/4.8.4/armv6-m/crtn.o
                0x00000001                ASSERT ((__StackLimit >= __HeapLimit), region m_data overflowed with stack and heap)
OUTPUT(Lab_template.elf elf32-littlearm)

.debug_info     0x00000000    0x128fb
 .debug_info    0x00000000      0xa71 ./Utilities/fsl_debug_console.o
 .debug_info    0x00000a71      0x5eb ./Utilities/print_scan.o
 .debug_info    0x0000105c       0xa0 ./Sources/fsl_i2c_irq.o
 .debug_info    0x000010fc      0xbbf ./Sources/main.o
 .debug_info    0x00001cbb      0x296 ./Project_Settings/Startup_Code/startup.o
 .debug_info    0x00001f51       0x7d ./Project_Settings/Startup_Code/startup_MKL26Z4.o
 .debug_info    0x00001fce      0x432 ./Project_Settings/Startup_Code/system_MKL26Z4.o
 .debug_info    0x00002400      0xa43 ./Board/board.o
 .debug_info    0x00002e43       0xe2 ./Board/hardware_init.o
 .debug_info    0x00002f25      0x4e6 ./Board/pin_mux.o
 .debug_info    0x0000340b      0x934 C:/Freescale/KSDK_1.2.0/lib/ksdk_platform_lib/kds/KL26Z4/debug/libksdk_platform.a(fsl_uart_hal.o)
 .debug_info    0x00003d3f      0x9e2 C:/Freescale/KSDK_1.2.0/lib/ksdk_platform_lib/kds/KL26Z4/debug/libksdk_platform.a(fsl_lpsci_hal.o)
 .debug_info    0x00004721     0x1cde C:/Freescale/KSDK_1.2.0/lib/ksdk_platform_lib/kds/KL26Z4/debug/libksdk_platform.a(fsl_i2c_master_driver.o)
 .debug_info    0x000063ff      0x29b C:/Freescale/KSDK_1.2.0/lib/ksdk_platform_lib/kds/KL26Z4/debug/libksdk_platform.a(fsl_i2c_common.o)
 .debug_info    0x0000669a      0x29d C:/Freescale/KSDK_1.2.0/lib/ksdk_platform_lib/kds/KL26Z4/debug/libksdk_platform.a(fsl_i2c_shared_function.o)
 .debug_info    0x00006937     0x25f0 C:/Freescale/KSDK_1.2.0/lib/ksdk_platform_lib/kds/KL26Z4/debug/libksdk_platform.a(fsl_clock_MKL26Z4.o)
 .debug_info    0x00008f27     0x1c61 C:/Freescale/KSDK_1.2.0/lib/ksdk_platform_lib/kds/KL26Z4/debug/libksdk_platform.a(fsl_clock_manager.o)
 .debug_info    0x0000ab88      0x449 C:/Freescale/KSDK_1.2.0/lib/ksdk_platform_lib/kds/KL26Z4/debug/libksdk_platform.a(fsl_clock_manager_common.o)
 .debug_info    0x0000afd1     0x1c78 C:/Freescale/KSDK_1.2.0/lib/ksdk_platform_lib/kds/KL26Z4/debug/libksdk_platform.a(fsl_os_abstraction_bm.o)
 .debug_info    0x0000cc49      0xbe4 C:/Freescale/KSDK_1.2.0/lib/ksdk_platform_lib/kds/KL26Z4/debug/libksdk_platform.a(fsl_sim_hal_MKL26Z4.o)
 .debug_info    0x0000d82d      0x262 C:/Freescale/KSDK_1.2.0/lib/ksdk_platform_lib/kds/KL26Z4/debug/libksdk_platform.a(fsl_rtc_common.o)
 .debug_info    0x0000da8f       0xef C:/Freescale/KSDK_1.2.0/lib/ksdk_platform_lib/kds/KL26Z4/debug/libksdk_platform.a(fsl_osc_hal.o)
 .debug_info    0x0000db7e      0xd34 C:/Freescale/KSDK_1.2.0/lib/ksdk_platform_lib/kds/KL26Z4/debug/libksdk_platform.a(fsl_mcg_hal.o)
 .debug_info    0x0000e8b2      0xf3b C:/Freescale/KSDK_1.2.0/lib/ksdk_platform_lib/kds/KL26Z4/debug/libksdk_platform.a(fsl_mcg_hal_modes.o)
 .debug_info    0x0000f7ed      0x506 C:/Freescale/KSDK_1.2.0/lib/ksdk_platform_lib/kds/KL26Z4/debug/libksdk_platform.a(fsl_lptmr_hal.o)
 .debug_info    0x0000fcf3      0x2b2 C:/Freescale/KSDK_1.2.0/lib/ksdk_platform_lib/kds/KL26Z4/debug/libksdk_platform.a(fsl_interrupt_manager.o)
 .debug_info    0x0000ffa5      0xedc C:/Freescale/KSDK_1.2.0/lib/ksdk_platform_lib/kds/KL26Z4/debug/libksdk_platform.a(fsl_i2c_hal.o)
 .debug_info    0x00010e81     0x1a7a C:/Freescale/KSDK_1.2.0/lib/ksdk_platform_lib/kds/KL26Z4/debug/libksdk_platform.a(fsl_i2c_slave_driver.o)

.debug_abbrev   0x00000000     0x36b5
 .debug_abbrev  0x00000000      0x23a ./Utilities/fsl_debug_console.o
 .debug_abbrev  0x0000023a      0x1b6 ./Utilities/print_scan.o
 .debug_abbrev  0x000003f0       0x45 ./Sources/fsl_i2c_irq.o
 .debug_abbrev  0x00000435      0x289 ./Sources/main.o
 .debug_abbrev  0x000006be       0xe9 ./Project_Settings/Startup_Code/startup.o
 .debug_abbrev  0x000007a7       0x14 ./Project_Settings/Startup_Code/startup_MKL26Z4.o
 .debug_abbrev  0x000007bb      0x109 ./Project_Settings/Startup_Code/system_MKL26Z4.o
 .debug_abbrev  0x000008c4      0x202 ./Board/board.o
 .debug_abbrev  0x00000ac6       0x75 ./Board/hardware_init.o
 .debug_abbrev  0x00000b3b      0x128 ./Board/pin_mux.o
 .debug_abbrev  0x00000c63      0x27e C:/Freescale/KSDK_1.2.0/lib/ksdk_platform_lib/kds/KL26Z4/debug/libksdk_platform.a(fsl_uart_hal.o)
 .debug_abbrev  0x00000ee1      0x228 C:/Freescale/KSDK_1.2.0/lib/ksdk_platform_lib/kds/KL26Z4/debug/libksdk_platform.a(fsl_lpsci_hal.o)
 .debug_abbrev  0x00001109      0x3e9 C:/Freescale/KSDK_1.2.0/lib/ksdk_platform_lib/kds/KL26Z4/debug/libksdk_platform.a(fsl_i2c_master_driver.o)
 .debug_abbrev  0x000014f2       0xc4 C:/Freescale/KSDK_1.2.0/lib/ksdk_platform_lib/kds/KL26Z4/debug/libksdk_platform.a(fsl_i2c_common.o)
 .debug_abbrev  0x000015b6      0x177 C:/Freescale/KSDK_1.2.0/lib/ksdk_platform_lib/kds/KL26Z4/debug/libksdk_platform.a(fsl_i2c_shared_function.o)
 .debug_abbrev  0x0000172d      0x454 C:/Freescale/KSDK_1.2.0/lib/ksdk_platform_lib/kds/KL26Z4/debug/libksdk_platform.a(fsl_clock_MKL26Z4.o)
 .debug_abbrev  0x00001b81      0x3d0 C:/Freescale/KSDK_1.2.0/lib/ksdk_platform_lib/kds/KL26Z4/debug/libksdk_platform.a(fsl_clock_manager.o)
 .debug_abbrev  0x00001f51       0xdb C:/Freescale/KSDK_1.2.0/lib/ksdk_platform_lib/kds/KL26Z4/debug/libksdk_platform.a(fsl_clock_manager_common.o)
 .debug_abbrev  0x0000202c      0x3f9 C:/Freescale/KSDK_1.2.0/lib/ksdk_platform_lib/kds/KL26Z4/debug/libksdk_platform.a(fsl_os_abstraction_bm.o)
 .debug_abbrev  0x00002425      0x1bb C:/Freescale/KSDK_1.2.0/lib/ksdk_platform_lib/kds/KL26Z4/debug/libksdk_platform.a(fsl_sim_hal_MKL26Z4.o)
 .debug_abbrev  0x000025e0       0xae C:/Freescale/KSDK_1.2.0/lib/ksdk_platform_lib/kds/KL26Z4/debug/libksdk_platform.a(fsl_rtc_common.o)
 .debug_abbrev  0x0000268e       0xa8 C:/Freescale/KSDK_1.2.0/lib/ksdk_platform_lib/kds/KL26Z4/debug/libksdk_platform.a(fsl_osc_hal.o)
 .debug_abbrev  0x00002736      0x314 C:/Freescale/KSDK_1.2.0/lib/ksdk_platform_lib/kds/KL26Z4/debug/libksdk_platform.a(fsl_mcg_hal.o)
 .debug_abbrev  0x00002a4a      0x2f7 C:/Freescale/KSDK_1.2.0/lib/ksdk_platform_lib/kds/KL26Z4/debug/libksdk_platform.a(fsl_mcg_hal_modes.o)
 .debug_abbrev  0x00002d41      0x1ac C:/Freescale/KSDK_1.2.0/lib/ksdk_platform_lib/kds/KL26Z4/debug/libksdk_platform.a(fsl_lptmr_hal.o)
 .debug_abbrev  0x00002eed      0x148 C:/Freescale/KSDK_1.2.0/lib/ksdk_platform_lib/kds/KL26Z4/debug/libksdk_platform.a(fsl_interrupt_manager.o)
 .debug_abbrev  0x00003035      0x319 C:/Freescale/KSDK_1.2.0/lib/ksdk_platform_lib/kds/KL26Z4/debug/libksdk_platform.a(fsl_i2c_hal.o)
 .debug_abbrev  0x0000334e      0x367 C:/Freescale/KSDK_1.2.0/lib/ksdk_platform_lib/kds/KL26Z4/debug/libksdk_platform.a(fsl_i2c_slave_driver.o)

.debug_aranges  0x00000000      0xbb8
 .debug_aranges
                0x00000000       0xa0 ./Utilities/fsl_debug_console.o
 .debug_aranges
                0x000000a0       0x48 ./Utilities/print_scan.o
 .debug_aranges
                0x000000e8       0x28 ./Sources/fsl_i2c_irq.o
 .debug_aranges
                0x00000110       0x68 ./Sources/main.o
 .debug_aranges
                0x00000178       0x20 ./Project_Settings/Startup_Code/startup.o
 .debug_aranges
                0x00000198       0x20 ./Project_Settings/Startup_Code/startup_MKL26Z4.o
 .debug_aranges
                0x000001b8       0x28 ./Project_Settings/Startup_Code/system_MKL26Z4.o
 .debug_aranges
                0x000001e0       0x58 ./Board/board.o
 .debug_aranges
                0x00000238       0x20 ./Board/hardware_init.o
 .debug_aranges
                0x00000258       0x98 ./Board/pin_mux.o
 .debug_aranges
                0x000002f0       0xa8 C:/Freescale/KSDK_1.2.0/lib/ksdk_platform_lib/kds/KL26Z4/debug/libksdk_platform.a(fsl_uart_hal.o)
 .debug_aranges
                0x00000398       0xb0 C:/Freescale/KSDK_1.2.0/lib/ksdk_platform_lib/kds/KL26Z4/debug/libksdk_platform.a(fsl_lpsci_hal.o)
 .debug_aranges
                0x00000448       0x98 C:/Freescale/KSDK_1.2.0/lib/ksdk_platform_lib/kds/KL26Z4/debug/libksdk_platform.a(fsl_i2c_master_driver.o)
 .debug_aranges
                0x000004e0       0x18 C:/Freescale/KSDK_1.2.0/lib/ksdk_platform_lib/kds/KL26Z4/debug/libksdk_platform.a(fsl_i2c_common.o)
 .debug_aranges
                0x000004f8       0x20 C:/Freescale/KSDK_1.2.0/lib/ksdk_platform_lib/kds/KL26Z4/debug/libksdk_platform.a(fsl_i2c_shared_function.o)
 .debug_aranges
                0x00000518      0x1a0 C:/Freescale/KSDK_1.2.0/lib/ksdk_platform_lib/kds/KL26Z4/debug/libksdk_platform.a(fsl_clock_MKL26Z4.o)
 .debug_aranges
                0x000006b8       0x78 C:/Freescale/KSDK_1.2.0/lib/ksdk_platform_lib/kds/KL26Z4/debug/libksdk_platform.a(fsl_clock_manager.o)
 .debug_aranges
                0x00000730       0x18 C:/Freescale/KSDK_1.2.0/lib/ksdk_platform_lib/kds/KL26Z4/debug/libksdk_platform.a(fsl_clock_manager_common.o)
 .debug_aranges
                0x00000748      0x148 C:/Freescale/KSDK_1.2.0/lib/ksdk_platform_lib/kds/KL26Z4/debug/libksdk_platform.a(fsl_os_abstraction_bm.o)
 .debug_aranges
                0x00000890       0x90 C:/Freescale/KSDK_1.2.0/lib/ksdk_platform_lib/kds/KL26Z4/debug/libksdk_platform.a(fsl_sim_hal_MKL26Z4.o)
 .debug_aranges
                0x00000920       0x18 C:/Freescale/KSDK_1.2.0/lib/ksdk_platform_lib/kds/KL26Z4/debug/libksdk_platform.a(fsl_rtc_common.o)
 .debug_aranges
                0x00000938       0x20 C:/Freescale/KSDK_1.2.0/lib/ksdk_platform_lib/kds/KL26Z4/debug/libksdk_platform.a(fsl_osc_hal.o)
 .debug_aranges
                0x00000958       0xa0 C:/Freescale/KSDK_1.2.0/lib/ksdk_platform_lib/kds/KL26Z4/debug/libksdk_platform.a(fsl_mcg_hal.o)
 .debug_aranges
                0x000009f8       0x68 C:/Freescale/KSDK_1.2.0/lib/ksdk_platform_lib/kds/KL26Z4/debug/libksdk_platform.a(fsl_mcg_hal_modes.o)
 .debug_aranges
                0x00000a60       0x38 C:/Freescale/KSDK_1.2.0/lib/ksdk_platform_lib/kds/KL26Z4/debug/libksdk_platform.a(fsl_lptmr_hal.o)
 .debug_aranges
                0x00000a98       0x30 C:/Freescale/KSDK_1.2.0/lib/ksdk_platform_lib/kds/KL26Z4/debug/libksdk_platform.a(fsl_interrupt_manager.o)
 .debug_aranges
                0x00000ac8       0x78 C:/Freescale/KSDK_1.2.0/lib/ksdk_platform_lib/kds/KL26Z4/debug/libksdk_platform.a(fsl_i2c_hal.o)
 .debug_aranges
                0x00000b40       0x78 C:/Freescale/KSDK_1.2.0/lib/ksdk_platform_lib/kds/KL26Z4/debug/libksdk_platform.a(fsl_i2c_slave_driver.o)

.debug_ranges   0x00000000      0xf60
 .debug_ranges  0x00000000       0x90 ./Utilities/fsl_debug_console.o
 .debug_ranges  0x00000090       0x38 ./Utilities/print_scan.o
 .debug_ranges  0x000000c8       0x18 ./Sources/fsl_i2c_irq.o
 .debug_ranges  0x000000e0       0x58 ./Sources/main.o
 .debug_ranges  0x00000138       0x10 ./Project_Settings/Startup_Code/startup.o
 .debug_ranges  0x00000148       0x18 ./Project_Settings/Startup_Code/system_MKL26Z4.o
 .debug_ranges  0x00000160       0x48 ./Board/board.o
 .debug_ranges  0x000001a8       0x10 ./Board/hardware_init.o
 .debug_ranges  0x000001b8       0x88 ./Board/pin_mux.o
 .debug_ranges  0x00000240       0xb0 C:/Freescale/KSDK_1.2.0/lib/ksdk_platform_lib/kds/KL26Z4/debug/libksdk_platform.a(fsl_uart_hal.o)
 .debug_ranges  0x000002f0       0xb8 C:/Freescale/KSDK_1.2.0/lib/ksdk_platform_lib/kds/KL26Z4/debug/libksdk_platform.a(fsl_lpsci_hal.o)
 .debug_ranges  0x000003a8      0x1b8 C:/Freescale/KSDK_1.2.0/lib/ksdk_platform_lib/kds/KL26Z4/debug/libksdk_platform.a(fsl_i2c_master_driver.o)
 .debug_ranges  0x00000560       0x28 C:/Freescale/KSDK_1.2.0/lib/ksdk_platform_lib/kds/KL26Z4/debug/libksdk_platform.a(fsl_i2c_shared_function.o)
 .debug_ranges  0x00000588      0x2c0 C:/Freescale/KSDK_1.2.0/lib/ksdk_platform_lib/kds/KL26Z4/debug/libksdk_platform.a(fsl_clock_MKL26Z4.o)
 .debug_ranges  0x00000848       0xe0 C:/Freescale/KSDK_1.2.0/lib/ksdk_platform_lib/kds/KL26Z4/debug/libksdk_platform.a(fsl_clock_manager.o)
 .debug_ranges  0x00000928      0x158 C:/Freescale/KSDK_1.2.0/lib/ksdk_platform_lib/kds/KL26Z4/debug/libksdk_platform.a(fsl_os_abstraction_bm.o)
 .debug_ranges  0x00000a80       0x80 C:/Freescale/KSDK_1.2.0/lib/ksdk_platform_lib/kds/KL26Z4/debug/libksdk_platform.a(fsl_sim_hal_MKL26Z4.o)
 .debug_ranges  0x00000b00       0x10 C:/Freescale/KSDK_1.2.0/lib/ksdk_platform_lib/kds/KL26Z4/debug/libksdk_platform.a(fsl_osc_hal.o)
 .debug_ranges  0x00000b10       0xc8 C:/Freescale/KSDK_1.2.0/lib/ksdk_platform_lib/kds/KL26Z4/debug/libksdk_platform.a(fsl_mcg_hal.o)
 .debug_ranges  0x00000bd8       0xc0 C:/Freescale/KSDK_1.2.0/lib/ksdk_platform_lib/kds/KL26Z4/debug/libksdk_platform.a(fsl_mcg_hal_modes.o)
 .debug_ranges  0x00000c98       0x28 C:/Freescale/KSDK_1.2.0/lib/ksdk_platform_lib/kds/KL26Z4/debug/libksdk_platform.a(fsl_lptmr_hal.o)
 .debug_ranges  0x00000cc0       0x20 C:/Freescale/KSDK_1.2.0/lib/ksdk_platform_lib/kds/KL26Z4/debug/libksdk_platform.a(fsl_interrupt_manager.o)
 .debug_ranges  0x00000ce0       0xd0 C:/Freescale/KSDK_1.2.0/lib/ksdk_platform_lib/kds/KL26Z4/debug/libksdk_platform.a(fsl_i2c_hal.o)
 .debug_ranges  0x00000db0      0x1b0 C:/Freescale/KSDK_1.2.0/lib/ksdk_platform_lib/kds/KL26Z4/debug/libksdk_platform.a(fsl_i2c_slave_driver.o)

.debug_macro    0x00000000    0x1559f
 .debug_macro   0x00000000      0x2c0 ./Utilities/fsl_debug_console.o
 .debug_macro   0x000002c0      0x808 ./Utilities/fsl_debug_console.o
 .debug_macro   0x00000ac8       0x58 ./Utilities/fsl_debug_console.o
 .debug_macro   0x00000b20       0x58 ./Utilities/fsl_debug_console.o
 .debug_macro   0x00000b78       0x16 ./Utilities/fsl_debug_console.o
 .debug_macro   0x00000b8e       0x35 ./Utilities/fsl_debug_console.o
 .debug_macro   0x00000bc3       0xa3 ./Utilities/fsl_debug_console.o
 .debug_macro   0x00000c66       0x16 ./Utilities/fsl_debug_console.o
 .debug_macro   0x00000c7c       0x97 ./Utilities/fsl_debug_console.o
 .debug_macro   0x00000d13       0xef ./Utilities/fsl_debug_console.o
 .debug_macro   0x00000e02       0x4a ./Utilities/fsl_debug_console.o
 .debug_macro   0x00000e4c       0x52 ./Utilities/fsl_debug_console.o
 .debug_macro   0x00000e9e       0x16 ./Utilities/fsl_debug_console.o
 .debug_macro   0x00000eb4       0x43 ./Utilities/fsl_debug_console.o
 .debug_macro   0x00000ef7      0x180 ./Utilities/fsl_debug_console.o
 .debug_macro   0x00001077       0x10 ./Utilities/fsl_debug_console.o
 .debug_macro   0x00001087       0x22 ./Utilities/fsl_debug_console.o
 .debug_macro   0x000010a9       0xbd ./Utilities/fsl_debug_console.o
 .debug_macro   0x00001166       0x16 ./Utilities/fsl_debug_console.o
 .debug_macro   0x0000117c      0x14a ./Utilities/fsl_debug_console.o
 .debug_macro   0x000012c6       0x16 ./Utilities/fsl_debug_console.o
 .debug_macro   0x000012dc       0x35 ./Utilities/fsl_debug_console.o
 .debug_macro   0x00001311       0x22 ./Utilities/fsl_debug_console.o
 .debug_macro   0x00001333       0x11 ./Utilities/fsl_debug_console.o
 .debug_macro   0x00001344       0x16 ./Utilities/fsl_debug_console.o
 .debug_macro   0x0000135a      0x20f ./Utilities/fsl_debug_console.o
 .debug_macro   0x00001569       0x3a ./Utilities/fsl_debug_console.o
 .debug_macro   0x000015a3       0x3a ./Utilities/fsl_debug_console.o
 .debug_macro   0x000015dd       0x1f ./Utilities/fsl_debug_console.o
 .debug_macro   0x000015fc      0x250 ./Utilities/fsl_debug_console.o
 .debug_macro   0x0000184c       0x77 ./Utilities/fsl_debug_console.o
 .debug_macro   0x000018c3     0x8bcc ./Utilities/fsl_debug_console.o
 .debug_macro   0x0000a48f       0x82 ./Utilities/fsl_debug_console.o
 .debug_macro   0x0000a511     0x84a8 ./Utilities/fsl_debug_console.o
 .debug_macro   0x000129b9     0x10f4 ./Utilities/fsl_debug_console.o
 .debug_macro   0x00013aad       0x22 ./Utilities/fsl_debug_console.o
 .debug_macro   0x00013acf       0x44 ./Utilities/fsl_debug_console.o
 .debug_macro   0x00013b13       0x22 ./Utilities/fsl_debug_console.o
 .debug_macro   0x00013b35       0x16 ./Utilities/fsl_debug_console.o
 .debug_macro   0x00013b4b       0x10 ./Utilities/fsl_debug_console.o
 .debug_macro   0x00013b5b       0x11 ./Utilities/fsl_debug_console.o
 .debug_macro   0x00013b6c       0x10 ./Utilities/fsl_debug_console.o
 .debug_macro   0x00013b7c       0x10 ./Utilities/fsl_debug_console.o
 .debug_macro   0x00013b8c      0x2a6 ./Utilities/fsl_debug_console.o
 .debug_macro   0x00013e32       0x10 ./Utilities/fsl_debug_console.o
 .debug_macro   0x00013e42      0x257 ./Utilities/print_scan.o
 .debug_macro   0x00014099       0x10 ./Utilities/print_scan.o
 .debug_macro   0x000140a9       0x52 ./Utilities/print_scan.o
 .debug_macro   0x000140fb       0x94 ./Utilities/print_scan.o
 .debug_macro   0x0001418f      0x167 ./Sources/fsl_i2c_irq.o
 .debug_macro   0x000142f6       0x44 ./Sources/fsl_i2c_irq.o
 .debug_macro   0x0001433a      0x209 ./Sources/fsl_i2c_irq.o
 .debug_macro   0x00014543      0x10e ./Sources/fsl_i2c_irq.o
 .debug_macro   0x00014651       0x7f ./Sources/fsl_i2c_irq.o
 .debug_macro   0x000146d0       0x7c ./Sources/fsl_i2c_irq.o
 .debug_macro   0x0001474c      0x265 ./Sources/main.o
 .debug_macro   0x000149b1       0x4c ./Sources/main.o
 .debug_macro   0x000149fd       0x22 ./Sources/main.o
 .debug_macro   0x00014a1f      0x22b ./Sources/main.o
 .debug_macro   0x00014c4a       0x10 ./Sources/main.o
 .debug_macro   0x00014c5a       0x28 ./Sources/main.o
 .debug_macro   0x00014c82       0x1c ./Sources/main.o
 .debug_macro   0x00014c9e      0x167 ./Project_Settings/Startup_Code/startup.o
 .debug_macro   0x00014e05      0x158 ./Project_Settings/Startup_Code/system_MKL26Z4.o
 .debug_macro   0x00014f5d      0x269 ./Board/board.o
 .debug_macro   0x000151c6      0x256 ./Board/hardware_init.o
 .debug_macro   0x0001541c      0x183 ./Board/pin_mux.o

.debug_line     0x00000000     0x768c
 .debug_line    0x00000000      0x7aa ./Utilities/fsl_debug_console.o
 .debug_line    0x000007aa      0x64a ./Utilities/print_scan.o
 .debug_line    0x00000df4      0x384 ./Sources/fsl_i2c_irq.o
 .debug_line    0x00001178      0x699 ./Sources/main.o
 .debug_line    0x00001811      0x357 ./Project_Settings/Startup_Code/startup.o
 .debug_line    0x00001b68       0x6c ./Project_Settings/Startup_Code/startup_MKL26Z4.o
 .debug_line    0x00001bd4      0x37a ./Project_Settings/Startup_Code/system_MKL26Z4.o
 .debug_line    0x00001f4e      0x675 ./Board/board.o
 .debug_line    0x000025c3      0x5c9 ./Board/hardware_init.o
 .debug_line    0x00002b8c      0x522 ./Board/pin_mux.o
 .debug_line    0x000030ae      0x38a C:/Freescale/KSDK_1.2.0/lib/ksdk_platform_lib/kds/KL26Z4/debug/libksdk_platform.a(fsl_uart_hal.o)
 .debug_line    0x00003438      0x3d7 C:/Freescale/KSDK_1.2.0/lib/ksdk_platform_lib/kds/KL26Z4/debug/libksdk_platform.a(fsl_lpsci_hal.o)
 .debug_line    0x0000380f      0x6e1 C:/Freescale/KSDK_1.2.0/lib/ksdk_platform_lib/kds/KL26Z4/debug/libksdk_platform.a(fsl_i2c_master_driver.o)
 .debug_line    0x00003ef0       0xf4 C:/Freescale/KSDK_1.2.0/lib/ksdk_platform_lib/kds/KL26Z4/debug/libksdk_platform.a(fsl_i2c_common.o)
 .debug_line    0x00003fe4      0x1a4 C:/Freescale/KSDK_1.2.0/lib/ksdk_platform_lib/kds/KL26Z4/debug/libksdk_platform.a(fsl_i2c_shared_function.o)
 .debug_line    0x00004188      0x96c C:/Freescale/KSDK_1.2.0/lib/ksdk_platform_lib/kds/KL26Z4/debug/libksdk_platform.a(fsl_clock_MKL26Z4.o)
 .debug_line    0x00004af4      0x614 C:/Freescale/KSDK_1.2.0/lib/ksdk_platform_lib/kds/KL26Z4/debug/libksdk_platform.a(fsl_clock_manager.o)
 .debug_line    0x00005108      0x14e C:/Freescale/KSDK_1.2.0/lib/ksdk_platform_lib/kds/KL26Z4/debug/libksdk_platform.a(fsl_clock_manager_common.o)
 .debug_line    0x00005256      0x749 C:/Freescale/KSDK_1.2.0/lib/ksdk_platform_lib/kds/KL26Z4/debug/libksdk_platform.a(fsl_os_abstraction_bm.o)
 .debug_line    0x0000599f      0x343 C:/Freescale/KSDK_1.2.0/lib/ksdk_platform_lib/kds/KL26Z4/debug/libksdk_platform.a(fsl_sim_hal_MKL26Z4.o)
 .debug_line    0x00005ce2       0xf4 C:/Freescale/KSDK_1.2.0/lib/ksdk_platform_lib/kds/KL26Z4/debug/libksdk_platform.a(fsl_rtc_common.o)
 .debug_line    0x00005dd6       0xfe C:/Freescale/KSDK_1.2.0/lib/ksdk_platform_lib/kds/KL26Z4/debug/libksdk_platform.a(fsl_osc_hal.o)
 .debug_line    0x00005ed4      0x3e7 C:/Freescale/KSDK_1.2.0/lib/ksdk_platform_lib/kds/KL26Z4/debug/libksdk_platform.a(fsl_mcg_hal.o)
 .debug_line    0x000062bb      0x45f C:/Freescale/KSDK_1.2.0/lib/ksdk_platform_lib/kds/KL26Z4/debug/libksdk_platform.a(fsl_mcg_hal_modes.o)
 .debug_line    0x0000671a      0x19e C:/Freescale/KSDK_1.2.0/lib/ksdk_platform_lib/kds/KL26Z4/debug/libksdk_platform.a(fsl_lptmr_hal.o)