Archive member included because of file (symbol)

C:/Freescale/KSDK_1.2.0/lib/ksdk_platform_lib/kds/KL26Z4/debug/libksdk_platform.a(fsl_uart_hal.o)
                              ./Utilities/fsl_debug_console.o (UART_HAL_SetBaudRate)
C:/Freescale/KSDK_1.2.0/lib/ksdk_platform_lib/kds/KL26Z4/debug/libksdk_platform.a(fsl_uart_driver.o)
                              ./Sources/Uart2.o (UART_DRV_Init)
C:/Freescale/KSDK_1.2.0/lib/ksdk_platform_lib/kds/KL26Z4/debug/libksdk_platform.a(fsl_lpsci_hal.o)
                              ./Utilities/fsl_debug_console.o (LPSCI_HAL_SetBaudRate)
C:/Freescale/KSDK_1.2.0/lib/ksdk_platform_lib/kds/KL26Z4/debug/libksdk_platform.a(fsl_i2c_shared_function.o)
                              ./Sources/fsl_i2c_irq.o (I2C_DRV_IRQHandler)
C:/Freescale/KSDK_1.2.0/lib/ksdk_platform_lib/kds/KL26Z4/debug/libksdk_platform.a(fsl_clock_MKL26Z4.o)
                              ./Board/board.o (CLOCK_SYS_SetConfiguration)
C:/Freescale/KSDK_1.2.0/lib/ksdk_platform_lib/kds/KL26Z4/debug/libksdk_platform.a(fsl_clock_manager.o)
                              C:/Freescale/KSDK_1.2.0/lib/ksdk_platform_lib/kds/KL26Z4/debug/libksdk_platform.a(fsl_clock_MKL26Z4.o) (CLOCK_SYS_GetSystickFreq)
C:/Freescale/KSDK_1.2.0/lib/ksdk_platform_lib/kds/KL26Z4/debug/libksdk_platform.a(fsl_clock_manager_common.o)
                              C:/Freescale/KSDK_1.2.0/lib/ksdk_platform_lib/kds/KL26Z4/debug/libksdk_platform.a(fsl_clock_MKL26Z4.o) (g_oscBase)
C:/Freescale/KSDK_1.2.0/lib/ksdk_platform_lib/kds/KL26Z4/debug/libksdk_platform.a(fsl_os_abstraction_bm.o)
                              C:/Freescale/KSDK_1.2.0/lib/ksdk_platform_lib/kds/KL26Z4/debug/libksdk_platform.a(fsl_uart_driver.o) (OSA_SemaCreate)
C:/Freescale/KSDK_1.2.0/lib/ksdk_platform_lib/kds/KL26Z4/debug/libksdk_platform.a(fsl_uart_common.o)
                              C:/Freescale/KSDK_1.2.0/lib/ksdk_platform_lib/kds/KL26Z4/debug/libksdk_platform.a(fsl_uart_driver.o) (g_uartRxTxIrqId)
C:/Freescale/KSDK_1.2.0/lib/ksdk_platform_lib/kds/KL26Z4/debug/libksdk_platform.a(fsl_sim_hal_MKL26Z4.o)
                              C:/Freescale/KSDK_1.2.0/lib/ksdk_platform_lib/kds/KL26Z4/debug/libksdk_platform.a(fsl_clock_MKL26Z4.o) (CLOCK_HAL_SetOutDiv)
C:/Freescale/KSDK_1.2.0/lib/ksdk_platform_lib/kds/KL26Z4/debug/libksdk_platform.a(fsl_rtc_common.o)
                              C:/Freescale/KSDK_1.2.0/lib/ksdk_platform_lib/kds/KL26Z4/debug/libksdk_platform.a(fsl_clock_manager.o) (g_rtcBase)
C:/Freescale/KSDK_1.2.0/lib/ksdk_platform_lib/kds/KL26Z4/debug/libksdk_platform.a(fsl_osc_hal.o)
                              C:/Freescale/KSDK_1.2.0/lib/ksdk_platform_lib/kds/KL26Z4/debug/libksdk_platform.a(fsl_clock_manager.o) (OSC_HAL_SetCapacitor)
C:/Freescale/KSDK_1.2.0/lib/ksdk_platform_lib/kds/KL26Z4/debug/libksdk_platform.a(fsl_mcg_hal.o)
                              C:/Freescale/KSDK_1.2.0/lib/ksdk_platform_lib/kds/KL26Z4/debug/libksdk_platform.a(fsl_clock_MKL26Z4.o) (CLOCK_HAL_GetFllClk)
C:/Freescale/KSDK_1.2.0/lib/ksdk_platform_lib/kds/KL26Z4/debug/libksdk_platform.a(fsl_mcg_hal_modes.o)
                              C:/Freescale/KSDK_1.2.0/lib/ksdk_platform_lib/kds/KL26Z4/debug/libksdk_platform.a(fsl_clock_manager.o) (CLOCK_HAL_GetMcgMode)
C:/Freescale/KSDK_1.2.0/lib/ksdk_platform_lib/kds/KL26Z4/debug/libksdk_platform.a(fsl_lptmr_hal.o)
                              C:/Freescale/KSDK_1.2.0/lib/ksdk_platform_lib/kds/KL26Z4/debug/libksdk_platform.a(fsl_os_abstraction_bm.o) (LPTMR_HAL_SetTimerWorkingMode)
C:/Freescale/KSDK_1.2.0/lib/ksdk_platform_lib/kds/KL26Z4/debug/libksdk_platform.a(fsl_interrupt_manager.o)
                              C:/Freescale/KSDK_1.2.0/lib/ksdk_platform_lib/kds/KL26Z4/debug/libksdk_platform.a(fsl_os_abstraction_bm.o) (INT_SYS_InstallHandler)
C:/Freescale/KSDK_1.2.0/lib/ksdk_platform_lib/kds/KL26Z4/debug/libksdk_platform.a(fsl_i2c_slave_driver.o)
                              C:/Freescale/KSDK_1.2.0/lib/ksdk_platform_lib/kds/KL26Z4/debug/libksdk_platform.a(fsl_i2c_shared_function.o) (I2C_DRV_SlaveIRQHandler)
C:/Freescale/KSDK_1.2.0/lib/ksdk_platform_lib/kds/KL26Z4/debug/libksdk_platform.a(fsl_i2c_master_driver.o)
                              C:/Freescale/KSDK_1.2.0/lib/ksdk_platform_lib/kds/KL26Z4/debug/libksdk_platform.a(fsl_i2c_shared_function.o) (I2C_DRV_MasterIRQHandler)
C:/Freescale/KSDK_1.2.0/lib/ksdk_platform_lib/kds/KL26Z4/debug/libksdk_platform.a(fsl_i2c_common.o)
                              C:/Freescale/KSDK_1.2.0/lib/ksdk_platform_lib/kds/KL26Z4/debug/libksdk_platform.a(fsl_i2c_slave_driver.o) (g_i2cIrqId)
C:/Freescale/KSDK_1.2.0/lib/ksdk_platform_lib/kds/KL26Z4/debug/libksdk_platform.a(fsl_i2c_hal.o)
                              C:/Freescale/KSDK_1.2.0/lib/ksdk_platform_lib/kds/KL26Z4/debug/libksdk_platform.a(fsl_i2c_slave_driver.o) (I2C_HAL_Init)
c:/freescale/kds_3.0.0/toolchain/bin/../lib/gcc/arm-none-eabi/4.8.4/armv6-m\libgcc.a(_thumb1_case_uqi.o)
[...]
Memory Configuration

Name             Origin             Length             Attributes
m_interrupts     0x00000000         0x00000100         xr
m_flash_config   0x00000400         0x00000010         xr
m_text           0x00000410         0x0001fbf0         xr
m_data           0x1ffff000         0x00004000         rw
*default*        0x00000000         0xffffffff

Linker script and memory map

LOAD c:/freescale/kds_3.0.0/toolchain/bin/../lib/gcc/arm-none-eabi/4.8.4/armv6-m/crti.o
LOAD c:/freescale/kds_3.0.0/toolchain/bin/../lib/gcc/arm-none-eabi/4.8.4/armv6-m/crtbegin.o
LOAD c:/freescale/kds_3.0.0/toolchain/bin/../lib/gcc/arm-none-eabi/4.8.4/../../../../arm-none-eabi/lib/armv6-m/crt0.o
LOAD ./Utilities/fsl_debug_console.o
LOAD ./Utilities/print_scan.o
LOAD ./Sources/Uart2.o
LOAD ./Sources/fsl_i2c_irq.o
LOAD ./Project_Settings/Startup_Code/startup.o
LOAD ./Project_Settings/Startup_Code/startup_MKL26Z4.o
LOAD ./Project_Settings/Startup_Code/system_MKL26Z4.o
LOAD ./Board/board.o
LOAD ./Board/gpio_pins.o
LOAD ./Board/hardware_init.o
LOAD ./Board/pin_mux.o
LOAD C:/Freescale/KSDK_1.2.0/lib/ksdk_platform_lib/kds/KL26Z4/debug/libksdk_platform.a
LOAD c:/freescale/kds_3.0.0/toolchain/bin/../lib/gcc/arm-none-eabi/4.8.4/../../../../arm-none-eabi/lib/armv6-m\libstdc++_s.a
LOAD c:/freescale/kds_3.0.0/toolchain/bin/../lib/gcc/arm-none-eabi/4.8.4/../../../../arm-none-eabi/lib/armv6-m\libm.a
START GROUP
LOAD c:/freescale/kds_3.0.0/toolchain/bin/../lib/gcc/arm-none-eabi/4.8.4/armv6-m\libgcc.a
LOAD c:/freescale/kds_3.0.0/toolchain/bin/../lib/gcc/arm-none-eabi/4.8.4/../../../../arm-none-eabi/lib/armv6-m\libg_s.a
LOAD c:/freescale/kds_3.0.0/toolchain/bin/../lib/gcc/arm-none-eabi/4.8.4/../../../../arm-none-eabi/lib/armv6-m\libc_s.a
END GROUP
START GROUP
LOAD c:/freescale/kds_3.0.0/toolchain/bin/../lib/gcc/arm-none-eabi/4.8.4/armv6-m\libgcc.a
LOAD c:/freescale/kds_3.0.0/toolchain/bin/../lib/gcc/arm-none-eabi/4.8.4/../../../../arm-none-eabi/lib/armv6-m\libc_s.a
LOAD c:/freescale/kds_3.0.0/toolchain/bin/../lib/gcc/arm-none-eabi/4.8.4/../../../../arm-none-eabi/lib/armv6-m\libnosys.a
END GROUP
START GROUP
LOAD c:/freescale/kds_3.0.0/toolchain/bin/../lib/gcc/arm-none-eabi/4.8.4/armv6-m\libgcc.a
LOAD c:/freescale/kds_3.0.0/toolchain/bin/../lib/gcc/arm-none-eabi/4.8.4/../../../../arm-none-eabi/lib/armv6-m\libc_s.a
LOAD c:/freescale/kds_3.0.0/toolchain/bin/../lib/gcc/arm-none-eabi/4.8.4/../../../../arm-none-eabi/lib/armv6-m\libnosys.a
END GROUP
LOAD c:/freescale/kds_3.0.0/toolchain/bin/../lib/gcc/arm-none-eabi/4.8.4/armv6-m/crtend.o
LOAD c:/freescale/kds_3.0.0/toolchain/bin/../lib/gcc/arm-none-eabi/4.8.4/armv6-m/crtn.o
                0x00000400                HEAP_SIZE = DEFINED (__heap_size__)?__heap_size__:0x400
                0x00000400                STACK_SIZE = DEFINED (__stack_size__)?__stack_size__:0x400
                0x00000000                M_VECTOR_RAM_SIZE = DEFINED (__ram_vector_table__)?0x100:0x0

.interrupts     0x00000000       0xc0
                0x00000000                __VECTOR_TABLE = .
                0x00000000                . = ALIGN (0x4)
 *(.isr_vector)
 .isr_vector    0x00000000       0xc0 ./Project_Settings/Startup_Code/startup_MKL26Z4.o
                0x00000000                __isr_vector
                0x000000c0                . = ALIGN (0x4)

.flash_config   0x00000400       0x10
                0x00000400                . = ALIGN (0x4)
 *(.FlashConfig)
 .FlashConfig   0x00000400       0x10 ./Project_Settings/Startup_Code/startup_MKL26Z4.o
                0x00000410                . = ALIGN (0x4)

.text           0x00000410     0x4434
                0x00000410                . = ALIGN (0x4)
 *(.text)
 .text          0x00000410       0x60 c:/freescale/kds_3.0.0/toolchain/bin/../lib/gcc/arm-none-eabi/4.8.4/armv6-m/crtbegin.o
 .text          0x00000470       0x78 c:/freescale/kds_3.0.0/toolchain/bin/../lib/gcc/arm-none-eabi/4.8.4/../../../../arm-none-eabi/lib/armv6-m/crt0.o
                0x00000470                _start
                0x00000470                _mainCRTStartup
 .text          0x000004e8       0x18 ./Project_Settings/Startup_Code/startup_MKL26Z4.o
                0x000004e8                Reset_Handler
                0x000004f8                SysTick_Handler
                0x000004f8                PendSV_Handler
                0x000004f8                NMI_Handler
                0x000004f8                PORTC_PORTD_IRQHandler
                0x000004f8                UART1_IRQHandler
                0x000004f8                DMA2_IRQHandler
                0x000004f8                TPM0_IRQHandler
                0x000004f8                I2S0_IRQHandler
                0x000004f8                LLWU_IRQHandler
                0x000004f8                TSI0_IRQHandler
                0x000004f8                UART0_IRQHandler
                0x000004f8                ADC0_IRQHandler
                0x000004f8                SPI1_IRQHandler
                0x000004f8                DefaultISR
                0x000004f8                TPM2_IRQHandler
                0x000004f8                RTC_IRQHandler
                0x000004f8                HardFault_Handler
                0x000004f8                RTC_Seconds_IRQHandler
                0x000004f8                MCG_IRQHandler
                0x000004f8                Reserved20_IRQHandler
                0x000004f8                USB0_IRQHandler
                0x000004f8                PIT_IRQHandler
                0x000004f8                SVC_Handler
                0x000004f8                DMA3_IRQHandler
                0x000004f8                DMA0_IRQHandler
                0x000004f8                DAC0_IRQHandler
                0x000004f8                Reserved45_IRQHandler
                0x000004f8                TPM1_IRQHandler
                0x000004f8                LVD_LVW_IRQHandler
                0x000004f8                SPI0_IRQHandler
                0x000004f8                PORTA_IRQHandler
                0x000004f8                FTFA_IRQHandler
                0x000004f8                LPTMR0_IRQHandler
                0x000004f8                CMP0_IRQHandler
                0x000004f8                DMA1_IRQHandler
 .text          0x00000500       0x14 c:/freescale/kds_3.0.0/toolchain/bin/../lib/gcc/arm-none-eabi/4.8.4/armv6-m\libgcc.a(_thumb1_case_uqi.o)
                0x00000500                __gnu_thumb1_case_uqi
 .text          0x00000514       0x9c c:/freescale/kds_3.0.0/toolchain/bin/../lib/gcc/arm-none-eabi/4.8.4/armv6-m\libgcc.a(_udivsi3.o)
                0x00000514                __aeabi_uidiv
                0x00000514                __udivsi3
                0x0000059c                __aeabi_uidivmod
 .text          0x000005b0       0xc0 c:/freescale/kds_3.0.0/toolchain/bin/../lib/gcc/arm-none-eabi/4.8.4/armv6-m\libgcc.a(_divsi3.o)
                0x000005b0                __divsi3
                0x000005b0                __aeabi_idiv
                0x0000065c                __aeabi_idivmod
 .text          0x00000670        0x4 c:/freescale/kds_3.0.0/toolchain/bin/../lib/gcc/arm-none-eabi/4.8.4/armv6-m\libgcc.a(_dvmd_tls.o)
                0x00000670                __aeabi_idiv0
                0x00000670                __aeabi_ldiv0
 *(.text*)
 .text.UART_HAL_EnableTransmitter
                0x00000674       0x1c ./Utilities/fsl_debug_console.o
 .text.UART_HAL_EnableReceiver
                0x00000690       0x1c ./Utilities/fsl_debug_console.o
 .text.UART_HAL_SetBitCountPerChar
                0x000006ac       0x28 ./Utilities/fsl_debug_console.o
 .text.UART_HAL_SetStopBitCount
                0x000006d4       0x28 ./Utilities/fsl_debug_console.o
 .text.LPSCI_HAL_EnableTransmitter
                0x000006fc       0x1c ./Utilities/fsl_debug_console.o
 .text.LPSCI_HAL_EnableReceiver
                0x00000718       0x1c ./Utilities/fsl_debug_console.o
 .text.LPSCI_HAL_SetBitCountPerChar
                0x00000734       0x28 ./Utilities/fsl_debug_console.o
 .text.LPSCI_HAL_SetStopBitCount
                0x0000075c       0x28 ./Utilities/fsl_debug_console.o
 .text.DbgConsole_Init
                0x00000784      0x160 ./Utilities/fsl_debug_console.o
                0x00000784                DbgConsole_Init
 .text._write   0x000008e4       0x5c ./Utilities/fsl_debug_console.o
                0x000008e4                _write
 .text._read    0x00000940       0x48 ./Utilities/fsl_debug_console.o
                0x00000940                _read
 .text.debug_printf
                0x00000988       0x4c ./Utilities/fsl_debug_console.o
                0x00000988                debug_printf
 .text.debug_putc
                0x000009d4       0x44 ./Utilities/fsl_debug_console.o
 .text._doprint
                0x00000a18      0x6e4 ./Utilities/print_scan.o
                0x00000a18                _doprint
 .text.mknumstr
                0x000010fc      0x110 ./Utilities/print_scan.o
 .text.fput_pad
                0x0000120c       0x44 ./Utilities/print_scan.o
 .text.UART2_IRQHandler
                0x00001250       0x10 ./Sources/Uart2.o
                0x00001250                UART2_IRQHandler
 .text.main     0x00001260       0x84 ./Sources/Uart2.o
                0x00001260                main
 .text.I2C0_IRQHandler
                0x000012e4       0x10 ./Sources/fsl_i2c_irq.o
                0x000012e4                I2C0_IRQHandler
 .text.I2C1_IRQHandler
                0x000012f4       0x10 ./Sources/fsl_i2c_irq.o
                0x000012f4                I2C1_IRQHandler
 .text.init_data_bss
                0x00001304       0xc8 ./Project_Settings/Startup_Code/startup.o
                0x00001304                init_data_bss
 .text.SystemInit
                0x000013cc       0x38 ./Project_Settings/Startup_Code/system_MKL26Z4.o
                0x000013cc                SystemInit
 .text.PORT_HAL_SetMuxMode
                0x00001404       0x4c ./Board/board.o
 .text.CLOCK_HAL_SetLpsciSrc
                0x00001450       0x30 ./Board/board.o
 .text.CLOCK_SYS_SetLpsciSrc
                0x00001480       0x2c ./Board/board.o
 .text.SMC_HAL_SetProtection
                0x000014ac       0x1c ./Board/board.o
 .text.BOARD_InitOsc0
                0x000014c8       0x40 ./Board/board.o
                0x000014c8                BOARD_InitOsc0
 .text.BOARD_InitRtcOsc
                0x00001508       0x40 ./Board/board.o
                0x00001508                BOARD_InitRtcOsc
 .text.BOARD_ClockInit
                0x00001548       0x48 ./Board/board.o
                0x00001548                BOARD_ClockInit
 .text.dbg_uart_init
                0x00001590       0x24 ./Board/board.o
                0x00001590                dbg_uart_init
 .text.hardware_init
                0x000015b4       0x1c ./Board/hardware_init.o
                0x000015b4                hardware_init
 .text.PORT_HAL_SetMuxMode
                0x000015d0       0x4c ./Board/pin_mux.o
 .text.configure_lpsci_pins
                0x0000161c       0x34 ./Board/pin_mux.o
                0x0000161c                configure_lpsci_pins
 .text.configure_uart_pins
                0x00001650       0x54 ./Board/pin_mux.o
                0x00001650                configure_uart_pins
 .text.UART_HAL_Init
                0x000016a4       0x14 C:/Freescale/KSDK_1.2.0/lib/ksdk_platform_lib/kds/KL26Z4/debug/libksdk_platform.a(fsl_uart_hal.o)
                0x000016a4                UART_HAL_Init
 .text.UART_HAL_SetBaudRate
                0x000016b8       0x34 C:/Freescale/KSDK_1.2.0/lib/ksdk_platform_lib/kds/KL26Z4/debug/libksdk_platform.a(fsl_uart_hal.o)
                0x000016b8                UART_HAL_SetBaudRate
 .text.UART_HAL_SetParityMode
                0x000016ec       0x1e C:/Freescale/KSDK_1.2.0/lib/ksdk_platform_lib/kds/KL26Z4/debug/libksdk_platform.a(fsl_uart_hal.o)
                0x000016ec                UART_HAL_SetParityMode
 .text.UART_HAL_Putchar
                0x0000170a        0x6 C:/Freescale/KSDK_1.2.0/lib/ksdk_platform_lib/kds/KL26Z4/debug/libksdk_platform.a(fsl_uart_hal.o)
                0x0000170a                UART_HAL_Putchar
 .text.UART_HAL_Getchar
                0x00001710        0x8 C:/Freescale/KSDK_1.2.0/lib/ksdk_platform_lib/kds/KL26Z4/debug/libksdk_platform.a(fsl_uart_hal.o)
                0x00001710                UART_HAL_Getchar
 .text.UART_HAL_SendDataPolling
                0x00001718       0x22 C:/Freescale/KSDK_1.2.0/lib/ksdk_platform_lib/kds/KL26Z4/debug/libksdk_platform.a(fsl_uart_hal.o)
                0x00001718                UART_HAL_SendDataPolling
 .text.UART_HAL_ReceiveDataPolling
                0x0000173a       0x38 C:/Freescale/KSDK_1.2.0/lib/ksdk_platform_lib/kds/KL26Z4/debug/libksdk_platform.a(fsl_uart_hal.o)
                0x0000173a                UART_HAL_ReceiveDataPolling
 .text.UART_HAL_SetIntMode
                0x00001772       0x38 C:/Freescale/KSDK_1.2.0/lib/ksdk_platform_lib/kds/KL26Z4/debug/libksdk_platform.a(fsl_uart_hal.o)
                0x00001772                UART_HAL_SetIntMode
 .text.UART_HAL_GetStatusFlag
                0x000017aa       0x28 C:/Freescale/KSDK_1.2.0/lib/ksdk_platform_lib/kds/KL26Z4/debug/libksdk_platform.a(fsl_uart_hal.o)
                0x000017aa                UART_HAL_GetStatusFlag
 .text.UART_HAL_ClearStatusFlag
                0x000017d2       0x38 C:/Freescale/KSDK_1.2.0/lib/ksdk_platform_lib/kds/KL26Z4/debug/libksdk_platform.a(fsl_uart_hal.o)
                0x000017d2                UART_HAL_ClearStatusFlag
 *fill*         0x0000180a        0x2 
 .text.UART_DRV_StartSendData
                0x0000180c       0x5c C:/Freescale/KSDK_1.2.0/lib/ksdk_platform_lib/kds/KL26Z4/debug/libksdk_platform.a(fsl_uart_driver.o)
 .text.UART_DRV_CompleteSendData
                0x00001868       0x54 C:/Freescale/KSDK_1.2.0/lib/ksdk_platform_lib/kds/KL26Z4/debug/libksdk_platform.a(fsl_uart_driver.o)
 .text.UART_DRV_CompleteReceiveData
                0x000018bc       0x60 C:/Freescale/KSDK_1.2.0/lib/ksdk_platform_lib/kds/KL26Z4/debug/libksdk_platform.a(fsl_uart_driver.o)
 .text.UART_DRV_Init
                0x0000191c      0x130 C:/Freescale/KSDK_1.2.0/lib/ksdk_platform_lib/kds/KL26Z4/debug/libksdk_platform.a(fsl_uart_driver.o)
                0x0000191c                UART_DRV_Init
 .text.UART_DRV_SendDataBlocking
                0x00001a4c       0x7c C:/Freescale/KSDK_1.2.0/lib/ksdk_platform_lib/kds/KL26Z4/debug/libksdk_platform.a(fsl_uart_driver.o)
                0x00001a4c                UART_DRV_SendDataBlocking
 .text.UART_DRV_IRQHandler
                0x00001ac8       0xd8 C:/Freescale/KSDK_1.2.0/lib/ksdk_platform_lib/kds/KL26Z4/debug/libksdk_platform.a(fsl_uart_driver.o)
                0x00001ac8                UART_DRV_IRQHandler
 .text.LPSCI_HAL_SetBaudRate
                0x00001ba0       0xcc C:/Freescale/KSDK_1.2.0/lib/ksdk_platform_lib/kds/KL26Z4/debug/libksdk_platform.a(fsl_lpsci_hal.o)
                0x00001ba0                LPSCI_HAL_SetBaudRate
 .text.LPSCI_HAL_SetParityMode
                0x00001c6c       0x1e C:/Freescale/KSDK_1.2.0/lib/ksdk_platform_lib/kds/KL26Z4/debug/libksdk_platform.a(fsl_lpsci_hal.o)
                0x00001c6c                LPSCI_HAL_SetParityMode
 .text.LPSCI_HAL_SendDataPolling
                0x00001c8a       0x20 C:/Freescale/KSDK_1.2.0/lib/ksdk_platform_lib/kds/KL26Z4/debug/libksdk_platform.a(fsl_lpsci_hal.o)
                0x00001c8a                LPSCI_HAL_SendDataPolling
 .text.LPSCI_HAL_ReceiveDataPolling
                0x00001caa       0x36 C:/Freescale/KSDK_1.2.0/lib/ksdk_platform_lib/kds/KL26Z4/debug/libksdk_platform.a(fsl_lpsci_hal.o)
                0x00001caa                LPSCI_HAL_ReceiveDataPolling
 .text.I2C_DRV_IRQHandler
                0x00001ce0       0x44 C:/Freescale/KSDK_1.2.0/lib/ksdk_platform_lib/kds/KL26Z4/debug/libksdk_platform.a(fsl_i2c_shared_function.o)
                0x00001ce0                I2C_DRV_IRQHandler
 .text.SIM_HAL_EnableClock.constprop.7
                0x00001d24       0x24 C:/Freescale/KSDK_1.2.0/lib/ksdk_platform_lib/kds/KL26Z4/debug/libksdk_platform.a(fsl_clock_MKL26Z4.o)
 .text.CLOCK_SYS_GetCoreClockFreq
                0x00001d48       0x20 C:/Freescale/KSDK_1.2.0/lib/ksdk_platform_lib/kds/KL26Z4/debug/libksdk_platform.a(fsl_clock_MKL26Z4.o)
                0x00001d48                CLOCK_SYS_GetCoreClockFreq
 .text.CLOCK_SYS_SetConfiguration
                0x00001d68       0x84 C:/Freescale/KSDK_1.2.0/lib/ksdk_platform_lib/kds/KL26Z4/debug/libksdk_platform.a(fsl_clock_MKL26Z4.o)
                0x00001d68                CLOCK_SYS_SetConfiguration
 .text.CLOCK_SYS_FllStableDelay
                0x00001dec       0x1c C:/Freescale/KSDK_1.2.0/lib/ksdk_platform_lib/kds/KL26Z4/debug/libksdk_platform.a(fsl_clock_MKL26Z4.o)
 .text.CLOCK_SYS_GetSystemClockFreq
                0x00001e08       0x20 C:/Freescale/KSDK_1.2.0/lib/ksdk_platform_lib/kds/KL26Z4/debug/libksdk_platform.a(fsl_clock_MKL26Z4.o)
                0x00001e08                CLOCK_SYS_GetSystemClockFreq
 .text.CLOCK_SYS_GetBusClockFreq
                0x00001e28       0x18 C:/Freescale/KSDK_1.2.0/lib/ksdk_platform_lib/kds/KL26Z4/debug/libksdk_platform.a(fsl_clock_MKL26Z4.o)
                0x00001e28                CLOCK_SYS_GetBusClockFreq
 .text.CLOCK_SYS_GetPllFllClockFreq
                0x00001e40       0x30 C:/Freescale/KSDK_1.2.0/lib/ksdk_platform_lib/kds/KL26Z4/debug/libksdk_platform.a(fsl_clock_MKL26Z4.o)
                0x00001e40                CLOCK_SYS_GetPllFllClockFreq
 .text.CLOCK_SYS_GetOsc0ExternalRefClockFreq
                0x00001e70       0x24 C:/Freescale/KSDK_1.2.0/lib/ksdk_platform_lib/kds/KL26Z4/debug/libksdk_platform.a(fsl_clock_MKL26Z4.o)
                0x00001e70                CLOCK_SYS_GetOsc0ExternalRefClockFreq
 .text.CLOCK_SYS_GetLpsciFreq
                0x00001e94       0x34 C:/Freescale/KSDK_1.2.0/lib/ksdk_platform_lib/kds/KL26Z4/debug/libksdk_platform.a(fsl_clock_MKL26Z4.o)
                0x00001e94                CLOCK_SYS_GetLpsciFreq
 .text.CLOCK_SYS_GetUartFreq
                0x00001ec8       0x10 C:/Freescale/KSDK_1.2.0/lib/ksdk_platform_lib/kds/KL26Z4/debug/libksdk_platform.a(fsl_clock_MKL26Z4.o)
                0x00001ec8                CLOCK_SYS_GetUartFreq
 .text.CLOCK_SYS_EnablePortClock
                0x00001ed8       0x30 C:/Freescale/KSDK_1.2.0/lib/ksdk_platform_lib/kds/KL26Z4/debug/libksdk_platform.a(fsl_clock_MKL26Z4.o)
                0x00001ed8                CLOCK_SYS_EnablePortClock
 .text.CLOCK_SYS_EnableLpsciClock
                0x00001f08       0x30 C:/Freescale/KSDK_1.2.0/lib/ksdk_platform_lib/kds/KL26Z4/debug/libksdk_platform.a(fsl_clock_MKL26Z4.o)
                0x00001f08                CLOCK_SYS_EnableLpsciClock
 .text.CLOCK_SYS_EnableUartClock
                0x00001f38       0x30 C:/Freescale/KSDK_1.2.0/lib/ksdk_platform_lib/kds/KL26Z4/debug/libksdk_platform.a(fsl_clock_MKL26Z4.o)
                0x00001f38                CLOCK_SYS_EnableUartClock
 .text.CLOCK_SYS_SetMcgPeeToFbe
                0x00001f68       0x30 C:/Freescale/KSDK_1.2.0/lib/ksdk_platform_lib/kds/KL26Z4/debug/libksdk_platform.a(fsl_clock_manager.o)
 .text.CLOCK_SYS_SetMcgMode
                0x00001f98      0x134 C:/Freescale/KSDK_1.2.0/lib/ksdk_platform_lib/kds/KL26Z4/debug/libksdk_platform.a(fsl_clock_manager.o)
                0x00001f98                CLOCK_SYS_SetMcgMode
 .text.CLOCK_SYS_SetOscerConfigration
                0x000020cc       0x28 C:/Freescale/KSDK_1.2.0/lib/ksdk_platform_lib/kds/KL26Z4/debug/libksdk_platform.a(fsl_clock_manager.o)
                0x000020cc                CLOCK_SYS_SetOscerConfigration
 .text.CLOCK_SYS_OscInit
                0x000020f4       0x98 C:/Freescale/KSDK_1.2.0/lib/ksdk_platform_lib/kds/KL26Z4/debug/libksdk_platform.a(fsl_clock_manager.o)
                0x000020f4                CLOCK_SYS_OscInit
 .text.CLOCK_SYS_RtcOscInit
                0x0000218c       0xa0 C:/Freescale/KSDK_1.2.0/lib/ksdk_platform_lib/kds/KL26Z4/debug/libksdk_platform.a(fsl_clock_manager.o)
                0x0000218c                CLOCK_SYS_RtcOscInit
 .text.OSA_TimeInit
                0x0000222c       0x44 C:/Freescale/KSDK_1.2.0/lib/ksdk_platform_lib/kds/KL26Z4/debug/libksdk_platform.a(fsl_os_abstraction_bm.o)
                0x0000222c                OSA_TimeInit
 .text.OSA_TimeDiff
                0x00002270       0x14 C:/Freescale/KSDK_1.2.0/lib/ksdk_platform_lib/kds/KL26Z4/debug/libksdk_platform.a(fsl_os_abstraction_bm.o)
                0x00002270                OSA_TimeDiff
 .text.OSA_SemaCreate
                0x00002284       0x2c C:/Freescale/KSDK_1.2.0/lib/ksdk_platform_lib/kds/KL26Z4/debug/libksdk_platform.a(fsl_os_abstraction_bm.o)
                0x00002284                OSA_SemaCreate
 .text.OSA_SemaPost
                0x000022b0       0x3c C:/Freescale/KSDK_1.2.0/lib/ksdk_platform_lib/kds/KL26Z4/debug/libksdk_platform.a(fsl_os_abstraction_bm.o)
                0x000022b0                OSA_SemaPost
 .text.OSA_EventSet
                0x000022ec       0x38 C:/Freescale/KSDK_1.2.0/lib/ksdk_platform_lib/kds/KL26Z4/debug/libksdk_platform.a(fsl_os_abstraction_bm.o)
                0x000022ec                OSA_EventSet
 .text.task_init
                0x00002324       0x38 C:/Freescale/KSDK_1.2.0/lib/ksdk_platform_lib/kds/KL26Z4/debug/libksdk_platform.a(fsl_os_abstraction_bm.o)
                0x00002324                task_init
 .text.OSA_TimeGetMsec
                0x0000235c       0x10 C:/Freescale/KSDK_1.2.0/lib/ksdk_platform_lib/kds/KL26Z4/debug/libksdk_platform.a(fsl_os_abstraction_bm.o)
                0x0000235c                OSA_TimeGetMsec
 .text.OSA_SemaWait
                0x0000236c       0x8c C:/Freescale/KSDK_1.2.0/lib/ksdk_platform_lib/kds/KL26Z4/debug/libksdk_platform.a(fsl_os_abstraction_bm.o)
                0x0000236c                OSA_SemaWait
 .text.OSA_Init
                0x000023f8        0xe C:/Freescale/KSDK_1.2.0/lib/ksdk_platform_lib/kds/KL26Z4/debug/libksdk_platform.a(fsl_os_abstraction_bm.o)
                0x000023f8                OSA_Init
 *fill*         0x00002406        0x2 
 .text.CLOCK_HAL_SetOutDiv
                0x00002408       0x1c C:/Freescale/KSDK_1.2.0/lib/ksdk_platform_lib/kds/KL26Z4/debug/libksdk_platform.a(fsl_sim_hal_MKL26Z4.o)
                0x00002408                CLOCK_HAL_SetOutDiv
 .text.OSC_HAL_SetCapacitor
                0x00002424        0xe C:/Freescale/KSDK_1.2.0/lib/ksdk_platform_lib/kds/KL26Z4/debug/libksdk_platform.a(fsl_osc_hal.o)
                0x00002424                OSC_HAL_SetCapacitor
 *fill*         0x00002432        0x2 
 .text.CLOCK_HAL_TestOscFreq
                0x00002434        0xc C:/Freescale/KSDK_1.2.0/lib/ksdk_platform_lib/kds/KL26Z4/debug/libksdk_platform.a(fsl_mcg_hal.o)
                0x00002434                CLOCK_HAL_TestOscFreq
 .text.CLOCK_HAL_TestFllExternalRefFreq
                0x00002440       0x36 C:/Freescale/KSDK_1.2.0/lib/ksdk_platform_lib/kds/KL26Z4/debug/libksdk_platform.a(fsl_mcg_hal.o)
                0x00002440                CLOCK_HAL_TestFllExternalRefFreq
 *fill*         0x00002476        0x2 
 .text.CLOCK_HAL_GetFllRefClk
                0x00002478       0x44 C:/Freescale/KSDK_1.2.0/lib/ksdk_platform_lib/kds/KL26Z4/debug/libksdk_platform.a(fsl_mcg_hal.o)
                0x00002478                CLOCK_HAL_GetFllRefClk
 .text.CLOCK_HAL_TestFllFreq
                0x000024bc       0x38 C:/Freescale/KSDK_1.2.0/lib/ksdk_platform_lib/kds/KL26Z4/debug/libksdk_platform.a(fsl_mcg_hal.o)
                0x000024bc                CLOCK_HAL_TestFllFreq
 .text.CLOCK_HAL_GetFllClk
                0x000024f4       0x40 C:/Freescale/KSDK_1.2.0/lib/ksdk_platform_lib/kds/KL26Z4/debug/libksdk_platform.a(fsl_mcg_hal.o)
                0x000024f4                CLOCK_HAL_GetFllClk
 .text.CLOCK_HAL_UpdateFastClkInternalRefDiv
                0x00002534       0x60 C:/Freescale/KSDK_1.2.0/lib/ksdk_platform_lib/kds/KL26Z4/debug/libksdk_platform.a(fsl_mcg_hal.o)
                0x00002534                CLOCK_HAL_UpdateFastClkInternalRefDiv
 .text.CLOCK_HAL_GetPll0Clk
                0x00002594       0x48 C:/Freescale/KSDK_1.2.0/lib/ksdk_platform_lib/kds/KL26Z4/debug/libksdk_platform.a(fsl_mcg_hal.o)
                0x00002594                CLOCK_HAL_GetPll0Clk
 .text.CLOCK_HAL_EnablePll0InFllMode
                0x000025dc       0x38 C:/Freescale/KSDK_1.2.0/lib/ksdk_platform_lib/kds/KL26Z4/debug/libksdk_platform.a(fsl_mcg_hal.o)
                0x000025dc                CLOCK_HAL_EnablePll0InFllMode
 .text.CLOCK_HAL_GetInternalRefClk
                0x00002614       0x40 C:/Freescale/KSDK_1.2.0/lib/ksdk_platform_lib/kds/KL26Z4/debug/libksdk_platform.a(fsl_mcg_hal.o)
                0x00002614                CLOCK_HAL_GetInternalRefClk
 .text.CLOCK_HAL_GetOutClk
                0x00002654       0x48 C:/Freescale/KSDK_1.2.0/lib/ksdk_platform_lib/kds/KL26Z4/debug/libksdk_platform.a(fsl_mcg_hal.o)
                0x00002654                CLOCK_HAL_GetOutClk
 .text.CLOCK_HAL_SetOsc0Mode
                0x0000269c       0x24 C:/Freescale/KSDK_1.2.0/lib/ksdk_platform_lib/kds/KL26Z4/debug/libksdk_platform.a(fsl_mcg_hal.o)
                0x0000269c                CLOCK_HAL_SetOsc0Mode
 .text.CLOCK_HAL_PrepareOsc.isra.0
                0x000026c0       0x1e C:/Freescale/KSDK_1.2.0/lib/ksdk_platform_lib/kds/KL26Z4/debug/libksdk_platform.a(fsl_mcg_hal_modes.o)
 *fill*         0x000026de        0x2 
 .text.CLOCK_HAL_GetMcgMode
                0x000026e0       0x8c C:/Freescale/KSDK_1.2.0/lib/ksdk_platform_lib/kds/KL26Z4/debug/libksdk_platform.a(fsl_mcg_hal_modes.o)
                0x000026e0                CLOCK_HAL_GetMcgMode
 .text.CLOCK_HAL_SetFbiMode
                0x0000276c       0xc0 C:/Freescale/KSDK_1.2.0/lib/ksdk_platform_lib/kds/KL26Z4/debug/libksdk_platform.a(fsl_mcg_hal_modes.o)
                0x0000276c                CLOCK_HAL_SetFbiMode
 .text.CLOCK_HAL_SetFbeMode
                0x0000282c       0xd0 C:/Freescale/KSDK_1.2.0/lib/ksdk_platform_lib/kds/KL26Z4/debug/libksdk_platform.a(fsl_mcg_hal_modes.o)
                0x0000282c                CLOCK_HAL_SetFbeMode
 .text.CLOCK_HAL_SetPbeMode
                0x000028fc       0xc8 C:/Freescale/KSDK_1.2.0/lib/ksdk_platform_lib/kds/KL26Z4/debug/libksdk_platform.a(fsl_mcg_hal_modes.o)
                0x000028fc                CLOCK_HAL_SetPbeMode
 .text.LPTMR_HAL_SetTimerWorkingMode
                0x000029c4       0x3a C:/Freescale/KSDK_1.2.0/lib/ksdk_platform_lib/kds/KL26Z4/debug/libksdk_platform.a(fsl_lptmr_hal.o)
                0x000029c4                LPTMR_HAL_SetTimerWorkingMode
 .text.LPTMR_HAL_SetPrescalerMode
                0x000029fe       0x1e C:/Freescale/KSDK_1.2.0/lib/ksdk_platform_lib/kds/KL26Z4/debug/libksdk_platform.a(fsl_lptmr_hal.o)
                0x000029fe                LPTMR_HAL_SetPrescalerMode
 .text.LPTMR_HAL_GetCounterValue
                0x00002a1c       0x14 C:/Freescale/KSDK_1.2.0/lib/ksdk_platform_lib/kds/KL26Z4/debug/libksdk_platform.a(fsl_lptmr_hal.o)
                0x00002a1c                LPTMR_HAL_GetCounterValue
 .text.INT_SYS_EnableIRQGlobal
                0x00002a30       0x18 C:/Freescale/KSDK_1.2.0/lib/ksdk_platform_lib/kds/KL26Z4/debug/libksdk_platform.a(fsl_interrupt_manager.o)
                0x00002a30                INT_SYS_EnableIRQGlobal
 .text.INT_SYS_DisableIRQGlobal
                0x00002a48       0x10 C:/Freescale/KSDK_1.2.0/lib/ksdk_platform_lib/kds/KL26Z4/debug/libksdk_platform.a(fsl_interrupt_manager.o)
                0x00002a48                INT_SYS_DisableIRQGlobal
 .text.I2C_DRV_SlaveIRQHandler
                0x00002a58      0x240 C:/Freescale/KSDK_1.2.0/lib/ksdk_platform_lib/kds/KL26Z4/debug/libksdk_platform.a(fsl_i2c_slave_driver.o)
                0x00002a58                I2C_DRV_SlaveIRQHandler
 .text.I2C_DRV_CompleteTransfer
                0x00002c98       0x68 C:/Freescale/KSDK_1.2.0/lib/ksdk_platform_lib/kds/KL26Z4/debug/libksdk_platform.a(fsl_i2c_master_driver.o)
 .text.I2C_DRV_MasterIRQHandler
                0x00002d00       0xb0 C:/Freescale/KSDK_1.2.0/lib/ksdk_platform_lib/kds/KL26Z4/debug/libksdk_platform.a(fsl_i2c_master_driver.o)
                0x00002d00                I2C_DRV_MasterIRQHandler
 .text.I2C_HAL_SendStop
                0x00002db0       0x50 C:/Freescale/KSDK_1.2.0/lib/ksdk_platform_lib/kds/KL26Z4/debug/libksdk_platform.a(fsl_i2c_hal.o)
                0x00002db0                I2C_HAL_SendStop
 .text.__assert_func
                0x00002e00       0x3c c:/freescale/kds_3.0.0/toolchain/bin/../lib/gcc/arm-none-eabi/4.8.4/../../../../arm-none-eabi/lib/armv6-m\libg_s.a(lib_a-assert.o)
                0x00002e00                __assert_func
 .text.exit     0x00002e3c       0x2c c:/freescale/kds_3.0.0/toolchain/bin/../lib/gcc/arm-none-eabi/4.8.4/../../../../arm-none-eabi/lib/armv6-m\libg_s.a(lib_a-exit.o)
                0x00002e3c                exit
 .text.fprintf  0x00002e68       0x24 c:/freescale/kds_3.0.0/toolchain/bin/../lib/gcc/arm-none-eabi/4.8.4/../../../../arm-none-eabi/lib/armv6-m\libg_s.a(lib_a-fprintf.o)
                0x00002e68                fiprintf
                0x00002e68                fprintf
 .text.__libc_init_array
                0x00002e8c       0x4c c:/freescale/kds_3.0.0/toolchain/bin/../lib/gcc/arm-none-eabi/4.8.4/../../../../arm-none-eabi/lib/armv6-m\libg_s.a(lib_a-init.o)
                0x00002e8c                __libc_init_array
 .text.memset   0x00002ed8       0x10 c:/freescale/kds_3.0.0/toolchain/bin/../lib/gcc/arm-none-eabi/4.8.4/../../../../arm-none-eabi/lib/armv6-m\libg_s.a(lib_a-memset.o)
                0x00002ed8                memset
 .text._free_r  0x00002ee8       0x90 c:/freescale/kds_3.0.0/toolchain/bin/../lib/gcc/arm-none-eabi/4.8.4/../../../../arm-none-eabi/lib/armv6-m\libg_s.a(lib_a-nano-freer.o)
                0x00002ee8                _free_r
 .text._malloc_r
                0x00002f78       0xa8 c:/freescale/kds_3.0.0/toolchain/bin/../lib/gcc/arm-none-eabi/4.8.4/../../../../arm-none-eabi/lib/armv6-m\libg_s.a(lib_a-nano-mallocr.o)
                0x00002f78                _malloc_r
 .text._sbrk_r  0x00003020       0x24 c:/freescale/kds_3.0.0/toolchain/bin/../lib/gcc/arm-none-eabi/4.8.4/../../../../arm-none-eabi/lib/armv6-m\libg_s.a(lib_a-sbrkr.o)
                0x00003020                _sbrk_r
 .text.strlen   0x00003044        0xe c:/freescale/kds_3.0.0/toolchain/bin/../lib/gcc/arm-none-eabi/4.8.4/../../../../arm-none-eabi/lib/armv6-m\libg_s.a(lib_a-strlen.o)
                0x00003044                strlen
 .text.__sfputc_r
                0x00003052       0x2a c:/freescale/kds_3.0.0/toolchain/bin/../lib/gcc/arm-none-eabi/4.8.4/../../../../arm-none-eabi/lib/armv6-m\libg_s.a(lib_a-vfprintf.o)
 .text.__sfputs_r
                0x0000307c       0x24 c:/freescale/kds_3.0.0/toolchain/bin/../lib/gcc/arm-none-eabi/4.8.4/../../../../arm-none-eabi/lib/armv6-m\libg_s.a(lib_a-vfprintf.o)
                0x0000307c                __sfputs_r
 .text._vfprintf_r
                0x000030a0      0x210 c:/freescale/kds_3.0.0/toolchain/bin/../lib/gcc/arm-none-eabi/4.8.4/../../../../arm-none-eabi/lib/armv6-m\libg_s.a(lib_a-vfprintf.o)
                0x000030a0                _vfprintf_r
                0x000030a0                _vfiprintf_r
 .text._printf_common
                0x000032b0       0xe8 c:/freescale/kds_3.0.0/toolchain/bin/../lib/gcc/arm-none-eabi/4.8.4/../../../../arm-none-eabi/lib/armv6-m\libg_s.a(lib_a-vfprintf_i.o)
                0x000032b0                _printf_common
 .text._printf_i
                0x00003398      0x22c c:/freescale/kds_3.0.0/toolchain/bin/../lib/gcc/arm-none-eabi/4.8.4/../../../../arm-none-eabi/lib/armv6-m\libg_s.a(lib_a-vfprintf_i.o)
                0x00003398                _printf_i
 .text.__swbuf_r
                0x000035c4       0xb0 c:/freescale/kds_3.0.0/toolchain/bin/../lib/gcc/arm-none-eabi/4.8.4/../../../../arm-none-eabi/lib/armv6-m\libg_s.a(lib_a-wbuf.o)
                0x000035c4                __swbuf_r
 .text.__swsetup_r
                0x00003674       0xe4 c:/freescale/kds_3.0.0/toolchain/bin/../lib/gcc/arm-none-eabi/4.8.4/../../../../arm-none-eabi/lib/armv6-m\libg_s.a(lib_a-wsetup.o)
                0x00003674                __swsetup_r
 .text.abort    0x00003758        0xe c:/freescale/kds_3.0.0/toolchain/bin/../lib/gcc/arm-none-eabi/4.8.4/../../../../arm-none-eabi/lib/armv6-m\libg_s.a(lib_a-abort.o)
                0x00003758                abort
 .text.__sflush_r
                0x00003766      0x112 c:/freescale/kds_3.0.0/toolchain/bin/../lib/gcc/arm-none-eabi/4.8.4/../../../../arm-none-eabi/lib/armv6-m\libg_s.a(lib_a-fflush.o)
                0x00003766                __sflush_r
 .text._fflush_r
                0x00003878       0x58 c:/freescale/kds_3.0.0/toolchain/bin/../lib/gcc/arm-none-eabi/4.8.4/../../../../arm-none-eabi/lib/armv6-m\libg_s.a(lib_a-fflush.o)
                0x00003878                _fflush_r
 .text._cleanup_r
                0x000038d0       0x34 c:/freescale/kds_3.0.0/toolchain/bin/../lib/gcc/arm-none-eabi/4.8.4/../../../../arm-none-eabi/lib/armv6-m\libg_s.a(lib_a-findfp.o)
                0x000038d0                _cleanup_r
 .text.std.isra.0
                0x00003904       0x48 c:/freescale/kds_3.0.0/toolchain/bin/../lib/gcc/arm-none-eabi/4.8.4/../../../../arm-none-eabi/lib/armv6-m\libg_s.a(lib_a-findfp.o)
 .text.__sfmoreglue
                0x0000394c       0x2c c:/freescale/kds_3.0.0/toolchain/bin/../lib/gcc/arm-none-eabi/4.8.4/../../../../arm-none-eabi/lib/armv6-m\libg_s.a(lib_a-findfp.o)
                0x0000394c                __sfmoreglue
 .text.__sinit  0x00003978       0x64 c:/freescale/kds_3.0.0/toolchain/bin/../lib/gcc/arm-none-eabi/4.8.4/../../../../arm-none-eabi/lib/armv6-m\libg_s.a(lib_a-findfp.o)
                0x00003978                __sinit
 .text.__sfp    0x000039dc       0x7c c:/freescale/kds_3.0.0/toolchain/bin/../lib/gcc/arm-none-eabi/4.8.4/../../../../arm-none-eabi/lib/armv6-m\libg_s.a(lib_a-findfp.o)
                0x000039dc                __sfp
 .text.__smakebuf_r
                0x00003a58       0xa0 c:/freescale/kds_3.0.0/toolchain/bin/../lib/gcc/arm-none-eabi/4.8.4/../../../../arm-none-eabi/lib/armv6-m\libg_s.a(lib_a-makebuf.o)
                0x00003a58                __smakebuf_r
 .text.memchr   0x00003af8       0x16 c:/freescale/kds_3.0.0/toolchain/bin/../lib/gcc/arm-none-eabi/4.8.4/../../../../arm-none-eabi/lib/armv6-m\libg_s.a(lib_a-memchr-stub.o)
                0x00003af8                memchr
 .text._raise_r
                0x00003b0e       0x56 c:/freescale/kds_3.0.0/toolchain/bin/../lib/gcc/arm-none-eabi/4.8.4/../../../../arm-none-eabi/lib/armv6-m\libg_s.a(lib_a-signal.o)
                0x00003b0e                _raise_r
 .text.raise    0x00003b64       0x14 c:/freescale/kds_3.0.0/toolchain/bin/../lib/gcc/arm-none-eabi/4.8.4/../../../../arm-none-eabi/lib/armv6-m\libg_s.a(lib_a-signal.o)
                0x00003b64                raise
 .text._kill_r  0x00003b78       0x24 c:/freescale/kds_3.0.0/toolchain/bin/../lib/gcc/arm-none-eabi/4.8.4/../../../../arm-none-eabi/lib/armv6-m\libg_s.a(lib_a-signalr.o)
                0x00003b78                _kill_r
 .text._getpid_r
                0x00003b9c        0x8 c:/freescale/kds_3.0.0/toolchain/bin/../lib/gcc/arm-none-eabi/4.8.4/../../../../arm-none-eabi/lib/armv6-m\libg_s.a(lib_a-signalr.o)
                0x00003b9c                _getpid_r
 .text.__sread  0x00003ba4       0x28 c:/freescale/kds_3.0.0/toolchain/bin/../lib/gcc/arm-none-eabi/4.8.4/../../../../arm-none-eabi/lib/armv6-m\libg_s.a(lib_a-stdio.o)
                0x00003ba4                __sread
 .text.__swrite
                0x00003bcc       0x38 c:/freescale/kds_3.0.0/toolchain/bin/../lib/gcc/arm-none-eabi/4.8.4/../../../../arm-none-eabi/lib/armv6-m\libg_s.a(lib_a-stdio.o)
                0x00003bcc                __swrite
 .text.__sseek  0x00003c04       0x2c c:/freescale/kds_3.0.0/toolchain/bin/../lib/gcc/arm-none-eabi/4.8.4/../../../../arm-none-eabi/lib/armv6-m\libg_s.a(lib_a-stdio.o)
                0x00003c04                __sseek
 .text.__sclose
                0x00003c30        0xc c:/freescale/kds_3.0.0/toolchain/bin/../lib/gcc/arm-none-eabi/4.8.4/../../../../arm-none-eabi/lib/armv6-m\libg_s.a(lib_a-stdio.o)
                0x00003c30                __sclose
 .text._write_r
                0x00003c3c       0x28 c:/freescale/kds_3.0.0/toolchain/bin/../lib/gcc/arm-none-eabi/4.8.4/../../../../arm-none-eabi/lib/armv6-m\libg_s.a(lib_a-writer.o)
                0x00003c3c                _write_r
 .text._close_r
                0x00003c64       0x24 c:/freescale/kds_3.0.0/toolchain/bin/../lib/gcc/arm-none-eabi/4.8.4/../../../../arm-none-eabi/lib/armv6-m\libg_s.a(lib_a-closer.o)
                0x00003c64                _close_r
 .text._fstat_r
                0x00003c88       0x24 c:/freescale/kds_3.0.0/toolchain/bin/../lib/gcc/arm-none-eabi/4.8.4/../../../../arm-none-eabi/lib/armv6-m\libg_s.a(lib_a-fstatr.o)
                0x00003c88                _fstat_r
 .text._isatty_r
                0x00003cac       0x24 c:/freescale/kds_3.0.0/toolchain/bin/../lib/gcc/arm-none-eabi/4.8.4/../../../../arm-none-eabi/lib/armv6-m\libg_s.a(lib_a-isattyr.o)
                0x00003cac                _isatty_r
 .text._lseek_r
                0x00003cd0       0x28 c:/freescale/kds_3.0.0/toolchain/bin/../lib/gcc/arm-none-eabi/4.8.4/../../../../arm-none-eabi/lib/armv6-m\libg_s.a(lib_a-lseekr.o)
                0x00003cd0                _lseek_r
 .text._read_r  0x00003cf8       0x28 c:/freescale/kds_3.0.0/toolchain/bin/../lib/gcc/arm-none-eabi/4.8.4/../../../../arm-none-eabi/lib/armv6-m\libg_s.a(lib_a-readr.o)
                0x00003cf8                _read_r
 .text._close   0x00003d20       0x10 c:/freescale/kds_3.0.0/toolchain/bin/../lib/gcc/arm-none-eabi/4.8.4/../../../../arm-none-eabi/lib/armv6-m\libnosys.a(close.o)
                0x00003d20                _close
 .text._fstat   0x00003d30       0x10 c:/freescale/kds_3.0.0/toolchain/bin/../lib/gcc/arm-none-eabi/4.8.4/../../../../arm-none-eabi/lib/armv6-m\libnosys.a(fstat.o)
                0x00003d30                _fstat
 .text._getpid  0x00003d40       0x10 c:/freescale/kds_3.0.0/toolchain/bin/../lib/gcc/arm-none-eabi/4.8.4/../../../../arm-none-eabi/lib/armv6-m\libnosys.a(getpid.o)
                0x00003d40                _getpid
 .text._isatty  0x00003d50       0x10 c:/freescale/kds_3.0.0/toolchain/bin/../lib/gcc/arm-none-eabi/4.8.4/../../../../arm-none-eabi/lib/armv6-m\libnosys.a(isatty.o)
                0x00003d50                _isatty
 .text._kill    0x00003d60       0x10 c:/freescale/kds_3.0.0/toolchain/bin/../lib/gcc/arm-none-eabi/4.8.4/../../../../arm-none-eabi/lib/armv6-m\libnosys.a(kill.o)
                0x00003d60                _kill
 .text._lseek   0x00003d70       0x10 c:/freescale/kds_3.0.0/toolchain/bin/../lib/gcc/arm-none-eabi/4.8.4/../../../../arm-none-eabi/lib/armv6-m\libnosys.a(lseek.o)
                0x00003d70                _lseek
 .text._sbrk    0x00003d80       0x34 c:/freescale/kds_3.0.0/toolchain/bin/../lib/gcc/arm-none-eabi/4.8.4/../../../../arm-none-eabi/lib/armv6-m\libnosys.a(sbrk.o)
                0x00003d80                _sbrk
 .text._exit    0x00003db4        0x4 c:/freescale/kds_3.0.0/toolchain/bin/../lib/gcc/arm-none-eabi/4.8.4/../../../../arm-none-eabi/lib/armv6-m\libnosys.a(_exit.o)
                0x00003db4                _exit
 *(.rodata)
 .rodata        0x00003db8        0xc ./Utilities/fsl_debug_console.o
 .rodata        0x00003dc4       0x54 ./Sources/Uart2.o
 .rodata        0x00003e18       0x44 ./Board/board.o
 .rodata        0x00003e5c       0x44 ./Board/pin_mux.o
 *(.rodata*)
 .rodata._doprint
                0x00003ea0       0xc8 ./Utilities/print_scan.o
 .rodata.g_defaultClockConfigRun
                0x00003f68       0x14 ./Board/board.o
                0x00003f68                g_defaultClockConfigRun
 .rodata.__func__.5149
                0x00003f7c       0x14 ./Board/board.o
 .rodata.__func__.5125
                0x00003f90       0x14 ./Board/pin_mux.o
 .rodata.__func__.6881
                0x00003fa4       0x12 C:/Freescale/KSDK_1.2.0/lib/ksdk_platform_lib/kds/KL26Z4/debug/libksdk_platform.a(fsl_uart_driver.o)
 .rodata.__func__.6946
                0x00003fb6       0x1a C:/Freescale/KSDK_1.2.0/lib/ksdk_platform_lib/kds/KL26Z4/debug/libksdk_platform.a(fsl_uart_driver.o)
 .rodata.str1.1
                0x00003fd0      0x11a C:/Freescale/KSDK_1.2.0/lib/ksdk_platform_lib/kds/KL26Z4/debug/libksdk_platform.a(fsl_uart_driver.o)
 .rodata.__func__.7020
                0x000040ea       0x1a C:/Freescale/KSDK_1.2.0/lib/ksdk_platform_lib/kds/KL26Z4/debug/libksdk_platform.a(fsl_uart_driver.o)
 .rodata.__func__.6908
                0x00004104        0xe C:/Freescale/KSDK_1.2.0/lib/ksdk_platform_lib/kds/KL26Z4/debug/libksdk_platform.a(fsl_uart_driver.o)
 .rodata.__func__.7028
                0x00004112       0x17 C:/Freescale/KSDK_1.2.0/lib/ksdk_platform_lib/kds/KL26Z4/debug/libksdk_platform.a(fsl_uart_driver.o)
 .rodata.__func__.7034
                0x00004129       0x1d C:/Freescale/KSDK_1.2.0/lib/ksdk_platform_lib/kds/KL26Z4/debug/libksdk_platform.a(fsl_uart_driver.o)
 .rodata.__func__.5156
                0x00004146       0x13 C:/Freescale/KSDK_1.2.0/lib/ksdk_platform_lib/kds/KL26Z4/debug/libksdk_platform.a(fsl_i2c_shared_function.o)
 .rodata.str1.1
                0x00004159       0x69 C:/Freescale/KSDK_1.2.0/lib/ksdk_platform_lib/kds/KL26Z4/debug/libksdk_platform.a(fsl_i2c_shared_function.o)
 .rodata.uartGateTable
                0x000041c2        0x3 C:/Freescale/KSDK_1.2.0/lib/ksdk_platform_lib/kds/KL26Z4/debug/libksdk_platform.a(fsl_clock_MKL26Z4.o)
 .rodata.__func__.6205
                0x000041c5       0x1b C:/Freescale/KSDK_1.2.0/lib/ksdk_platform_lib/kds/KL26Z4/debug/libksdk_platform.a(fsl_clock_MKL26Z4.o)
 .rodata.__func__.6351
                0x000041e0       0x1a C:/Freescale/KSDK_1.2.0/lib/ksdk_platform_lib/kds/KL26Z4/debug/libksdk_platform.a(fsl_clock_MKL26Z4.o)
 .rodata.str1.1
                0x000041fa      0x225 C:/Freescale/KSDK_1.2.0/lib/ksdk_platform_lib/kds/KL26Z4/debug/libksdk_platform.a(fsl_clock_MKL26Z4.o)
 .rodata.portGateTable
                0x0000441f        0x5 C:/Freescale/KSDK_1.2.0/lib/ksdk_platform_lib/kds/KL26Z4/debug/libksdk_platform.a(fsl_clock_MKL26Z4.o)
 .rodata.__func__.6424
                0x00004424       0x1b C:/Freescale/KSDK_1.2.0/lib/ksdk_platform_lib/kds/KL26Z4/debug/libksdk_platform.a(fsl_clock_MKL26Z4.o)
 .rodata.__func__.6429
                0x0000443f       0x1a C:/Freescale/KSDK_1.2.0/lib/ksdk_platform_lib/kds/KL26Z4/debug/libksdk_platform.a(fsl_clock_MKL26Z4.o)
 .rodata.__func__.6613
                0x00004459       0x15 C:/Freescale/KSDK_1.2.0/lib/ksdk_platform_lib/kds/KL26Z4/debug/libksdk_platform.a(fsl_clock_manager.o)
 .rodata.str1.1
                0x0000446e       0xaf C:/Freescale/KSDK_1.2.0/lib/ksdk_platform_lib/kds/KL26Z4/debug/libksdk_platform.a(fsl_clock_manager.o)
 .rodata.__func__.6596
                0x0000451d       0x12 C:/Freescale/KSDK_1.2.0/lib/ksdk_platform_lib/kds/KL26Z4/debug/libksdk_platform.a(fsl_clock_manager.o)
 *fill*         0x0000452f        0x1 
 .rodata.g_oscBase
                0x00004530        0x4 C:/Freescale/KSDK_1.2.0/lib/ksdk_platform_lib/kds/KL26Z4/debug/libksdk_platform.a(fsl_clock_manager_common.o)
                0x00004530                g_oscBase
 .rodata.__func__.6487
                0x00004534        0xf C:/Freescale/KSDK_1.2.0/lib/ksdk_platform_lib/kds/KL26Z4/debug/libksdk_platform.a(fsl_os_abstraction_bm.o)
 .rodata.__func__.6493
                0x00004543        0xd C:/Freescale/KSDK_1.2.0/lib/ksdk_platform_lib/kds/KL26Z4/debug/libksdk_platform.a(fsl_os_abstraction_bm.o)
 .rodata.str1.1
                0x00004550       0x6b C:/Freescale/KSDK_1.2.0/lib/ksdk_platform_lib/kds/KL26Z4/debug/libksdk_platform.a(fsl_os_abstraction_bm.o)
 .rodata.__func__.6497
                0x000045bb        0xd C:/Freescale/KSDK_1.2.0/lib/ksdk_platform_lib/kds/KL26Z4/debug/libksdk_platform.a(fsl_os_abstraction_bm.o)
 .rodata.__func__.6543
                0x000045c8        0xd C:/Freescale/KSDK_1.2.0/lib/ksdk_platform_lib/kds/KL26Z4/debug/libksdk_platform.a(fsl_os_abstraction_bm.o)
 *fill*         0x000045d5        0x3 
 .rodata.g_uartBase
                0x000045d8        0xc C:/Freescale/KSDK_1.2.0/lib/ksdk_platform_lib/kds/KL26Z4/debug/libksdk_platform.a(fsl_uart_common.o)
                0x000045d8                g_uartBase
 .rodata.g_rtcBase
                0x000045e4        0x4 C:/Freescale/KSDK_1.2.0/lib/ksdk_platform_lib/kds/KL26Z4/debug/libksdk_platform.a(fsl_rtc_common.o)
                0x000045e4                g_rtcBase
 .rodata.fllFactorTable.5213
                0x000045e8       0x10 C:/Freescale/KSDK_1.2.0/lib/ksdk_platform_lib/kds/KL26Z4/debug/libksdk_platform.a(fsl_mcg_hal.o)
 .rodata.__func__.6933
                0x000045f8       0x18 C:/Freescale/KSDK_1.2.0/lib/ksdk_platform_lib/kds/KL26Z4/debug/libksdk_platform.a(fsl_i2c_slave_driver.o)
 .rodata.str1.1
                0x00004610       0x4e C:/Freescale/KSDK_1.2.0/lib/ksdk_platform_lib/kds/KL26Z4/debug/libksdk_platform.a(fsl_i2c_slave_driver.o)
                                 0xef (size before relaxing)
 .rodata.__func__.6943
                0x0000465e       0x19 C:/Freescale/KSDK_1.2.0/lib/ksdk_platform_lib/kds/KL26Z4/debug/libksdk_platform.a(fsl_i2c_master_driver.o)
 .rodata.str1.1
                0x00004677       0x57 C:/Freescale/KSDK_1.2.0/lib/ksdk_platform_lib/kds/KL26Z4/debug/libksdk_platform.a(fsl_i2c_master_driver.o)
                                 0xf8 (size before relaxing)
 .rodata.__func__.6963
                0x000046ce       0x19 C:/Freescale/KSDK_1.2.0/lib/ksdk_platform_lib/kds/KL26Z4/debug/libksdk_platform.a(fsl_i2c_master_driver.o)
 *fill*         0x000046e7        0x1 
 .rodata.g_i2cBase
                0x000046e8        0x8 C:/Freescale/KSDK_1.2.0/lib/ksdk_platform_lib/kds/KL26Z4/debug/libksdk_platform.a(fsl_i2c_common.o)
                0x000046e8                g_i2cBase
 .rodata.__func__.5176
                0x000046f0       0x11 C:/Freescale/KSDK_1.2.0/lib/ksdk_platform_lib/kds/KL26Z4/debug/libksdk_platform.a(fsl_i2c_hal.o)
 .rodata.str1.1
                0x00004701       0x55 C:/Freescale/KSDK_1.2.0/lib/ksdk_platform_lib/kds/KL26Z4/debug/libksdk_platform.a(fsl_i2c_hal.o)
 .rodata.str1.1
                0x00004756       0x3c c:/freescale/kds_3.0.0/toolchain/bin/../lib/gcc/arm-none-eabi/4.8.4/../../../../arm-none-eabi/lib/armv6-m\libg_s.a(lib_a-assert.o)
                                 0x3d (size before relaxing)
 .rodata.str1.1
                0x00004792        0x2 c:/freescale/kds_3.0.0/toolchain/bin/../lib/gcc/arm-none-eabi/4.8.4/../../../../arm-none-eabi/lib/armv6-m\libg_s.a(lib_a-impure.o)
 .rodata._global_impure_ptr
                0x00004794        0x4 c:/freescale/kds_3.0.0/toolchain/bin/../lib/gcc/arm-none-eabi/4.8.4/../../../../arm-none-eabi/lib/armv6-m\libg_s.a(lib_a-impure.o)
                0x00004794                _global_impure_ptr
 .rodata.str1.1
                0x00004798       0x11 c:/freescale/kds_3.0.0/toolchain/bin/../lib/gcc/arm-none-eabi/4.8.4/../../../../arm-none-eabi/lib/armv6-m\libg_s.a(lib_a-vfprintf.o)
 .rodata.str1.1
                0x000047a9       0x22 c:/freescale/kds_3.0.0/toolchain/bin/../lib/gcc/arm-none-eabi/4.8.4/../../../../arm-none-eabi/lib/armv6-m\libg_s.a(lib_a-vfprintf_i.o)
 *fill*         0x000047cb        0x1 
 .rodata.__sf_fake_stdin
                0x000047cc       0x20 c:/freescale/kds_3.0.0/toolchain/bin/../lib/gcc/arm-none-eabi/4.8.4/../../../../arm-none-eabi/lib/armv6-m\libg_s.a(lib_a-findfp.o)
                0x000047cc                __sf_fake_stdin
 .rodata.__sf_fake_stdout
                0x000047ec       0x20 c:/freescale/kds_3.0.0/toolchain/bin/../lib/gcc/arm-none-eabi/4.8.4/../../../../arm-none-eabi/lib/armv6-m\libg_s.a(lib_a-findfp.o)
                0x000047ec                __sf_fake_stdout
 .rodata.__sf_fake_stderr
                0x0000480c       0x20 c:/freescale/kds_3.0.0/toolchain/bin/../lib/gcc/arm-none-eabi/4.8.4/../../../../arm-none-eabi/lib/armv6-m\libg_s.a(lib_a-findfp.o)
                0x0000480c                __sf_fake_stderr
 *(.glue_7)
 .glue_7        0x00000000        0x0 linker stubs
 *(.glue_7t)
 .glue_7t       0x00000000        0x0 linker stubs
 *(.eh_frame)
 .eh_frame      0x0000482c        0x0 c:/freescale/kds_3.0.0/toolchain/bin/../lib/gcc/arm-none-eabi/4.8.4/armv6-m/crtbegin.o
 *(.init)
 .init          0x0000482c        0x4 c:/freescale/kds_3.0.0/toolchain/bin/../lib/gcc/arm-none-eabi/4.8.4/armv6-m/crti.o
                0x0000482c                _init
 .init          0x00004830        0x8 c:/freescale/kds_3.0.0/toolchain/bin/../lib/gcc/arm-none-eabi/4.8.4/armv6-m/crtn.o
 *(.fini)
 .fini          0x00004838        0x4 c:/freescale/kds_3.0.0/toolchain/bin/../lib/gcc/arm-none-eabi/4.8.4/armv6-m/crti.o
                0x00004838                _fini
 .fini          0x0000483c        0x8 c:/freescale/kds_3.0.0/toolchain/bin/../lib/gcc/arm-none-eabi/4.8.4/armv6-m/crtn.o
                0x00004844                . = ALIGN (0x4)

.vfp11_veneer   0x00004844        0x0
 .vfp11_veneer  0x00000000        0x0 linker stubs

.v4_bx          0x00004844        0x0
 .v4_bx         0x00000000        0x0 linker stubs

.iplt           0x00004844        0x0
 .iplt          0x00000000        0x0 c:/freescale/kds_3.0.0/toolchain/bin/../lib/gcc/arm-none-eabi/4.8.4/armv6-m/crtbegin.o

.ARM.extab
 *(.ARM.extab* .gnu.linkonce.armextab.*)

.ARM            0x00004844        0x8
                0x00004844                __exidx_start = .
 *(.ARM.exidx*)
 .ARM.exidx     0x00004844        0x8 c:/freescale/kds_3.0.0/toolchain/bin/../lib/gcc/arm-none-eabi/4.8.4/../../../../arm-none-eabi/lib/armv6-m/crt0.o
                0x0000484c                __exidx_end = .

.rel.dyn        0x0000484c        0x0
 .rel.iplt      0x00000000        0x0 c:/freescale/kds_3.0.0/toolchain/bin/../lib/gcc/arm-none-eabi/4.8.4/armv6-m/crtbegin.o

.ctors          0x0000484c        0x0
                0x0000484c                __CTOR_LIST__ = .
 *crtbegin.o(.ctors)
 *crtbegin?.o(.ctors)
 *(EXCLUDE_FILE(*crtend.o *crtend?.o) .ctors)
 *(SORT(.ctors.*))
 *(.ctors)
                0x0000484c                __CTOR_END__ = .

.dtors          0x0000484c        0x0
                0x0000484c                __DTOR_LIST__ = .
 *crtbegin.o(.dtors)
 *crtbegin?.o(.dtors)
 *(EXCLUDE_FILE(*crtend.o *crtend?.o) .dtors)
 *(SORT(.dtors.*))
 *(.dtors)
                0x0000484c                __DTOR_END__ = .

.preinit_array  0x0000484c        0x0
                0x0000484c                PROVIDE (__preinit_array_start, .)
 *(.preinit_array*)
                0x0000484c                PROVIDE (__preinit_array_end, .)

.init_array     0x0000484c        0x4
                0x0000484c                PROVIDE (__init_array_start, .)
 *(SORT(.init_array.*))
 *(.init_array*)
 .init_array    0x0000484c        0x4 c:/freescale/kds_3.0.0/toolchain/bin/../lib/gcc/arm-none-eabi/4.8.4/armv6-m/crtbegin.o
                0x00004850                PROVIDE (__init_array_end, .)

.fini_array     0x00004850        0x4
                0x00004850                PROVIDE (__fini_array_start, .)
 *(SORT(.fini_array.*))
 *(.fini_array*)
 .fini_array    0x00004850        0x4 c:/freescale/kds_3.0.0/toolchain/bin/../lib/gcc/arm-none-eabi/4.8.4/armv6-m/crtbegin.o
                0x00004854                PROVIDE (__fini_array_end, .)
                0x00004854                __etext = .
                0x00004854                __DATA_ROM = .

.mtb            0x1ffff000        0x0
                0x1ffff000                . = ALIGN (0x8)
                0x1ffff000                _mtb_start = .
 *(.mtb_buf)
                0x1ffff000                . = ALIGN (0x8)
                0x1ffff000                _mtb_end = .

.interrupts_ram
                0x1ffff000        0x0
                0x1ffff000                . = ALIGN (0x4)
                0x1ffff000                __VECTOR_RAM__ = .
                0x1ffff000                __interrupts_ram_start__ = .
 *(.m_interrupts_ram)
                0x1ffff000                . = (. + M_VECTOR_RAM_SIZE)
                0x1ffff000                . = ALIGN (0x4)
                0x1ffff000                __interrupts_ram_end__ = .
                0x00000000                __VECTOR_RAM = DEFINED (__ram_vector_table__)?__VECTOR_RAM__:ORIGIN (m_interrupts)
                0x00000000                __RAM_VECTOR_TABLE_SIZE_BYTES = DEFINED (__ram_vector_table__)?(__interrupts_ram_end__ - __interrupts_ram_start__):0x0

.data           0x1ffff000       0x7c load address 0x00004854
                0x1ffff000                . = ALIGN (0x4)
                0x1ffff000                __DATA_RAM = .
                0x1ffff000                __data_start__ = .
 *(.data)
 *(.data*)
 .data.AT       0x1ffff000        0x4 ./Sources/Uart2.o
                0x1ffff000                AT
 .data.SystemCoreClock
                0x1ffff004        0x4 ./Project_Settings/Startup_Code/system_MKL26Z4.o
                0x1ffff004                SystemCoreClock
 .data.g_uartRxTxIrqId
                0x1ffff008        0x3 C:/Freescale/KSDK_1.2.0/lib/ksdk_platform_lib/kds/KL26Z4/debug/libksdk_platform.a(fsl_uart_common.o)
                0x1ffff008                g_uartRxTxIrqId
 *fill*         0x1ffff00b        0x1 
 .data.g_slowInternalRefClkFreq
                0x1ffff00c        0x4 C:/Freescale/KSDK_1.2.0/lib/ksdk_platform_lib/kds/KL26Z4/debug/libksdk_platform.a(fsl_mcg_hal.o)
                0x1ffff00c                g_slowInternalRefClkFreq
 .data.g_fastInternalRefClkFreq
                0x1ffff010        0x4 C:/Freescale/KSDK_1.2.0/lib/ksdk_platform_lib/kds/KL26Z4/debug/libksdk_platform.a(fsl_mcg_hal.o)
                0x1ffff010                g_fastInternalRefClkFreq
 .data.impure_data
                0x1ffff014       0x60 c:/freescale/kds_3.0.0/toolchain/bin/../lib/gcc/arm-none-eabi/4.8.4/../../../../arm-none-eabi/lib/armv6-m\libg_s.a(lib_a-impure.o)
 .data._impure_ptr
                0x1ffff074        0x4 c:/freescale/kds_3.0.0/toolchain/bin/../lib/gcc/arm-none-eabi/4.8.4/../../../../arm-none-eabi/lib/armv6-m\libg_s.a(lib_a-impure.o)
                0x1ffff074                _impure_ptr
 *(.jcr*)
 .jcr           0x1ffff078        0x0 c:/freescale/kds_3.0.0/toolchain/bin/../lib/gcc/arm-none-eabi/4.8.4/armv6-m/crtbegin.o
 .jcr           0x1ffff078        0x4 c:/freescale/kds_3.0.0/toolchain/bin/../lib/gcc/arm-none-eabi/4.8.4/armv6-m/crtend.o
                0x1ffff07c                . = ALIGN (0x4)
                0x1ffff07c                __data_end__ = .
                0x000048d0                __DATA_END = (__DATA_ROM + (__data_end__ - __data_start__))

.igot.plt       0x1ffff07c        0x0 load address 0x000048d0
 .igot.plt      0x00000000        0x0 c:/freescale/kds_3.0.0/toolchain/bin/../lib/gcc/arm-none-eabi/4.8.4/armv6-m/crtbegin.o

.bss            0x1ffff07c       0xc0 load address 0x000048d0
                0x1ffff07c                . = ALIGN (0x4)
                0x1ffff07c                __START_BSS = .
                0x1ffff07c                __bss_start__ = .
 *(.bss)
 .bss           0x1ffff07c       0x1c c:/freescale/kds_3.0.0/toolchain/bin/../lib/gcc/arm-none-eabi/4.8.4/armv6-m/crtbegin.o
 *(.bss*)
 .bss.s_debugConsole
                0x1ffff098       0x10 ./Utilities/fsl_debug_console.o
 .bss.g_freeTaskControlBlock
                0x1ffff0a8        0x4 C:/Freescale/KSDK_1.2.0/lib/ksdk_platform_lib/kds/KL26Z4/debug/libksdk_platform.a(fsl_os_abstraction_bm.o)
 .bss.g_taskControlBlockPool
                0x1ffff0ac       0x50 C:/Freescale/KSDK_1.2.0/lib/ksdk_platform_lib/kds/KL26Z4/debug/libksdk_platform.a(fsl_os_abstraction_bm.o)
 .bss.g_taskListHead
                0x1ffff0fc       0x10 C:/Freescale/KSDK_1.2.0/lib/ksdk_platform_lib/kds/KL26Z4/debug/libksdk_platform.a(fsl_os_abstraction_bm.o)
 .bss.g_uartStatePtr
                0x1ffff10c        0xc C:/Freescale/KSDK_1.2.0/lib/ksdk_platform_lib/kds/KL26Z4/debug/libksdk_platform.a(fsl_uart_common.o)
                0x1ffff10c                g_uartStatePtr
 .bss.g_xtal0ClkFreq
                0x1ffff118        0x4 C:/Freescale/KSDK_1.2.0/lib/ksdk_platform_lib/kds/KL26Z4/debug/libksdk_platform.a(fsl_mcg_hal.o)
                0x1ffff118                g_xtal0ClkFreq
 .bss.g_xtalRtcClkFreq
                0x1ffff11c        0x4 C:/Freescale/KSDK_1.2.0/lib/ksdk_platform_lib/kds/KL26Z4/debug/libksdk_platform.a(fsl_mcg_hal.o)
                0x1ffff11c                g_xtalRtcClkFreq
 .bss.g_interruptDisableCount
                0x1ffff120        0x4 C:/Freescale/KSDK_1.2.0/lib/ksdk_platform_lib/kds/KL26Z4/debug/libksdk_platform.a(fsl_interrupt_manager.o)
                0x1ffff120                g_interruptDisableCount
 .bss.g_i2cStatePtr
                0x1ffff124        0x8 C:/Freescale/KSDK_1.2.0/lib/ksdk_platform_lib/kds/KL26Z4/debug/libksdk_platform.a(fsl_i2c_common.o)
                0x1ffff124                g_i2cStatePtr
 .bss.__malloc_sbrk_start
                0x1ffff12c        0x4 c:/freescale/kds_3.0.0/toolchain/bin/../lib/gcc/arm-none-eabi/4.8.4/../../../../arm-none-eabi/lib/armv6-m\libg_s.a(lib_a-nano-mallocr.o)
                0x1ffff12c                __malloc_sbrk_start
 .bss.__malloc_free_list
                0x1ffff130        0x4 c:/freescale/kds_3.0.0/toolchain/bin/../lib/gcc/arm-none-eabi/4.8.4/../../../../arm-none-eabi/lib/armv6-m\libg_s.a(lib_a-nano-mallocr.o)
                0x1ffff130                __malloc_free_list
 .bss.heap_end.4246
                0x1ffff134        0x4 c:/freescale/kds_3.0.0/toolchain/bin/../lib/gcc/arm-none-eabi/4.8.4/../../../../arm-none-eabi/lib/armv6-m\libnosys.a(sbrk.o)
 *(COMMON)
 COMMON         0x1ffff138        0x4 c:/freescale/kds_3.0.0/toolchain/bin/../lib/gcc/arm-none-eabi/4.8.4/../../../../arm-none-eabi/lib/armv6-m\libg_s.a(lib_a-reent.o)
                0x1ffff138                errno
                0x1ffff13c                . = ALIGN (0x4)
                0x1ffff13c                __bss_end__ = .
                0x1ffff13c                __END_BSS = .

.heap           0x1ffff13c      0x404 load address 0x00004990
                0x1ffff140                . = ALIGN (0x8)
 *fill*         0x1ffff13c        0x4 
                0x1ffff140                __end__ = .
                0x1ffff140                PROVIDE (end, .)
                0x1ffff140                __HeapBase = .
                0x1ffff540                . = (. + HEAP_SIZE)
 *fill*         0x1ffff140      0x400 
                0x1ffff540                __HeapLimit = .

.stack          0x1ffff540      0x400 load address 0x00004d94
                0x1ffff540                . = ALIGN (0x8)
                0x1ffff940                . = (. + STACK_SIZE)
 *fill*         0x1ffff540      0x400 
                0x20003000                __StackTop = (ORIGIN (m_data) + 0x4000)
                0x20002c00                __StackLimit = (__StackTop - STACK_SIZE)
                0x20003000                PROVIDE (__stack, __StackTop)

.ARM.attributes
                0x00000000       0x28
 *(.ARM.attributes)
 .ARM.attributes
                0x00000000       0x1e c:/freescale/kds_3.0.0/toolchain/bin/../lib/gcc/arm-none-eabi/4.8.4/armv6-m/crti.o
 .ARM.attributes
                0x0000001e       0x2c c:/freescale/kds_3.0.0/toolchain/bin/../lib/gcc/arm-none-eabi/4.8.4/armv6-m/crtbegin.o
 .ARM.attributes
                0x0000004a       0x1b c:/freescale/kds_3.0.0/toolchain/bin/../lib/gcc/arm-none-eabi/4.8.4/../../../../arm-none-eabi/lib/armv6-m/crt0.o
 .ARM.attributes
                0x00000065       0x32 ./Utilities/fsl_debug_console.o
 .ARM.attributes
                0x00000097       0x32 ./Utilities/print_scan.o
 .ARM.attributes
                0x000000c9       0x32 ./Sources/Uart2.o
 .ARM.attributes
                0x000000fb       0x32 ./Sources/fsl_i2c_irq.o
 .ARM.attributes
                0x0000012d       0x32 ./Project_Settings/Startup_Code/startup.o
 .ARM.attributes
                0x0000015f       0x1b ./Project_Settings/Startup_Code/startup_MKL26Z4.o
 .ARM.attributes
                0x0000017a       0x32 ./Project_Settings/Startup_Code/system_MKL26Z4.o
 .ARM.attributes
                0x000001ac       0x32 ./Board/board.o
 .ARM.attributes
                0x000001de       0x32 ./Board/hardware_init.o
 .ARM.attributes
                0x00000210       0x32 ./Board/pin_mux.o
 .ARM.attributes
                0x00000242       0x32 C:/Freescale/KSDK_1.2.0/lib/ksdk_platform_lib/kds/KL26Z4/debug/libksdk_platform.a(fsl_uart_hal.o)
 .ARM.attributes
                0x00000274       0x32 C:/Freescale/KSDK_1.2.0/lib/ksdk_platform_lib/kds/KL26Z4/debug/libksdk_platform.a(fsl_uart_driver.o)
 .ARM.attributes
                0x000002a6       0x32 C:/Freescale/KSDK_1.2.0/lib/ksdk_platform_lib/kds/KL26Z4/debug/libksdk_platform.a(fsl_lpsci_hal.o)
 .ARM.attributes
                0x000002d8       0x32 C:/Freescale/KSDK_1.2.0/lib/ksdk_platform_lib/kds/KL26Z4/debug/libksdk_platform.a(fsl_i2c_shared_function.o)
 .ARM.attributes
                0x0000030a       0x32 C:/Freescale/KSDK_1.2.0/lib/ksdk_platform_lib/kds/KL26Z4/debug/libksdk_platform.a(fsl_clock_MKL26Z4.o)
 .ARM.attributes
                0x0000033c       0x32 C:/Freescale/KSDK_1.2.0/lib/ksdk_platform_lib/kds/KL26Z4/debug/libksdk_platform.a(fsl_clock_manager.o)
 .ARM.attributes
                0x0000036e       0x32 C:/Freescale/KSDK_1.2.0/lib/ksdk_platform_lib/kds/KL26Z4/debug/libksdk_platform.a(fsl_clock_manager_common.o)
 .ARM.attributes
                0x000003a0       0x32 C:/Freescale/KSDK_1.2.0/lib/ksdk_platform_lib/kds/KL26Z4/debug/libksdk_platform.a(fsl_os_abstraction_bm.o)
 .ARM.attributes
                0x000003d2       0x32 C:/Freescale/KSDK_1.2.0/lib/ksdk_platform_lib/kds/KL26Z4/debug/libksdk_platform.a(fsl_uart_common.o)
 .ARM.attributes
                0x00000404       0x32 C:/Freescale/KSDK_1.2.0/lib/ksdk_platform_lib/kds/KL26Z4/debug/libksdk_platform.a(fsl_sim_hal_MKL26Z4.o)
 .ARM.attributes
                0x00000436       0x32 C:/Freescale/KSDK_1.2.0/lib/ksdk_platform_lib/kds/KL26Z4/debug/libksdk_platform.a(fsl_rtc_common.o)
 .ARM.attributes
                0x00000468       0x32 C:/Freescale/KSDK_1.2.0/lib/ksdk_platform_lib/kds/KL26Z4/debug/libksdk_platform.a(fsl_osc_hal.o)
 .ARM.attributes
                0x0000049a       0x32 C:/Freescale/KSDK_1.2.0/lib/ksdk_platform_lib/kds/KL26Z4/debug/libksdk_platform.a(fsl_mcg_hal.o)
 .ARM.attributes
                0x000004cc       0x32 C:/Freescale/KSDK_1.2.0/lib/ksdk_platform_lib/kds/KL26Z4/debug/libksdk_platform.a(fsl_mcg_hal_modes.o)
 .ARM.attributes
                0x000004fe       0x32 C:/Freescale/KSDK_1.2.0/lib/ksdk_platform_lib/kds/KL26Z4/debug/libksdk_platform.a(fsl_lptmr_hal.o)
 .ARM.attributes
                0x00000530       0x32 C:/Freescale/KSDK_1.2.0/lib/ksdk_platform_lib/kds/KL26Z4/debug/libksdk_platform.a(fsl_interrupt_manager.o)
 .ARM.attributes
                0x00000562       0x32 C:/Freescale/KSDK_1.2.0/lib/ksdk_platform_lib/kds/KL26Z4/debug/libksdk_platform.a(fsl_i2c_slave_driver.o)
 .ARM.attributes
                0x00000594       0x32 C:/Freescale/KSDK_1.2.0/lib/ksdk_platform_lib/kds/KL26Z4/debug/libksdk_platform.a(fsl_i2c_master_driver.o)
 .ARM.attributes
                0x000005c6       0x32 C:/Freescale/KSDK_1.2.0/lib/ksdk_platform_lib/kds/KL26Z4/debug/libksdk_platform.a(fsl_i2c_common.o)
 .ARM.attributes
                0x000005f8       0x32 C:/Freescale/KSDK_1.2.0/lib/ksdk_platform_lib/kds/KL26Z4/debug/libksdk_platform.a(fsl_i2c_hal.o)
 .ARM.attributes
                0x0000062a       0x1e c:/freescale/kds_3.0.0/toolchain/bin/../lib/gcc/arm-none-eabi/4.8.4/armv6-m\libgcc.a(_thumb1_case_uqi.o)
 .ARM.attributes
                0x00000648       0x1e c:/freescale/kds_3.0.0/toolchain/bin/../lib/gcc/arm-none-eabi/4.8.4/armv6-m\libgcc.a(_udivsi3.o)
 .ARM.attributes
                0x00000666       0x1e c:/freescale/kds_3.0.0/toolchain/bin/../lib/gcc/arm-none-eabi/4.8.4/armv6-m\libgcc.a(_divsi3.o)
 .ARM.attributes
                0x00000684       0x1e c:/freescale/kds_3.0.0/toolchain/bin/../lib/gcc/arm-none-eabi/4.8.4/armv6-m\libgcc.a(_dvmd_tls.o)
 .ARM.attributes
                0x000006a2       0x2c c:/freescale/kds_3.0.0/toolchain/bin/../lib/gcc/arm-none-eabi/4.8.4/../../../../arm-none-eabi/lib/armv6-m\libg_s.a(lib_a-assert.o)
 .ARM.attributes
                0x000006ce       0x2c c:/freescale/kds_3.0.0/toolchain/bin/../lib/gcc/arm-none-eabi/4.8.4/../../../../arm-none-eabi/lib/armv6-m\libg_s.a(lib_a-exit.o)
 .ARM.attributes
                0x000006fa       0x2c c:/freescale/kds_3.0.0/toolchain/bin/../lib/gcc/arm-none-eabi/4.8.4/../../../../arm-none-eabi/lib/armv6-m\libg_s.a(lib_a-fprintf.o)
 .ARM.attributes
                0x00000726       0x2c c:/freescale/kds_3.0.0/toolchain/bin/../lib/gcc/arm-none-eabi/4.8.4/../../../../arm-none-eabi/lib/armv6-m\libg_s.a(lib_a-impure.o)
 .ARM.attributes
                0x00000752       0x2c c:/freescale/kds_3.0.0/toolchain/bin/../lib/gcc/arm-none-eabi/4.8.4/../../../../arm-none-eabi/lib/armv6-m\libg_s.a(lib_a-init.o)
 .ARM.attributes
                0x0000077e       0x2c c:/freescale/kds_3.0.0/toolchain/bin/../lib/gcc/arm-none-eabi/4.8.4/../../../../arm-none-eabi/lib/armv6-m\libg_s.a(lib_a-memset.o)
 .ARM.attributes
                0x000007aa       0x2c c:/freescale/kds_3.0.0/toolchain/bin/../lib/gcc/arm-none-eabi/4.8.4/../../../../arm-none-eabi/lib/armv6-m\libg_s.a(lib_a-nano-freer.o)
 .ARM.attributes
                0x000007d6       0x2c c:/freescale/kds_3.0.0/toolchain/bin/../lib/gcc/arm-none-eabi/4.8.4/../../../../arm-none-eabi/lib/armv6-m\libg_s.a(lib_a-nano-mallocr.o)
 .ARM.attributes
                0x00000802       0x2c c:/freescale/kds_3.0.0/toolchain/bin/../lib/gcc/arm-none-eabi/4.8.4/../../../../arm-none-eabi/lib/armv6-m\libg_s.a(lib_a-sbrkr.o)
 .ARM.attributes
                0x0000082e       0x2c c:/freescale/kds_3.0.0/toolchain/bin/../lib/gcc/arm-none-eabi/4.8.4/../../../../arm-none-eabi/lib/armv6-m\libg_s.a(lib_a-strlen.o)
 .ARM.attributes
                0x0000085a       0x2c c:/freescale/kds_3.0.0/toolchain/bin/../lib/gcc/arm-none-eabi/4.8.4/../../../../arm-none-eabi/lib/armv6-m\libg_s.a(lib_a-vfprintf.o)
 .ARM.attributes
                0x00000886       0x2c c:/freescale/kds_3.0.0/toolchain/bin/../lib/gcc/arm-none-eabi/4.8.4/../../../../arm-none-eabi/lib/armv6-m\libg_s.a(lib_a-vfprintf_i.o)
 .ARM.attributes
                0x000008b2       0x2c c:/freescale/kds_3.0.0/toolchain/bin/../lib/gcc/arm-none-eabi/4.8.4/../../../../arm-none-eabi/lib/armv6-m\libg_s.a(lib_a-wbuf.o)
 .ARM.attributes
                0x000008de       0x2c c:/freescale/kds_3.0.0/toolchain/bin/../lib/gcc/arm-none-eabi/4.8.4/../../../../arm-none-eabi/lib/armv6-m\libg_s.a(lib_a-wsetup.o)
 .ARM.attributes
                0x0000090a       0x2c c:/freescale/kds_3.0.0/toolchain/bin/../lib/gcc/arm-none-eabi/4.8.4/../../../../arm-none-eabi/lib/armv6-m\libg_s.a(lib_a-abort.o)
 .ARM.attributes
                0x00000936       0x2c c:/freescale/kds_3.0.0/toolchain/bin/../lib/gcc/arm-none-eabi/4.8.4/../../../../arm-none-eabi/lib/armv6-m\libg_s.a(lib_a-fflush.o)
 .ARM.attributes
                0x00000962       0x2c c:/freescale/kds_3.0.0/toolchain/bin/../lib/gcc/arm-none-eabi/4.8.4/../../../../arm-none-eabi/lib/armv6-m\libg_s.a(lib_a-findfp.o)
 .ARM.attributes
                0x0000098e       0x2c c:/freescale/kds_3.0.0/toolchain/bin/../lib/gcc/arm-none-eabi/4.8.4/../../../../arm-none-eabi/lib/armv6-m\libg_s.a(lib_a-makebuf.o)
 .ARM.attributes
                0x000009ba       0x2c c:/freescale/kds_3.0.0/toolchain/bin/../lib/gcc/arm-none-eabi/4.8.4/../../../../arm-none-eabi/lib/armv6-m\libg_s.a(lib_a-memchr-stub.o)
 .ARM.attributes
                0x000009e6       0x2c c:/freescale/kds_3.0.0/toolchain/bin/../lib/gcc/arm-none-eabi/4.8.4/../../../../arm-none-eabi/lib/armv6-m\libg_s.a(lib_a-reent.o)
 .ARM.attributes
                0x00000a12       0x2c c:/freescale/kds_3.0.0/toolchain/bin/../lib/gcc/arm-none-eabi/4.8.4/../../../../arm-none-eabi/lib/armv6-m\libg_s.a(lib_a-signal.o)
 .ARM.attributes
                0x00000a3e       0x2c c:/freescale/kds_3.0.0/toolchain/bin/../lib/gcc/arm-none-eabi/4.8.4/../../../../arm-none-eabi/lib/armv6-m\libg_s.a(lib_a-signalr.o)
 .ARM.attributes
                0x00000a6a       0x2c c:/freescale/kds_3.0.0/toolchain/bin/../lib/gcc/arm-none-eabi/4.8.4/../../../../arm-none-eabi/lib/armv6-m\libg_s.a(lib_a-stdio.o)
 .ARM.attributes
                0x00000a96       0x2c c:/freescale/kds_3.0.0/toolchain/bin/../lib/gcc/arm-none-eabi/4.8.4/../../../../arm-none-eabi/lib/armv6-m\libg_s.a(lib_a-writer.o)
 .ARM.attributes
                0x00000ac2       0x2c c:/freescale/kds_3.0.0/toolchain/bin/../lib/gcc/arm-none-eabi/4.8.4/../../../../arm-none-eabi/lib/armv6-m\libg_s.a(lib_a-closer.o)
 .ARM.attributes
                0x00000aee       0x2c c:/freescale/kds_3.0.0/toolchain/bin/../lib/gcc/arm-none-eabi/4.8.4/../../../../arm-none-eabi/lib/armv6-m\libg_s.a(lib_a-fstatr.o)
 .ARM.attributes
                0x00000b1a       0x2c c:/freescale/kds_3.0.0/toolchain/bin/../lib/gcc/arm-none-eabi/4.8.4/../../../../arm-none-eabi/lib/armv6-m\libg_s.a(lib_a-isattyr.o)
 .ARM.attributes
                0x00000b46       0x2c c:/freescale/kds_3.0.0/toolchain/bin/../lib/gcc/arm-none-eabi/4.8.4/../../../../arm-none-eabi/lib/armv6-m\libg_s.a(lib_a-lseekr.o)
 .ARM.attributes
                0x00000b72       0x2c c:/freescale/kds_3.0.0/toolchain/bin/../lib/gcc/arm-none-eabi/4.8.4/../../../../arm-none-eabi/lib/armv6-m\libg_s.a(lib_a-readr.o)
 .ARM.attributes
                0x00000b9e       0x2c c:/freescale/kds_3.0.0/toolchain/bin/../lib/gcc/arm-none-eabi/4.8.4/../../../../arm-none-eabi/lib/armv6-m\libnosys.a(close.o)
 .ARM.attributes
                0x00000bca       0x2c c:/freescale/kds_3.0.0/toolchain/bin/../lib/gcc/arm-none-eabi/4.8.4/../../../../arm-none-eabi/lib/armv6-m\libnosys.a(fstat.o)
 .ARM.attributes
                0x00000bf6       0x2c c:/freescale/kds_3.0.0/toolchain/bin/../lib/gcc/arm-none-eabi/4.8.4/../../../../arm-none-eabi/lib/armv6-m\libnosys.a(getpid.o)
 .ARM.attributes
                0x00000c22       0x2c c:/freescale/kds_3.0.0/toolchain/bin/../lib/gcc/arm-none-eabi/4.8.4/../../../../arm-none-eabi/lib/armv6-m\libnosys.a(isatty.o)
 .ARM.attributes
                0x00000c4e       0x2c c:/freescale/kds_3.0.0/toolchain/bin/../lib/gcc/arm-none-eabi/4.8.4/../../../../arm-none-eabi/lib/armv6-m\libnosys.a(kill.o)
 .ARM.attributes
                0x00000c7a       0x2c c:/freescale/kds_3.0.0/toolchain/bin/../lib/gcc/arm-none-eabi/4.8.4/../../../../arm-none-eabi/lib/armv6-m\libnosys.a(lseek.o)
 .ARM.attributes
                0x00000ca6       0x2c c:/freescale/kds_3.0.0/toolchain/bin/../lib/gcc/arm-none-eabi/4.8.4/../../../../arm-none-eabi/lib/armv6-m\libnosys.a(sbrk.o)
 .ARM.attributes
                0x00000cd2       0x2c c:/freescale/kds_3.0.0/toolchain/bin/../lib/gcc/arm-none-eabi/4.8.4/../../../../arm-none-eabi/lib/armv6-m\libnosys.a(_exit.o)
 .ARM.attributes
                0x00000cfe       0x2c c:/freescale/kds_3.0.0/toolchain/bin/../lib/gcc/arm-none-eabi/4.8.4/armv6-m/crtend.o
 .ARM.attributes
                0x00000d2a       0x1e c:/freescale/kds_3.0.0/toolchain/bin/../lib/gcc/arm-none-eabi/4.8.4/armv6-m/crtn.o
                0x00000001                ASSERT ((__StackLimit >= __HeapLimit), region m_data overflowed with stack and heap)
OUTPUT(Lab_template.elf elf32-littlearm)

.debug_info     0x00000000    0x13f68
 .debug_info    0x00000000      0xa71 ./Utilities/fsl_debug_console.o
 .debug_info    0x00000a71      0x5eb ./Utilities/print_scan.o
 .debug_info    0x0000105c      0x52d ./Sources/Uart2.o
 .debug_info    0x00001589       0xa0 ./Sources/fsl_i2c_irq.o
 .debug_info    0x00001629      0x296 ./Project_Settings/Startup_Code/startup.o
 .debug_info    0x000018bf       0x7d ./Project_Settings/Startup_Code/startup_MKL26Z4.o
 .debug_info    0x0000193c      0x432 ./Project_Settings/Startup_Code/system_MKL26Z4.o
 .debug_info    0x00001d6e      0xa43 ./Board/board.o
 .debug_info    0x000027b1       0xe2 ./Board/hardware_init.o
 .debug_info    0x00002893      0x4e6 ./Board/pin_mux.o
 .debug_info    0x00002d79      0x934 C:/Freescale/KSDK_1.2.0/lib/ksdk_platform_lib/kds/KL26Z4/debug/libksdk_platform.a(fsl_uart_hal.o)
 .debug_info    0x000036ad     0x1a88 C:/Freescale/KSDK_1.2.0/lib/ksdk_platform_lib/kds/KL26Z4/debug/libksdk_platform.a(fsl_uart_driver.o)
 .debug_info    0x00005135      0x9e2 C:/Freescale/KSDK_1.2.0/lib/ksdk_platform_lib/kds/KL26Z4/debug/libksdk_platform.a(fsl_lpsci_hal.o)
 .debug_info    0x00005b17      0x29d C:/Freescale/KSDK_1.2.0/lib/ksdk_platform_lib/kds/KL26Z4/debug/libksdk_platform.a(fsl_i2c_shared_function.o)
 .debug_info    0x00005db4     0x25f0 C:/Freescale/KSDK_1.2.0/lib/ksdk_platform_lib/kds/KL26Z4/debug/libksdk_platform.a(fsl_clock_MKL26Z4.o)
 .debug_info    0x000083a4     0x1c61 C:/Freescale/KSDK_1.2.0/lib/ksdk_platform_lib/kds/KL26Z4/debug/libksdk_platform.a(fsl_clock_manager.o)
 .debug_info    0x0000a005      0x449 C:/Freescale/KSDK_1.2.0/lib/ksdk_platform_lib/kds/KL26Z4/debug/libksdk_platform.a(fsl_clock_manager_common.o)
 .debug_info    0x0000a44e     0x1c78 C:/Freescale/KSDK_1.2.0/lib/ksdk_platform_lib/kds/KL26Z4/debug/libksdk_platform.a(fsl_os_abstraction_bm.o)
 .debug_info    0x0000c0c6      0x277 C:/Freescale/KSDK_1.2.0/lib/ksdk_platform_lib/kds/KL26Z4/debug/libksdk_platform.a(fsl_uart_common.o)
 .debug_info    0x0000c33d      0xbe4 C:/Freescale/KSDK_1.2.0/lib/ksdk_platform_lib/kds/KL26Z4/debug/libksdk_platform.a(fsl_sim_hal_MKL26Z4.o)
 .debug_info    0x0000cf21      0x262 C:/Freescale/KSDK_1.2.0/lib/ksdk_platform_lib/kds/KL26Z4/debug/libksdk_platform.a(fsl_rtc_common.o)
 .debug_info    0x0000d183       0xef C:/Freescale/KSDK_1.2.0/lib/ksdk_platform_lib/kds/KL26Z4/debug/libksdk_platform.a(fsl_osc_hal.o)
 .debug_info    0x0000d272      0xd34 C:/Freescale/KSDK_1.2.0/lib/ksdk_platform_lib/kds/KL26Z4/debug/libksdk_platform.a(fsl_mcg_hal.o)
 .debug_info    0x0000dfa6      0xf3b C:/Freescale/KSDK_1.2.0/lib/ksdk_platform_lib/kds/KL26Z4/debug/libksdk_platform.a(fsl_mcg_hal_modes.o)
 .debug_info    0x0000eee1      0x506 C:/Freescale/KSDK_1.2.0/lib/ksdk_platform_lib/kds/KL26Z4/debug/libksdk_platform.a(fsl_lptmr_hal.o)
 .debug_info    0x0000f3e7      0x2b2 C:/Freescale/KSDK_1.2.0/lib/ksdk_platform_lib/kds/KL26Z4/debug/libksdk_platform.a(fsl_interrupt_manager.o)
 .debug_info    0x0000f699     0x1a7a C:/Freescale/KSDK_1.2.0/lib/ksdk_platform_lib/kds/KL26Z4/debug/libksdk_platform.a(fsl_i2c_slave_driver.o)
 .debug_info    0x00011113     0x1cde C:/Freescale/KSDK_1.2.0/lib/ksdk_platform_lib/kds/KL26Z4/debug/libksdk_platform.a(fsl_i2c_master_driver.o)
 .debug_info    0x00012df1      0x29b C:/Freescale/KSDK_1.2.0/lib/ksdk_platform_lib/kds/KL26Z4/debug/libksdk_platform.a(fsl_i2c_common.o)
 .debug_info    0x0001308c      0xedc C:/Freescale/KSDK_1.2.0/lib/ksdk_platform_lib/kds/KL26Z4/debug/libksdk_platform.a(fsl_i2c_hal.o)

.debug_abbrev   0x00000000     0x39cd
 .debug_abbrev  0x00000000      0x23a ./Utilities/fsl_debug_console.o
 .debug_abbrev  0x0000023a      0x1b6 ./Utilities/print_scan.o
 .debug_abbrev  0x000003f0      0x176 ./Sources/Uart2.o
 .debug_abbrev  0x00000566       0x45 ./Sources/fsl_i2c_irq.o
 .debug_abbrev  0x000005ab       0xe9 ./Project_Settings/Startup_Code/startup.o
 .debug_abbrev  0x00000694       0x14 ./Project_Settings/Startup_Code/startup_MKL26Z4.o
 .debug_abbrev  0x000006a8      0x109 ./Project_Settings/Startup_Code/system_MKL26Z4.o
 .debug_abbrev  0x000007b1      0x202 ./Board/board.o
 .debug_abbrev  0x000009b3       0x75 ./Board/hardware_init.o
 .debug_abbrev  0x00000a28      0x128 ./Board/pin_mux.o
 .debug_abbrev  0x00000b50      0x27e C:/Freescale/KSDK_1.2.0/lib/ksdk_platform_lib/kds/KL26Z4/debug/libksdk_platform.a(fsl_uart_hal.o)
 .debug_abbrev  0x00000dce      0x376 C:/Freescale/KSDK_1.2.0/lib/ksdk_platform_lib/kds/KL26Z4/debug/libksdk_platform.a(fsl_uart_driver.o)
 .debug_abbrev  0x00001144      0x228 C:/Freescale/KSDK_1.2.0/lib/ksdk_platform_lib/kds/KL26Z4/debug/libksdk_platform.a(fsl_lpsci_hal.o)
 .debug_abbrev  0x0000136c      0x177 C:/Freescale/KSDK_1.2.0/lib/ksdk_platform_lib/kds/KL26Z4/debug/libksdk_platform.a(fsl_i2c_shared_function.o)
 .debug_abbrev  0x000014e3      0x454 C:/Freescale/KSDK_1.2.0/lib/ksdk_platform_lib/kds/KL26Z4/debug/libksdk_platform.a(fsl_clock_MKL26Z4.o)
 .debug_abbrev  0x00001937      0x3d0 C:/Freescale/KSDK_1.2.0/lib/ksdk_platform_lib/kds/KL26Z4/debug/libksdk_platform.a(fsl_clock_manager.o)
 .debug_abbrev  0x00001d07       0xdb C:/Freescale/KSDK_1.2.0/lib/ksdk_platform_lib/kds/KL26Z4/debug/libksdk_platform.a(fsl_clock_manager_common.o)
 .debug_abbrev  0x00001de2      0x3f9 C:/Freescale/KSDK_1.2.0/lib/ksdk_platform_lib/kds/KL26Z4/debug/libksdk_platform.a(fsl_os_abstraction_bm.o)
 .debug_abbrev  0x000021db       0xb5 C:/Freescale/KSDK_1.2.0/lib/ksdk_platform_lib/kds/KL26Z4/debug/libksdk_platform.a(fsl_uart_common.o)
 .debug_abbrev  0x00002290      0x1bb C:/Freescale/KSDK_1.2.0/lib/ksdk_platform_lib/kds/KL26Z4/debug/libksdk_platform.a(fsl_sim_hal_MKL26Z4.o)
 .debug_abbrev  0x0000244b       0xae C:/Freescale/KSDK_1.2.0/lib/ksdk_platform_lib/kds/KL26Z4/debug/libksdk_platform.a(fsl_rtc_common.o)
 .debug_abbrev  0x000024f9       0xa8 C:/Freescale/KSDK_1.2.0/lib/ksdk_platform_lib/kds/KL26Z4/debug/libksdk_platform.a(fsl_osc_hal.o)
 .debug_abbrev  0x000025a1      0x314 C:/Freescale/KSDK_1.2.0/lib/ksdk_platform_lib/kds/KL26Z4/debug/libksdk_platform.a(fsl_mcg_hal.o)
 .debug_abbrev  0x000028b5      0x2f7 C:/Freescale/KSDK_1.2.0/lib/ksdk_platform_lib/kds/KL26Z4/debug/libksdk_platform.a(fsl_mcg_hal_modes.o)
 .debug_abbrev  0x00002bac      0x1ac C:/Freescale/KSDK_1.2.0/lib/ksdk_platform_lib/kds/KL26Z4/debug/libksdk_platform.a(fsl_lptmr_hal.o)
 .debug_abbrev  0x00002d58      0x148 C:/Freescale/KSDK_1.2.0/lib/ksdk_platform_lib/kds/KL26Z4/debug/libksdk_platform.a(fsl_interrupt_manager.o)
 .debug_abbrev  0x00002ea0      0x367 C:/Freescale/KSDK_1.2.0/lib/ksdk_platform_lib/kds/KL26Z4/debug/libksdk_platform.a(fsl_i2c_slave_driver.o)
 .debug_abbrev  0x00003207      0x3e9 C:/Freescale/KSDK_1.2.0/lib/ksdk_platform_lib/kds/KL26Z4/debug/libksdk_platform.a(fsl_i2c_master_driver.o)
 .debug_abbrev  0x000035f0       0xc4 C:/Freescale/KSDK_1.2.0/lib/ksdk_platform_lib/kds/KL26Z4/debug/libksdk_platform.a(fsl_i2c_common.o)
 .debug_abbrev  0x000036b4      0x319 C:/Freescale/KSDK_1.2.0/lib/ksdk_platform_lib/kds/KL26Z4/debug/libksdk_platform.a(fsl_i2c_hal.o)

.debug_aranges  0x00000000      0xc30
 .debug_aranges
                0x00000000       0xa0 ./Utilities/fsl_debug_console.o
 .debug_aranges
                0x000000a0       0x48 ./Utilities/print_scan.o
 .debug_aranges
                0x000000e8       0x28 ./Sources/Uart2.o
 .debug_aranges
                0x00000110       0x28 ./Sources/fsl_i2c_irq.o
 .debug_aranges
                0x00000138       0x20 ./Project_Settings/Startup_Code/startup.o
 .debug_aranges
                0x00000158       0x20 ./Project_Settings/Startup_Code/startup_MKL26Z4.o
 .debug_aranges
                0x00000178       0x28 ./Project_Settings/Startup_Code/system_MKL26Z4.o
 .debug_aranges
                0x000001a0       0x58 ./Board/board.o
 .debug_aranges
                0x000001f8       0x20 ./Board/hardware_init.o
 .debug_aranges
                0x00000218       0x98 ./Board/pin_mux.o
 .debug_aranges
                0x000002b0       0xa8 C:/Freescale/KSDK_1.2.0/lib/ksdk_platform_lib/kds/KL26Z4/debug/libksdk_platform.a(fsl_uart_hal.o)
 .debug_aranges
                0x00000358       0xa0 C:/Freescale/KSDK_1.2.0/lib/ksdk_platform_lib/kds/KL26Z4/debug/libksdk_platform.a(fsl_uart_driver.o)
 .debug_aranges
                0x000003f8       0xb0 C:/Freescale/KSDK_1.2.0/lib/ksdk_platform_lib/kds/KL26Z4/debug/libksdk_platform.a(fsl_lpsci_hal.o)
 .debug_aranges
                0x000004a8       0x20 C:/Freescale/KSDK_1.2.0/lib/ksdk_platform_lib/kds/KL26Z4/debug/libksdk_platform.a(fsl_i2c_shared_function.o)
 .debug_aranges
                0x000004c8      0x1a0 C:/Freescale/KSDK_1.2.0/lib/ksdk_platform_lib/kds/KL26Z4/debug/libksdk_platform.a(fsl_clock_MKL26Z4.o)
 .debug_aranges
                0x00000668       0x78 C:/Freescale/KSDK_1.2.0/lib/ksdk_platform_lib/kds/KL26Z4/debug/libksdk_platform.a(fsl_clock_manager.o)
 .debug_aranges
                0x000006e0       0x18 C:/Freescale/KSDK_1.2.0/lib/ksdk_platform_lib/kds/KL26Z4/debug/libksdk_platform.a(fsl_clock_manager_common.o)
 .debug_aranges
                0x000006f8      0x148 C:/Freescale/KSDK_1.2.0/lib/ksdk_platform_lib/kds/KL26Z4/debug/libksdk_platform.a(fsl_os_abstraction_bm.o)
 .debug_aranges
                0x00000840       0x18 C:/Freescale/KSDK_1.2.0/lib/ksdk_platform_lib/kds/KL26Z4/debug/libksdk_platform.a(fsl_uart_common.o)
 .debug_aranges
                0x00000858       0x90 C:/Freescale/KSDK_1.2.0/lib/ksdk_platform_lib/kds/KL26Z4/debug/libksdk_platform.a(fsl_sim_hal_MKL26Z4.o)
 .debug_aranges
                0x000008e8       0x18 C:/Freescale/KSDK_1.2.0/lib/ksdk_platform_lib/kds/KL26Z4/debug/libksdk_platform.a(fsl_rtc_common.o)
 .debug_aranges
                0x00000900       0x20 C:/Freescale/KSDK_1.2.0/lib/ksdk_platform_lib/kds/KL26Z4/debug/libksdk_platform.a(fsl_osc_hal.o)
 .debug_aranges
                0x00000920       0xa0 C:/Freescale/KSDK_1.2.0/lib/ksdk_platform_lib/kds/KL26Z4/debug/libksdk_platform.a(fsl_mcg_hal.o)
 .debug_aranges
                0x000009c0       0x68 C:/Freescale/KSDK_1.2.0/lib/ksdk_platform_lib/kds/KL26Z4/debug/libksdk_platform.a(fsl_mcg_hal_modes.o)
 .debug_aranges
                0x00000a28       0x38 C:/Freescale/KSDK_1.2.0/lib/ksdk_platform_lib/kds/KL26Z4/debug/libksdk_platform.a(fsl_lptmr_hal.o)
 .debug_aranges
                0x00000a60       0x30 C:/Freescale/KSDK_1.2.0/lib/ksdk_platform_lib/kds/KL26Z4/debug/libksdk_platform.a(fsl_interrupt_manager.o)
 .debug_aranges
                0x00000a90       0x78 C:/Freescale/KSDK_1.2.0/lib/ksdk_platform_lib/kds/KL26Z4/debug/libksdk_platform.a(fsl_i2c_slave_driver.o)
 .debug_aranges
                0x00000b08       0x98 C:/Freescale/KSDK_1.2.0/lib/ksdk_platform_lib/kds/KL26Z4/debug/libksdk_platform.a(fsl_i2c_master_driver.o)
 .debug_aranges
                0x00000ba0       0x18 C:/Freescale/KSDK_1.2.0/lib/ksdk_platform_lib/kds/KL26Z4/debug/libksdk_platform.a(fsl_i2c_common.o)
 .debug_aranges
                0x00000bb8       0x78 C:/Freescale/KSDK_1.2.0/lib/ksdk_platform_lib/kds/KL26Z4/debug/libksdk_platform.a(fsl_i2c_hal.o)

.debug_ranges   0x00000000     0x1018
 .debug_ranges  0x00000000       0x90 ./Utilities/fsl_debug_console.o
 .debug_ranges  0x00000090       0x38 ./Utilities/print_scan.o
 .debug_ranges  0x000000c8       0x18 ./Sources/Uart2.o
 .debug_ranges  0x000000e0       0x18 ./Sources/fsl_i2c_irq.o
 .debug_ranges  0x000000f8       0x10 ./Project_Settings/Startup_Code/startup.o
 .debug_ranges  0x00000108       0x18 ./Project_Settings/Startup_Code/system_MKL26Z4.o
 .debug_ranges  0x00000120       0x48 ./Board/board.o
 .debug_ranges  0x00000168       0x10 ./Board/hardware_init.o
 .debug_ranges  0x00000178       0x88 ./Board/pin_mux.o
 .debug_ranges  0x00000200       0xb0 C:/Freescale/KSDK_1.2.0/lib/ksdk_platform_lib/kds/KL26Z4/debug/libksdk_platform.a(fsl_uart_hal.o)
 .debug_ranges  0x000002b0       0xf8 C:/Freescale/KSDK_1.2.0/lib/ksdk_platform_lib/kds/KL26Z4/debug/libksdk_platform.a(fsl_uart_driver.o)
 .debug_ranges  0x000003a8       0xb8 C:/Freescale/KSDK_1.2.0/lib/ksdk_platform_lib/kds/KL26Z4/debug/libksdk_platform.a(fsl_lpsci_hal.o)
 .debug_ranges  0x00000460       0x28 C:/Freescale/KSDK_1.2.0/lib/ksdk_platform_lib/kds/KL26Z4/debug/libksdk_platform.a(fsl_i2c_shared_function.o)
 .debug_ranges  0x00000488      0x2c0 C:/Freescale/KSDK_1.2.0/lib/ksdk_platform_lib/kds/KL26Z4/debug/libksdk_platform.a(fsl_clock_MKL26Z4.o)
 .debug_ranges  0x00000748       0xe0 C:/Freescale/KSDK_1.2.0/lib/ksdk_platform_lib/kds/KL26Z4/debug/libksdk_platform.a(fsl_clock_manager.o)
 .debug_ranges  0x00000828      0x158 C:/Freescale/KSDK_1.2.0/lib/ksdk_platform_lib/kds/KL26Z4/debug/libksdk_platform.a(fsl_os_abstraction_bm.o)
 .debug_ranges  0x00000980       0x80 C:/Freescale/KSDK_1.2.0/lib/ksdk_platform_lib/kds/KL26Z4/debug/libksdk_platform.a(fsl_sim_hal_MKL26Z4.o)
 .debug_ranges  0x00000a00       0x10 C:/Freescale/KSDK_1.2.0/lib/ksdk_platform_lib/kds/KL26Z4/debug/libksdk_platform.a(fsl_osc_hal.o)
 .debug_ranges  0x00000a10       0xc8 C:/Freescale/KSDK_1.2.0/lib/ksdk_platform_lib/kds/KL26Z4/debug/libksdk_platform.a(fsl_mcg_hal.o)
 .debug_ranges  0x00000ad8       0xc0 C:/Freescale/KSDK_1.2.0/lib/ksdk_platform_lib/kds/KL26Z4/debug/libksdk_platform.a(fsl_mcg_hal_modes.o)
 .debug_ranges  0x00000b98       0x28 C:/Freescale/KSDK_1.2.0/lib/ksdk_platform_lib/kds/KL26Z4/debug/libksdk_platform.a(fsl_lptmr_hal.o)
 .debug_ranges  0x00000bc0       0x20 C:/Freescale/KSDK_1.2.0/lib/ksdk_platform_lib/kds/KL26Z4/debug/libksdk_platform.a(fsl_interrupt_manager.o)
 .debug_ranges  0x00000be0      0x1b0 C:/Freescale/KSDK_1.2.0/lib/ksdk_platform_lib/kds/KL26Z4/debug/libksdk_platform.a(fsl_i2c_slave_driver.o)
 .debug_ranges  0x00000d90      0x1b8 C:/Freescale/KSDK_1.2.0/lib/ksdk_platform_lib/kds/KL26Z4/debug/libksdk_platform.a(fsl_i2c_master_driver.o)
 .debug_ranges  0x00000f48       0xd0 C:/Freescale/KSDK_1.2.0/lib/ksdk_platform_lib/kds/KL26Z4/debug/libksdk_platform.a(fsl_i2c_hal.o)

.debug_macro    0x00000000    0x15595
 .debug_macro   0x00000000      0x2c0 ./Utilities/fsl_debug_console.o
 .debug_macro   0x000002c0      0x808 ./Utilities/fsl_debug_console.o
 .debug_macro   0x00000ac8       0x58 ./Utilities/fsl_debug_console.o
 .debug_macro   0x00000b20       0x58 ./Utilities/fsl_debug_console.o
 .debug_macro   0x00000b78       0x16 ./Utilities/fsl_debug_console.o
 .debug_macro   0x00000b8e       0x35 ./Utilities/fsl_debug_console.o
 .debug_macro   0x00000bc3       0xa3 ./Utilities/fsl_debug_console.o
 .debug_macro   0x00000c66       0x16 ./Utilities/fsl_debug_console.o
 .debug_macro   0x00000c7c       0x97 ./Utilities/fsl_debug_console.o
 .debug_macro   0x00000d13       0xef ./Utilities/fsl_debug_console.o
 .debug_macro   0x00000e02       0x4a ./Utilities/fsl_debug_console.o
 .debug_macro   0x00000e4c       0x52 ./Utilities/fsl_debug_console.o
 .debug_macro   0x00000e9e       0x16 ./Utilities/fsl_debug_console.o
 .debug_macro   0x00000eb4       0x43 ./Utilities/fsl_debug_console.o
 .debug_macro   0x00000ef7      0x180 ./Utilities/fsl_debug_console.o
 .debug_macro   0x00001077       0x10 ./Utilities/fsl_debug_console.o
 .debug_macro   0x00001087       0x22 ./Utilities/fsl_debug_console.o
 .debug_macro   0x000010a9       0xbd ./Utilities/fsl_debug_console.o
 .debug_macro   0x00001166       0x16 ./Utilities/fsl_debug_console.o
 .debug_macro   0x0000117c      0x14a ./Utilities/fsl_debug_console.o
 .debug_macro   0x000012c6       0x16 ./Utilities/fsl_debug_console.o
 .debug_macro   0x000012dc       0x35 ./Utilities/fsl_debug_console.o
 .debug_macro   0x00001311       0x22 ./Utilities/fsl_debug_console.o
 .debug_macro   0x00001333       0x11 ./Utilities/fsl_debug_console.o
 .debug_macro   0x00001344       0x16 ./Utilities/fsl_debug_console.o
 .debug_macro   0x0000135a      0x20f ./Utilities/fsl_debug_console.o
 .debug_macro   0x00001569       0x3a ./Utilities/fsl_debug_console.o
 .debug_macro   0x000015a3       0x3a ./Utilities/fsl_debug_console.o
 .debug_macro   0x000015dd       0x1f ./Utilities/fsl_debug_console.o
 .debug_macro   0x000015fc      0x250 ./Utilities/fsl_debug_console.o
 .debug_macro   0x0000184c       0x77 ./Utilities/fsl_debug_console.o
 .debug_macro   0x000018c3     0x8bcc ./Utilities/fsl_debug_console.o
 .debug_macro   0x0000a48f       0x82 ./Utilities/fsl_debug_console.o
 .debug_macro   0x0000a511     0x84a8 ./Utilities/fsl_debug_console.o
 .debug_macro   0x000129b9     0x10f4 ./Utilities/fsl_debug_console.o
 .debug_macro   0x00013aad       0x22 ./Utilities/fsl_debug_console.o
 .debug_macro   0x00013acf       0x44 ./Utilities/fsl_debug_console.o
 .debug_macro   0x00013b13       0x22 ./Utilities/fsl_debug_console.o
 .debug_macro   0x00013b35       0x16 ./Utilities/fsl_debug_console.o
 .debug_macro   0x00013b4b       0x10 ./Utilities/fsl_debug_console.o
 .debug_macro   0x00013b5b       0x11 ./Utilities/fsl_debug_console.o
 .debug_macro   0x00013b6c       0x10 ./Utilities/fsl_debug_console.o
 .debug_macro   0x00013b7c       0x10 ./Utilities/fsl_debug_console.o
 .debug_macro   0x00013b8c      0x2a6 ./Utilities/fsl_debug_console.o
 .debug_macro   0x00013e32       0x10 ./Utilities/fsl_debug_console.o
 .debug_macro   0x00013e42      0x257 ./Utilities/print_scan.o
 .debug_macro   0x00014099       0x10 ./Utilities/print_scan.o
 .debug_macro   0x000140a9       0x52 ./Utilities/print_scan.o
 .debug_macro   0x000140fb       0x94 ./Utilities/print_scan.o
 .debug_macro   0x0001418f      0x25b ./Sources/Uart2.o
 .debug_macro   0x000143ea       0x4c ./Sources/Uart2.o
 .debug_macro   0x00014436       0x22 ./Sources/Uart2.o
 .debug_macro   0x00014458      0x22b ./Sources/Uart2.o
 .debug_macro   0x00014683       0x10 ./Sources/Uart2.o
 .debug_macro   0x00014693       0x28 ./Sources/Uart2.o
 .debug_macro   0x000146bb       0x1c ./Sources/Uart2.o
 .debug_macro   0x000146d7      0x167 ./Sources/fsl_i2c_irq.o
 .debug_macro   0x0001483e       0x44 ./Sources/fsl_i2c_irq.o
 .debug_macro   0x00014882      0x209 ./Sources/fsl_i2c_irq.o
 .debug_macro   0x00014a8b      0x10e ./Sources/fsl_i2c_irq.o
 .debug_macro   0x00014b99       0x7f ./Sources/fsl_i2c_irq.o
 .debug_macro   0x00014c18       0x7c ./Sources/fsl_i2c_irq.o
 .debug_macro   0x00014c94      0x167 ./Project_Settings/Startup_Code/startup.o
 .debug_macro   0x00014dfb      0x158 ./Project_Settings/Startup_Code/system_MKL26Z4.o
 .debug_macro   0x00014f53      0x269 ./Board/board.o
 .debug_macro   0x000151bc      0x256 ./Board/hardware_init.o
 .debug_macro   0x00015412      0x183 ./Board/pin_mux.o

.debug_line     0x00000000     0x7c61
 .debug_line    0x00000000      0x7aa ./Utilities/fsl_debug_console.o
 .debug_line    0x000007aa      0x64a ./Utilities/print_scan.o
 .debug_line    0x00000df4      0x578 ./Sources/Uart2.o
 .debug_line    0x0000136c      0x384 ./Sources/fsl_i2c_irq.o
 .debug_line    0x000016f0      0x357 ./Project_Settings/Startup_Code/startup.o
 .debug_line    0x00001a47       0x6c ./Project_Settings/Startup_Code/startup_MKL26Z4.o
 .debug_line    0x00001ab3      0x37a ./Project_Settings/Startup_Code/system_MKL26Z4.o
 .debug_line    0x00001e2d      0x675 ./Board/board.o
 .debug_line    0x000024a2      0x5c9 ./Board/hardware_init.o
 .debug_line    0x00002a6b      0x522 ./Board/pin_mux.o
 .debug_line    0x00002f8d      0x38a C:/Freescale/KSDK_1.2.0/lib/ksdk_platform_lib/kds/KL26Z4/debug/libksdk_platform.a(fsl_uart_hal.o)
 .debug_line    0x00003317      0x600 C:/Freescale/KSDK_1.2.0/lib/ksdk_platform_lib/kds/KL26Z4/debug/libksdk_platform.a(fsl_uart_driver.o)
 .debug_line    0x00003917      0x3d7 C:/Freescale/KSDK_1.2.0/lib/ksdk_platform_lib/kds/KL26Z4/debug/libksdk_platform.a(fsl_lpsci_hal.o)
 .debug_line    0x00003cee      0x1a4 C:/Freescale/KSDK_1.2.0/lib/ksdk_platform_lib/kds/KL26Z4/debug/libksdk_platform.a(fsl_i2c_shared_function.o)
 .debug_line    0x00003e92      0x96c C:/Freescale/KSDK_1.2.0/lib/ksdk_platform_lib/kds/KL26Z4/debug/libksdk_platform.a(fsl_clock_MKL26Z4.o)
 .debug_line    0x000047fe      0x614 C:/Freescale/KSDK_1.2.0/lib/ksdk_platform_lib/kds/KL26Z4/debug/libksdk_platform.a(fsl_clock_manager.o)
 .debug_line    0x00004e12      0x14e C:/Freescale/KSDK_1.2.0/lib/ksdk_platform_lib/kds/KL26Z4/debug/libksdk_platform.a(fsl_clock_manager_common.o)
 .debug_line    0x00004f60      0x749 C:/Freescale/KSDK_1.2.0/lib/ksdk_platform_lib/kds/KL26Z4/debug/libksdk_platform.a(fsl_os_abstraction_bm.o)
 .debug_line    0x000056a9       0xf6 C:/Freescale/KSDK_1.2.0/lib/ksdk_platform_lib/kds/KL26Z4/debug/libksdk_platform.a(fsl_uart_common.o)
 .debug_line    0x0000579f      0x343 C:/Freescale/KSDK_1.2.0/lib/ksdk_platform_lib/kds/KL26Z4/debug/libksdk_platform.a(fsl_sim_hal_MKL26Z4.o)
 .debug_line    0x00005ae2       0xf4 C:/Freescale/KSDK_1.2.0/lib/ksdk_platform_lib/kds/KL26Z4/debug/libksdk_platform.a(fsl_rtc_common.o)
 .debug_line    0x00005bd6       0xfe C:/Freescale/KSDK_1.2.0/lib/ksdk_platform_lib/kds/KL26Z4/debug/libksdk_platform.a(fsl_osc_hal.o)
 .debug_line    0x00005cd4      0x3e7 C:/Freescale/KSDK_1.2.0/lib/ksdk_platform_lib/kds/KL26Z4/debug/libksdk_platform.a(fsl_mcg_hal.o)
 .debug_line    0x000060bb      0x45f C:/Freescale/KSDK_1.2.0/lib/ksdk_platform_lib/kds/KL26Z4/debug/libksdk_platform.a(fsl_mcg_hal_modes.o)
 .debug_line    0x0000651a      0x19e C:/Freescale/KSDK_1.2.0/lib/ksdk_platform_lib/kds/KL26Z4/debug/libksdk_platform.a(fsl_lptmr_hal.o)
 .debug_line    0x000066b8      0x1dd C:/Freescale/KSDK_1.2.0/lib/ksdk_platform_lib/kds/KL26Z4/debug/libksdk_platform.a(fsl_interrupt_manager.o)
 .debug_line    0x00006895      0x756 C:/Freescale/KSDK_1.2.0/lib/ksdk_platform_lib/kds/KL26Z4/debug/libksdk_platform.a(fsl_i2c_slave_driver.o)
 .debug_line    0x00006feb      0x6e1 C:/Freescale/KSDK_1.2.0/lib/ksdk_platform_lib/kds/KL26Z4/debug/libksdk_platform.a(fsl_i2c_master_driver.o)
 .debug_line    0x000076cc       0xf4 C:/Freescale/KSDK_1.2.0/lib/ksdk_platform_lib/kds/KL26Z4/debug/libksdk_platform.a(fsl_i2c_common.o)
 .debug_line    0x000077c0      0x4a1 C:/Freescale/KSDK_1.2.0/lib/ksdk_platform_lib/kds/KL26Z4/debug/libksdk_platform.a(fsl_i2c_hal.o)

.debug_str      0x00000000    0xb30a2
 .debug_str     0x00000000    0xabd5f ./Utilities/fsl_debug_console.o
                              0xac2fe (size before relaxing)
 .debug_str     0x000abd5f      0x8a8 ./Utilities/print_scan.o
                               0x678d (size before relaxing)
 .debug_str     0x000ac607      0xea3 ./Sources/Uart2.o
                              0xab772 (size before relaxing)
 .debug_str     0x000ad4aa       0x58 ./Sources/fsl_i2c_irq.o
                              0xa9a2c (size before relaxing)
 .debug_str     0x000ad502      0x12f ./Project_Settings/Startup_Code/startup.o
                              0xa9b29 (size before relaxing)
 .debug_str     0x000ad631      0x182 ./Project_Settings/Startup_Code/system_MKL26Z4.o
                              0xa9b8d (size before relaxing)
 .debug_str     0x000ad7b3      0x73e ./Board/board.o
                              0xab3ed (size before relaxing)
 .debug_str     0x000adef1       0x27 ./Board/hardware_init.o
                              0xaaad3 (size before relaxing)
 .debug_str     0x000adf18      0x1a7 ./Board/pin_mux.o
                              0xa9d6d (size before relaxing)
 .debug_str     0x000ae0bf      0x5de C:/Freescale/KSDK_1.2.0/lib/ksdk_platform_lib/kds/KL26Z4/debug/libksdk_platform.a(fsl_uart_hal.o)